Component: ARM Compiler 6.12 Tool: armlink [5d624300]

==============================================================================

Section Cross References

    startup_stm32f429xx.o(RESET) refers to startup_stm32f429xx.o(STACK) for __initial_sp
    startup_stm32f429xx.o(RESET) refers to startup_stm32f429xx.o(.text) for Reset_Handler
    startup_stm32f429xx.o(RESET) refers to stm32f4xx_it.o(.text.NMI_Handler) for NMI_Handler
    startup_stm32f429xx.o(RESET) refers to stm32f4xx_it.o(.text.HardFault_Handler) for HardFault_Handler
    startup_stm32f429xx.o(RESET) refers to stm32f4xx_it.o(.text.MemManage_Handler) for MemManage_Handler
    startup_stm32f429xx.o(RESET) refers to stm32f4xx_it.o(.text.BusFault_Handler) for BusFault_Handler
    startup_stm32f429xx.o(RESET) refers to stm32f4xx_it.o(.text.UsageFault_Handler) for UsageFault_Handler
    startup_stm32f429xx.o(RESET) refers to stm32f4xx_it.o(.text.SVC_Handler) for SVC_Handler
    startup_stm32f429xx.o(RESET) refers to stm32f4xx_it.o(.text.DebugMon_Handler) for DebugMon_Handler
    startup_stm32f429xx.o(RESET) refers to stm32f4xx_it.o(.text.PendSV_Handler) for PendSV_Handler
    startup_stm32f429xx.o(RESET) refers to stm32f4xx_it.o(.text.SysTick_Handler) for SysTick_Handler
    startup_stm32f429xx.o(.text) refers to system_stm32f4xx.o(.text.SystemInit) for SystemInit
    startup_stm32f429xx.o(.text) refers to entry.o(.ARM.Collect$$$$00000000) for __main
    main.o(.text.main) refers to stm32f4xx_hal.o(.text.HAL_Init) for HAL_Init
    main.o(.text.main) refers to main.o(.text.SystemClock_Config) for SystemClock_Config
    main.o(.text.main) refers to stm32f4xx_hal_dma2d.o(.text.HAL_DMA2D_Init) for HAL_DMA2D_Init
    main.o(.text.main) refers to stm32f4xx_hal_dma2d.o(.text.HAL_DMA2D_ConfigLayer) for HAL_DMA2D_ConfigLayer
    main.o(.text.main) refers to stm32f4xx_hal_sdram.o(.text.HAL_SDRAM_Init) for HAL_SDRAM_Init
    main.o(.text.main) refers to stm32f4xx_hal_i2c.o(.text.HAL_I2C_Init) for HAL_I2C_Init
    main.o(.text.main) refers to stm32f4xx_hal_i2c_ex.o(.text.HAL_I2CEx_ConfigAnalogFilter) for HAL_I2CEx_ConfigAnalogFilter
    main.o(.text.main) refers to stm32f4xx_hal_i2c_ex.o(.text.HAL_I2CEx_ConfigDigitalFilter) for HAL_I2CEx_ConfigDigitalFilter
    main.o(.text.main) refers to memseta.o(.text) for __aeabi_memclr4
    main.o(.text.main) refers to stm32f4xx_hal_ltdc.o(.text.HAL_LTDC_Init) for HAL_LTDC_Init
    main.o(.text.main) refers to stm32f4xx_hal_ltdc.o(.text.HAL_LTDC_ConfigLayer) for HAL_LTDC_ConfigLayer
    main.o(.text.main) refers to stm32f4xx_hal_spi.o(.text.HAL_SPI_Init) for HAL_SPI_Init
    main.o(.text.main) refers to stm32f429i_discovery_lcd.o(.text.BSP_LCD_Init) for BSP_LCD_Init
    main.o(.text.main) refers to stm32f429i_discovery_lcd.o(.text.BSP_LCD_LayerDefaultInit) for BSP_LCD_LayerDefaultInit
    main.o(.text.main) refers to stm32f429i_discovery_lcd.o(.text.BSP_LCD_SelectLayer) for BSP_LCD_SelectLayer
    main.o(.text.main) refers to stm32f429i_discovery_lcd.o(.text.BSP_LCD_DisplayOn) for BSP_LCD_DisplayOn
    main.o(.text.main) refers to stm32f429i_discovery_lcd.o(.text.BSP_LCD_Clear) for BSP_LCD_Clear
    main.o(.text.main) refers to stm32f429i_discovery_lcd.o(.text.BSP_LCD_SetTextColor) for BSP_LCD_SetTextColor
    main.o(.text.main) refers to stm32f429i_discovery_lcd.o(.text.BSP_LCD_DisplayStringAtLine) for BSP_LCD_DisplayStringAtLine
    main.o(.text.main) refers to stm32f4xx_hal.o(.text.HAL_Delay) for HAL_Delay
    main.o(.text.main) refers to main.o(.bss..L_MergedGlobals) for [Anonymous Symbol]
    main.o(.text.main) refers to main.o(.bss.hi2c3) for hi2c3
    main.o(.text.main) refers to main.o(.bss.hltdc) for hltdc
    main.o(.text.main) refers to main.o(.bss.hspi5) for hspi5
    main.o(.ARM.exidx.text.main) refers to main.o(.text.main) for [Anonymous Symbol]
    main.o(.text.SystemClock_Config) refers to memseta.o(.text) for __aeabi_memclr4
    main.o(.text.SystemClock_Config) refers to stm32f4xx_hal_rcc.o(.text.HAL_RCC_OscConfig) for HAL_RCC_OscConfig
    main.o(.text.SystemClock_Config) refers to stm32f4xx_hal_rcc.o(.text.HAL_RCC_ClockConfig) for HAL_RCC_ClockConfig
    main.o(.text.SystemClock_Config) refers to stm32f4xx_hal_rcc_ex.o(.text.HAL_RCCEx_PeriphCLKConfig) for HAL_RCCEx_PeriphCLKConfig
    main.o(.ARM.exidx.text.SystemClock_Config) refers to main.o(.text.SystemClock_Config) for [Anonymous Symbol]
    main.o(.ARM.exidx.text.Error_Handler) refers to main.o(.text.Error_Handler) for [Anonymous Symbol]
    stm32f4xx_it.o(.ARM.exidx.text.NMI_Handler) refers to stm32f4xx_it.o(.text.NMI_Handler) for [Anonymous Symbol]
    stm32f4xx_it.o(.ARM.exidx.text.HardFault_Handler) refers to stm32f4xx_it.o(.text.HardFault_Handler) for [Anonymous Symbol]
    stm32f4xx_it.o(.ARM.exidx.text.MemManage_Handler) refers to stm32f4xx_it.o(.text.MemManage_Handler) for [Anonymous Symbol]
    stm32f4xx_it.o(.ARM.exidx.text.BusFault_Handler) refers to stm32f4xx_it.o(.text.BusFault_Handler) for [Anonymous Symbol]
[...]
    Removing stm32f429i_discovery_lcd.o(.text.BSP_LCD_SetTransparency), (12 bytes).
    Removing stm32f429i_discovery_lcd.o(.ARM.exidx.text.BSP_LCD_SetTransparency), (8 bytes).
    Removing stm32f429i_discovery_lcd.o(.text.BSP_LCD_SetTransparency_NoReload), (12 bytes).
    Removing stm32f429i_discovery_lcd.o(.ARM.exidx.text.BSP_LCD_SetTransparency_NoReload), (8 bytes).
    Removing stm32f429i_discovery_lcd.o(.text.BSP_LCD_SetLayerAddress), (12 bytes).
    Removing stm32f429i_discovery_lcd.o(.ARM.exidx.text.BSP_LCD_SetLayerAddress), (8 bytes).
    Removing stm32f429i_discovery_lcd.o(.text.BSP_LCD_SetLayerAddress_NoReload), (12 bytes).
    Removing stm32f429i_discovery_lcd.o(.ARM.exidx.text.BSP_LCD_SetLayerAddress_NoReload), (8 bytes).
    Removing stm32f429i_discovery_lcd.o(.text.BSP_LCD_SetLayerWindow), (44 bytes).
    Removing stm32f429i_discovery_lcd.o(.ARM.exidx.text.BSP_LCD_SetLayerWindow), (8 bytes).
    Removing stm32f429i_discovery_lcd.o(.text.BSP_LCD_SetLayerWindow_NoReload), (44 bytes).
    Removing stm32f429i_discovery_lcd.o(.ARM.exidx.text.BSP_LCD_SetLayerWindow_NoReload), (8 bytes).
    Removing stm32f429i_discovery_lcd.o(.text.BSP_LCD_SetColorKeying), (32 bytes).
    Removing stm32f429i_discovery_lcd.o(.ARM.exidx.text.BSP_LCD_SetColorKeying), (8 bytes).
    Removing stm32f429i_discovery_lcd.o(.text.BSP_LCD_SetColorKeying_NoReload), (32 bytes).
    Removing stm32f429i_discovery_lcd.o(.ARM.exidx.text.BSP_LCD_SetColorKeying_NoReload), (8 bytes).
    Removing stm32f429i_discovery_lcd.o(.text.BSP_LCD_ResetColorKeying), (12 bytes).
    Removing stm32f429i_discovery_lcd.o(.ARM.exidx.text.BSP_LCD_ResetColorKeying), (8 bytes).
    Removing stm32f429i_discovery_lcd.o(.text.BSP_LCD_ResetColorKeying_NoReload), (12 bytes).
    Removing stm32f429i_discovery_lcd.o(.ARM.exidx.text.BSP_LCD_ResetColorKeying_NoReload), (8 bytes).
    Removing stm32f429i_discovery_lcd.o(.text.BSP_LCD_Relaod), (12 bytes).
    Removing stm32f429i_discovery_lcd.o(.ARM.exidx.text.BSP_LCD_Relaod), (8 bytes).
    Removing stm32f429i_discovery_lcd.o(.text.BSP_LCD_GetTextColor), (20 bytes).
    Removing stm32f429i_discovery_lcd.o(.ARM.exidx.text.BSP_LCD_GetTextColor), (8 bytes).
    Removing stm32f429i_discovery_lcd.o(.text.BSP_LCD_GetBackColor), (20 bytes).
    Removing stm32f429i_discovery_lcd.o(.ARM.exidx.text.BSP_LCD_GetBackColor), (8 bytes).
    Removing stm32f429i_discovery_lcd.o(.ARM.exidx.text.BSP_LCD_SetTextColor), (8 bytes).
    Removing stm32f429i_discovery_lcd.o(.text.BSP_LCD_SetBackColor), (20 bytes).
    Removing stm32f429i_discovery_lcd.o(.ARM.exidx.text.BSP_LCD_SetBackColor), (8 bytes).
    Removing stm32f429i_discovery_lcd.o(.text.BSP_LCD_GetFont), (20 bytes).
    Removing stm32f429i_discovery_lcd.o(.ARM.exidx.text.BSP_LCD_GetFont), (8 bytes).
    Removing stm32f429i_discovery_lcd.o(.text.BSP_LCD_ReadPixel), (140 bytes).
    Removing stm32f429i_discovery_lcd.o(.ARM.exidx.text.BSP_LCD_ReadPixel), (8 bytes).
    Removing stm32f429i_discovery_lcd.o(.ARM.exidx.text.BSP_LCD_Clear), (8 bytes).
    Removing stm32f429i_discovery_lcd.o(.ARM.exidx.text.FillBuffer), (8 bytes).
    Removing stm32f429i_discovery_lcd.o(.text.BSP_LCD_ClearStringLine), (88 bytes).
    Removing stm32f429i_discovery_lcd.o(.ARM.exidx.text.BSP_LCD_ClearStringLine), (8 bytes).
    Removing stm32f429i_discovery_lcd.o(.text.BSP_LCD_FillRect), (92 bytes).
    Removing stm32f429i_discovery_lcd.o(.ARM.exidx.text.BSP_LCD_FillRect), (8 bytes).
    Removing stm32f429i_discovery_lcd.o(.ARM.exidx.text.BSP_LCD_DisplayChar), (8 bytes).
    Removing stm32f429i_discovery_lcd.o(.ARM.exidx.text.BSP_LCD_DisplayStringAt), (8 bytes).
    Removing stm32f429i_discovery_lcd.o(.ARM.exidx.text.BSP_LCD_DisplayStringAtLine), (8 bytes).
    Removing stm32f429i_discovery_lcd.o(.text.BSP_LCD_DrawHLine), (80 bytes).
    Removing stm32f429i_discovery_lcd.o(.ARM.exidx.text.BSP_LCD_DrawHLine), (8 bytes).
    Removing stm32f429i_discovery_lcd.o(.text.BSP_LCD_DrawVLine), (88 bytes).
    Removing stm32f429i_discovery_lcd.o(.ARM.exidx.text.BSP_LCD_DrawVLine), (8 bytes).
    Removing stm32f429i_discovery_lcd.o(.text.BSP_LCD_DrawLine), (184 bytes).
    Removing stm32f429i_discovery_lcd.o(.ARM.exidx.text.BSP_LCD_DrawLine), (8 bytes).
    Removing stm32f429i_discovery_lcd.o(.ARM.exidx.text.BSP_LCD_DrawPixel), (8 bytes).
    Removing stm32f429i_discovery_lcd.o(.text.BSP_LCD_DrawRect), (52 bytes).
    Removing stm32f429i_discovery_lcd.o(.ARM.exidx.text.BSP_LCD_DrawRect), (8 bytes).
    Removing stm32f429i_discovery_lcd.o(.text.BSP_LCD_DrawCircle), (280 bytes).
    Removing stm32f429i_discovery_lcd.o(.ARM.exidx.text.BSP_LCD_DrawCircle), (8 bytes).
    Removing stm32f429i_discovery_lcd.o(.text.BSP_LCD_DrawPolygon), (60 bytes).
    Removing stm32f429i_discovery_lcd.o(.ARM.exidx.text.BSP_LCD_DrawPolygon), (8 bytes).
    Removing stm32f429i_discovery_lcd.o(.text.BSP_LCD_DrawEllipse), (264 bytes).
    Removing stm32f429i_discovery_lcd.o(.ARM.exidx.text.BSP_LCD_DrawEllipse), (8 bytes).
    Removing stm32f429i_discovery_lcd.o(.text.BSP_LCD_DrawBitmap), (232 bytes).
    Removing stm32f429i_discovery_lcd.o(.ARM.exidx.text.BSP_LCD_DrawBitmap), (8 bytes).
    Removing stm32f429i_discovery_lcd.o(.text.BSP_LCD_FillCircle), (160 bytes).
    Removing stm32f429i_discovery_lcd.o(.ARM.exidx.text.BSP_LCD_FillCircle), (8 bytes).
    Removing stm32f429i_discovery_lcd.o(.text.BSP_LCD_FillTriangle), (174 bytes).
    Removing stm32f429i_discovery_lcd.o(.ARM.exidx.text.BSP_LCD_FillTriangle), (8 bytes).
    Removing stm32f429i_discovery_lcd.o(.text.BSP_LCD_FillPolygon), (284 bytes).
    Removing stm32f429i_discovery_lcd.o(.ARM.exidx.text.BSP_LCD_FillPolygon), (8 bytes).
    Removing stm32f429i_discovery_lcd.o(.text.BSP_LCD_FillEllipse), (166 bytes).
    Removing stm32f429i_discovery_lcd.o(.ARM.exidx.text.BSP_LCD_FillEllipse), (8 bytes).
    Removing stm32f429i_discovery_lcd.o(.ARM.exidx.text.BSP_LCD_DisplayOn), (8 bytes).
    Removing stm32f429i_discovery_lcd.o(.text.BSP_LCD_DisplayOff), (16 bytes).
    Removing stm32f429i_discovery_lcd.o(.ARM.exidx.text.BSP_LCD_DisplayOff), (8 bytes).
    Removing stm32f429i_discovery_lcd.o(.rodata.Font20_Table), (3800 bytes).
    Removing stm32f429i_discovery_lcd.o(.data.Font20), (8 bytes).
    Removing stm32f429i_discovery_lcd.o(.rodata.Font16_Table), (3040 bytes).
    Removing stm32f429i_discovery_lcd.o(.data.Font16), (8 bytes).
    Removing stm32f429i_discovery_lcd.o(.rodata.Font12_Table), (1140 bytes).
    Removing stm32f429i_discovery_lcd.o(.data.Font12), (8 bytes).
    Removing stm32f429i_discovery_lcd.o(.rodata.Font8_Table), (760 bytes).
    Removing stm32f429i_discovery_lcd.o(.data.Font8), (8 bytes).
    Removing stm32f429i_discovery_sdram.o(.text), (0 bytes).
    Removing stm32f429i_discovery_sdram.o(.ARM.exidx.text.BSP_SDRAM_Init), (8 bytes).
    Removing stm32f429i_discovery_sdram.o(.ARM.exidx.text.BSP_SDRAM_MspInit), (8 bytes).
    Removing stm32f429i_discovery_sdram.o(.ARM.exidx.text.BSP_SDRAM_Initialization_sequence), (8 bytes).
    Removing stm32f429i_discovery_sdram.o(.text.BSP_SDRAM_ReadData), (28 bytes).
    Removing stm32f429i_discovery_sdram.o(.ARM.exidx.text.BSP_SDRAM_ReadData), (8 bytes).
    Removing stm32f429i_discovery_sdram.o(.text.BSP_SDRAM_ReadData_DMA), (28 bytes).
    Removing stm32f429i_discovery_sdram.o(.ARM.exidx.text.BSP_SDRAM_ReadData_DMA), (8 bytes).
    Removing stm32f429i_discovery_sdram.o(.text.BSP_SDRAM_WriteData), (48 bytes).
    Removing stm32f429i_discovery_sdram.o(.ARM.exidx.text.BSP_SDRAM_WriteData), (8 bytes).
    Removing stm32f429i_discovery_sdram.o(.text.BSP_SDRAM_WriteData_DMA), (28 bytes).
    Removing stm32f429i_discovery_sdram.o(.ARM.exidx.text.BSP_SDRAM_WriteData_DMA), (8 bytes).
    Removing stm32f429i_discovery_sdram.o(.text.BSP_SDRAM_Sendcmd), (28 bytes).
    Removing stm32f429i_discovery_sdram.o(.ARM.exidx.text.BSP_SDRAM_Sendcmd), (8 bytes).
    Removing stm32f429i_discovery_sdram.o(.text.BSP_SDRAM_DMA_IRQHandler), (12 bytes).
    Removing stm32f429i_discovery_sdram.o(.ARM.exidx.text.BSP_SDRAM_DMA_IRQHandler), (8 bytes).
    Removing stm32f429i_discovery_sdram.o(.text.BSP_SDRAM_MspDeInit), (36 bytes).
    Removing stm32f429i_discovery_sdram.o(.ARM.exidx.text.BSP_SDRAM_MspDeInit), (8 bytes).
    Removing stm32f429i_discovery_sdram.o(.bss.BSP_SDRAM_MspDeInit.dma_handle), (96 bytes).
    Removing ili9341.o(.text), (0 bytes).
    Removing ili9341.o(.ARM.exidx.text.ili9341_Init), (8 bytes).
    Removing ili9341.o(.ARM.exidx.text.ili9341_ReadID), (8 bytes).
    Removing ili9341.o(.ARM.exidx.text.ili9341_DisplayOn), (8 bytes).
    Removing ili9341.o(.ARM.exidx.text.ili9341_DisplayOff), (8 bytes).
    Removing ili9341.o(.ARM.exidx.text.ili9341_GetLcdPixelWidth), (8 bytes).
    Removing ili9341.o(.ARM.exidx.text.ili9341_GetLcdPixelHeight), (8 bytes).
    Removing ili9341.o(.text.ili9341_WriteReg), (4 bytes).
    Removing ili9341.o(.ARM.exidx.text.ili9341_WriteReg), (8 bytes).
    Removing ili9341.o(.ARM.exidx.text.ili9341_WriteData), (8 bytes).
    Removing ili9341.o(.text.ili9341_ReadData), (4 bytes).
    Removing ili9341.o(.ARM.exidx.text.ili9341_ReadData), (8 bytes).

990 unused section(s) (total 47710 bytes) removed from the image.

==============================================================================

Image Symbol Table

    Local Symbols

    Symbol Name                              Value     Ov Type        Size  Object(Section)

    ../clib/microlib/division.c              0x00000000   Number         0  uldiv.o ABSOLUTE
    ../clib/microlib/init/entry.s            0x00000000   Number         0  entry.o ABSOLUTE
    ../clib/microlib/init/entry.s            0x00000000   Number         0  entry2.o ABSOLUTE
    ../clib/microlib/init/entry.s            0x00000000   Number         0  entry5.o ABSOLUTE
    ../clib/microlib/init/entry.s            0x00000000   Number         0  entry7a.o ABSOLUTE
    ../clib/microlib/init/entry.s            0x00000000   Number         0  entry7b.o ABSOLUTE
    ../clib/microlib/init/entry.s            0x00000000   Number         0  entry8a.o ABSOLUTE
    ../clib/microlib/init/entry.s            0x00000000   Number         0  entry8b.o ABSOLUTE
    ../clib/microlib/init/entry.s            0x00000000   Number         0  entry9a.o ABSOLUTE
    ../clib/microlib/init/entry.s            0x00000000   Number         0  entry9b.o ABSOLUTE
    ../clib/microlib/init/entry.s            0x00000000   Number         0  entry10a.o ABSOLUTE
    ../clib/microlib/init/entry.s            0x00000000   Number         0  entry10b.o ABSOLUTE
    ../clib/microlib/init/entry.s            0x00000000   Number         0  entry11a.o ABSOLUTE
    ../clib/microlib/init/entry.s            0x00000000   Number         0  entry11b.o ABSOLUTE
    ../clib/microlib/longlong.c              0x00000000   Number         0  llshl.o ABSOLUTE
    ../clib/microlib/longlong.c              0x00000000   Number         0  llushr.o ABSOLUTE
    ../clib/microlib/string/memcpy.c         0x00000000   Number         0  memcpya.o ABSOLUTE
    ../clib/microlib/string/memcpy.c         0x00000000   Number         0  memcpyb.o ABSOLUTE
    ../clib/microlib/string/memset.c         0x00000000   Number         0  memseta.o ABSOLUTE
    dc.s                                     0x00000000   Number         0  dc.o ABSOLUTE
    handlers.s                               0x00000000   Number         0  handlers.o ABSOLUTE
    ili9341.c                                0x00000000   Number         0  ili9341.o ABSOLUTE
    init.s                                   0x00000000   Number         0  init.o ABSOLUTE
    main.c                                   0x00000000   Number         0  main.o ABSOLUTE
    startup_stm32f429xx.s                    0x00000000   Number         0  startup_stm32f429xx.o ABSOLUTE
    stm32f429i_discovery.c                   0x00000000   Number         0  stm32f429i_discovery.o ABSOLUTE
    stm32f429i_discovery_lcd.c               0x00000000   Number         0  stm32f429i_discovery_lcd.o ABSOLUTE
    stm32f429i_discovery_sdram.c             0x00000000   Number         0  stm32f429i_discovery_sdram.o ABSOLUTE
    stm32f4xx_hal.c                          0x00000000   Number         0  stm32f4xx_hal.o ABSOLUTE
    stm32f4xx_hal_cortex.c                   0x00000000   Number         0  stm32f4xx_hal_cortex.o ABSOLUTE
    stm32f4xx_hal_dma.c                      0x00000000   Number         0  stm32f4xx_hal_dma.o ABSOLUTE
    stm32f4xx_hal_dma2d.c                    0x00000000   Number         0  stm32f4xx_hal_dma2d.o ABSOLUTE
    stm32f4xx_hal_dma_ex.c                   0x00000000   Number         0  stm32f4xx_hal_dma_ex.o ABSOLUTE
    stm32f4xx_hal_dsi.c                      0x00000000   Number         0  stm32f4xx_hal_dsi.o ABSOLUTE
    stm32f4xx_hal_exti.c                     0x00000000   Number         0  stm32f4xx_hal_exti.o ABSOLUTE
    stm32f4xx_hal_flash.c                    0x00000000   Number         0  stm32f4xx_hal_flash.o ABSOLUTE
    stm32f4xx_hal_flash_ex.c                 0x00000000   Number         0  stm32f4xx_hal_flash_ex.o ABSOLUTE
    stm32f4xx_hal_flash_ramfunc.c            0x00000000   Number         0  stm32f4xx_hal_flash_ramfunc.o ABSOLUTE
    stm32f4xx_hal_gpio.c                     0x00000000   Number         0  stm32f4xx_hal_gpio.o ABSOLUTE
    stm32f4xx_hal_i2c.c                      0x00000000   Number         0  stm32f4xx_hal_i2c.o ABSOLUTE
    stm32f4xx_hal_i2c_ex.c                   0x00000000   Number         0  stm32f4xx_hal_i2c_ex.o ABSOLUTE
    stm32f4xx_hal_ltdc.c                     0x00000000   Number         0  stm32f4xx_hal_ltdc.o ABSOLUTE
    stm32f4xx_hal_ltdc_ex.c                  0x00000000   Number         0  stm32f4xx_hal_ltdc_ex.o ABSOLUTE
    stm32f4xx_hal_msp.c                      0x00000000   Number         0  stm32f4xx_hal_msp.o ABSOLUTE
    stm32f4xx_hal_pwr.c                      0x00000000   Number         0  stm32f4xx_hal_pwr.o ABSOLUTE
    stm32f4xx_hal_pwr_ex.c                   0x00000000   Number         0  stm32f4xx_hal_pwr_ex.o ABSOLUTE
    stm32f4xx_hal_rcc.c                      0x00000000   Number         0  stm32f4xx_hal_rcc.o ABSOLUTE
    stm32f4xx_hal_rcc_ex.c                   0x00000000   Number         0  stm32f4xx_hal_rcc_ex.o ABSOLUTE
    stm32f4xx_hal_sdram.c                    0x00000000   Number         0  stm32f4xx_hal_sdram.o ABSOLUTE
    stm32f4xx_hal_spi.c                      0x00000000   Number         0  stm32f4xx_hal_spi.o ABSOLUTE
    stm32f4xx_hal_tim.c                      0x00000000   Number         0  stm32f4xx_hal_tim.o ABSOLUTE
    stm32f4xx_hal_tim_ex.c                   0x00000000   Number         0  stm32f4xx_hal_tim_ex.o ABSOLUTE
    stm32f4xx_it.c                           0x00000000   Number         0  stm32f4xx_it.o ABSOLUTE
    stm32f4xx_ll_fmc.c                       0x00000000   Number         0  stm32f4xx_ll_fmc.o ABSOLUTE
    system_stm32f4xx.c                       0x00000000   Number         0  system_stm32f4xx.o ABSOLUTE
    RESET                                    0x08000000   Section      428  startup_stm32f429xx.o(RESET)
    .ARM.Collect$$$$00000000                 0x080001ac   Section        0  entry.o(.ARM.Collect$$$$00000000)
    .ARM.Collect$$$$00000001                 0x080001ac   Section        4  entry2.o(.ARM.Collect$$$$00000001)
    .ARM.Collect$$$$00000004                 0x080001b0   Section        4  entry5.o(.ARM.Collect$$$$00000004)
    .ARM.Collect$$$$00000008                 0x080001b4   Section        0  entry7b.o(.ARM.Collect$$$$00000008)
    .ARM.Collect$$$$0000000A                 0x080001b4   Section        0  entry8b.o(.ARM.Collect$$$$0000000A)
    .ARM.Collect$$$$0000000B                 0x080001b4   Section        8  entry9a.o(.ARM.Collect$$$$0000000B)
    __lit__00000000                          0x080001bc   Data           4  entry2.o(.ARM.Collect$$$$00002712)
    .ARM.Collect$$$$0000000D                 0x080001bc   Section        0  entry10a.o(.ARM.Collect$$$$0000000D)
    .ARM.Collect$$$$0000000F                 0x080001bc   Section        0  entry11a.o(.ARM.Collect$$$$0000000F)
    .ARM.Collect$$$$00002712                 0x080001bc   Section        4  entry2.o(.ARM.Collect$$$$00002712)
    $v0                                      0x080001c0   Number         0  startup_stm32f429xx.o(.text)
    .text                                    0x080001c0   Section       36  startup_stm32f429xx.o(.text)
    .text                                    0x080001e4   Section        0  uldiv.o(.text)
    .text                                    0x08000246   Section        0  memcpya.o(.text)
    .text                                    0x0800026a   Section        0  memseta.o(.text)
    .text                                    0x0800028e   Section        0  llshl.o(.text)
    .text                                    0x080002ac   Section        0  llushr.o(.text)
    .text                                    0x080002cc   Section       36  init.o(.text)
    [Anonymous Symbol]                       0x080002f0   Section        0  stm32f429i_discovery_lcd.o(.text.BSP_LCD_Clear)
    [Anonymous Symbol]                       0x08000328   Section        0  stm32f429i_discovery_lcd.o(.text.BSP_LCD_DisplayChar)
    [Anonymous Symbol]                       0x080003f0   Section        0  stm32f429i_discovery_lcd.o(.text.BSP_LCD_DisplayOn)
    [Anonymous Symbol]                       0x080003fc   Section        0  stm32f429i_discovery_lcd.o(.text.BSP_LCD_DisplayStringAt)
    [Anonymous Symbol]                       0x080004a0   Section        0  stm32f429i_discovery_lcd.o(.text.BSP_LCD_DisplayStringAtLine)
    [Anonymous Symbol]                       0x080004c0   Section        0  stm32f429i_discovery_lcd.o(.text.BSP_LCD_DrawPixel)
    [Anonymous Symbol]                       0x080004e8   Section        0  stm32f429i_discovery_lcd.o(.text.BSP_LCD_Init)
    __arm_cp.0_1                             0x08000570   Number         4  stm32f429i_discovery_lcd.o(.text.BSP_LCD_Init)
    __arm_cp.0_3                             0x08000574   Number         4  stm32f429i_discovery_lcd.o(.text.BSP_LCD_Init)
    [Anonymous Symbol]                       0x08000578   Section        0  stm32f429i_discovery_lcd.o(.text.BSP_LCD_LayerDefaultInit)
    __arm_cp.5_0                             0x080005f4   Number         4  stm32f429i_discovery_lcd.o(.text.BSP_LCD_LayerDefaultInit)
    __arm_cp.5_1                             0x080005f8   Number         4  stm32f429i_discovery_lcd.o(.text.BSP_LCD_LayerDefaultInit)
    __arm_cp.5_2                             0x080005fc   Number         4  stm32f429i_discovery_lcd.o(.text.BSP_LCD_LayerDefaultInit)
    [Anonymous Symbol]                       0x08000600   Section        0  stm32f429i_discovery_lcd.o(.text.BSP_LCD_MspInit)
    __arm_cp.1_1                             0x0800072c   Number         4  stm32f429i_discovery_lcd.o(.text.BSP_LCD_MspInit)
    [Anonymous Symbol]                       0x08000730   Section        0  stm32f429i_discovery_lcd.o(.text.BSP_LCD_SelectLayer)
    [Anonymous Symbol]                       0x08000738   Section        0  stm32f429i_discovery_lcd.o(.text.BSP_LCD_SetTextColor)
    __arm_cp.22_0                            0x08000748   Number         4  stm32f429i_discovery_lcd.o(.text.BSP_LCD_SetTextColor)
    [Anonymous Symbol]                       0x0800074c   Section        0  stm32f429i_discovery_sdram.o(.text.BSP_SDRAM_Init)
    __arm_cp.0_1                             0x080007c0   Number         4  stm32f429i_discovery_sdram.o(.text.BSP_SDRAM_Init)
    [Anonymous Symbol]                       0x080007c4   Section        0  stm32f429i_discovery_sdram.o(.text.BSP_SDRAM_Initialization_sequence)
    __arm_cp.2_0                             0x0800084c   Number         4  stm32f429i_discovery_sdram.o(.text.BSP_SDRAM_Initialization_sequence)
    __arm_cp.2_1                             0x08000850   Number         4  stm32f429i_discovery_sdram.o(.text.BSP_SDRAM_Initialization_sequence)
    [Anonymous Symbol]                       0x08000854   Section        0  stm32f429i_discovery_sdram.o(.text.BSP_SDRAM_MspInit)
    __arm_cp.1_0                             0x080009c8   Number         4  stm32f429i_discovery_sdram.o(.text.BSP_SDRAM_MspInit)
    __arm_cp.1_1                             0x080009cc   Number         4  stm32f429i_discovery_sdram.o(.text.BSP_SDRAM_MspInit)
    __arm_cp.1_2                             0x080009d0   Number         4  stm32f429i_discovery_sdram.o(.text.BSP_SDRAM_MspInit)
    __arm_cp.1_3                             0x080009d4   Number         4  stm32f429i_discovery_sdram.o(.text.BSP_SDRAM_MspInit)
    __arm_cp.1_4                             0x080009d8   Number         4  stm32f429i_discovery_sdram.o(.text.BSP_SDRAM_MspInit)
    [Anonymous Symbol]                       0x080009dc   Section        0  stm32f4xx_it.o(.text.BusFault_Handler)
    DMA2D_SetConfig                          0x080009e1   Thumb Code   158  stm32f4xx_hal_dma2d.o(.text.DMA2D_SetConfig)
    [Anonymous Symbol]                       0x080009e0   Section        0  stm32f4xx_hal_dma2d.o(.text.DMA2D_SetConfig)
    DMA_CalcBaseAndBitshift                  0x08000a81   Thumb Code    48  stm32f4xx_hal_dma.o(.text.DMA_CalcBaseAndBitshift)
    [Anonymous Symbol]                       0x08000a80   Section        0  stm32f4xx_hal_dma.o(.text.DMA_CalcBaseAndBitshift)
    DMA_CalcBaseAndBitshift.flagBitshiftOffset 0x08000aa8   Number         0  stm32f4xx_hal_dma.o(.text.DMA_CalcBaseAndBitshift)
    [Anonymous Symbol]                       0x08000ab0   Section        0  stm32f4xx_it.o(.text.DebugMon_Handler)
    [Anonymous Symbol]                       0x08000ab2   Section        0  stm32f4xx_ll_fmc.o(.text.FMC_SDRAM_Init)
    [Anonymous Symbol]                       0x08000b36   Section        0  stm32f4xx_ll_fmc.o(.text.FMC_SDRAM_ProgramRefreshRate)
    [Anonymous Symbol]                       0x08000b42   Section        0  stm32f4xx_ll_fmc.o(.text.FMC_SDRAM_SendCommand)
    [Anonymous Symbol]                       0x08000b90   Section        0  stm32f4xx_ll_fmc.o(.text.FMC_SDRAM_Timing_Init)
    __arm_cp.19_0                            0x08000c3c   Number         4  stm32f4xx_ll_fmc.o(.text.FMC_SDRAM_Timing_Init)
    __arm_cp.19_1                            0x08000c40   Number         4  stm32f4xx_ll_fmc.o(.text.FMC_SDRAM_Timing_Init)
    __arm_cp.19_2                            0x08000c44   Number         4  stm32f4xx_ll_fmc.o(.text.FMC_SDRAM_Timing_Init)
    __arm_cp.19_3                            0x08000c48   Number         4  stm32f4xx_ll_fmc.o(.text.FMC_SDRAM_Timing_Init)
    FillBuffer                               0x08000c4d   Thumb Code    92  stm32f429i_discovery_lcd.o(.text.FillBuffer)
    [Anonymous Symbol]                       0x08000c4c   Section        0  stm32f429i_discovery_lcd.o(.text.FillBuffer)
    __arm_cp.27_0                            0x08000ca0   Number         4  stm32f429i_discovery_lcd.o(.text.FillBuffer)
    [Anonymous Symbol]                       0x08000ca4   Section        0  stm32f4xx_hal_dma2d.o(.text.HAL_DMA2D_ConfigLayer)
    __arm_cp.22_0                            0x08000d3c   Number         4  stm32f4xx_hal_dma2d.o(.text.HAL_DMA2D_ConfigLayer)
    [Anonymous Symbol]                       0x08000d40   Section        0  stm32f4xx_hal_dma2d.o(.text.HAL_DMA2D_Init)
    [Anonymous Symbol]                       0x08000d98   Section        0  stm32f4xx_hal_msp.o(.text.HAL_DMA2D_MspInit)
    __arm_cp.1_0                             0x08000dc0   Number         4  stm32f4xx_hal_msp.o(.text.HAL_DMA2D_MspInit)
    __arm_cp.1_1                             0x08000dc4   Number         4  stm32f4xx_hal_msp.o(.text.HAL_DMA2D_MspInit)
    [Anonymous Symbol]                       0x08000dc8   Section        0  stm32f4xx_hal_dma2d.o(.text.HAL_DMA2D_PollForTransfer)
    [Anonymous Symbol]                       0x08000eb6   Section        0  stm32f4xx_hal_dma2d.o(.text.HAL_DMA2D_Start)
    [Anonymous Symbol]                       0x08000eee   Section        0  stm32f4xx_hal_dma.o(.text.HAL_DMA_DeInit)
    [Anonymous Symbol]                       0x08000f48   Section        0  stm32f4xx_hal_dma.o(.text.HAL_DMA_Init)
    __arm_cp.0_0                             0x0800106c   Number         4  stm32f4xx_hal_dma.o(.text.HAL_DMA_Init)
    [Anonymous Symbol]                       0x08001070   Section        0  stm32f4xx_hal.o(.text.HAL_Delay)
    __arm_cp.10_0                            0x08001090   Number         4  stm32f4xx_hal.o(.text.HAL_Delay)
    [Anonymous Symbol]                       0x08001094   Section        0  stm32f4xx_hal_gpio.o(.text.HAL_GPIO_DeInit)
    [Anonymous Symbol]                       0x0800116c   Section        0  stm32f4xx_hal_gpio.o(.text.HAL_GPIO_Init)
    __arm_cp.0_0                             0x080012e0   Number         4  stm32f4xx_hal_gpio.o(.text.HAL_GPIO_Init)
    __arm_cp.0_1                             0x080012e4   Number         4  stm32f4xx_hal_gpio.o(.text.HAL_GPIO_Init)
    __arm_cp.0_2                             0x080012e8   Number         4  stm32f4xx_hal_gpio.o(.text.HAL_GPIO_Init)
    __arm_cp.0_3                             0x080012ec   Number         4  stm32f4xx_hal_gpio.o(.text.HAL_GPIO_Init)
    __arm_cp.0_4                             0x080012f0   Number         4  stm32f4xx_hal_gpio.o(.text.HAL_GPIO_Init)
    __arm_cp.0_5                             0x080012f4   Number         4  stm32f4xx_hal_gpio.o(.text.HAL_GPIO_Init)
    [Anonymous Symbol]                       0x080012f8   Section        0  stm32f4xx_hal_gpio.o(.text.HAL_GPIO_WritePin)
    [Anonymous Symbol]                       0x08001304   Section        0  stm32f4xx_hal.o(.text.HAL_GetTick)
    [Anonymous Symbol]                       0x0800130c   Section        0  stm32f4xx_hal_i2c_ex.o(.text.HAL_I2CEx_ConfigAnalogFilter)
    [Anonymous Symbol]                       0x08001348   Section        0  stm32f4xx_hal_i2c_ex.o(.text.HAL_I2CEx_ConfigDigitalFilter)
    [Anonymous Symbol]                       0x08001388   Section        0  stm32f4xx_hal_i2c.o(.text.HAL_I2C_Init)
    __arm_cp.0_0                             0x080014e8   Number         4  stm32f4xx_hal_i2c.o(.text.HAL_I2C_Init)
    __arm_cp.0_1                             0x080014ec   Number         4  stm32f4xx_hal_i2c.o(.text.HAL_I2C_Init)
    __arm_cp.0_2                             0x080014f0   Number         4  stm32f4xx_hal_i2c.o(.text.HAL_I2C_Init)
    __arm_cp.0_3                             0x080014f4   Number         4  stm32f4xx_hal_i2c.o(.text.HAL_I2C_Init)
    __arm_cp.0_4                             0x080014f8   Number         4  stm32f4xx_hal_i2c.o(.text.HAL_I2C_Init)
    [Anonymous Symbol]                       0x080014fc   Section        0  stm32f4xx_hal_msp.o(.text.HAL_I2C_MspInit)
    __arm_cp.3_0                             0x080015a8   Number         4  stm32f4xx_hal_msp.o(.text.HAL_I2C_MspInit)
    [Anonymous Symbol]                       0x080015ac   Section        0  stm32f4xx_hal.o(.text.HAL_IncTick)
    __arm_cp.5_1                             0x080015bc   Number         4  stm32f4xx_hal.o(.text.HAL_IncTick)
    [Anonymous Symbol]                       0x080015c0   Section        0  stm32f4xx_hal.o(.text.HAL_Init)
    __arm_cp.0_0                             0x080015f0   Number         4  stm32f4xx_hal.o(.text.HAL_Init)
    [Anonymous Symbol]                       0x080015f4   Section        0  stm32f4xx_hal.o(.text.HAL_InitTick)
    __arm_cp.1_0                             0x0800162c   Number         4  stm32f4xx_hal.o(.text.HAL_InitTick)
    __arm_cp.1_1                             0x08001630   Number         4  stm32f4xx_hal.o(.text.HAL_InitTick)
    [Anonymous Symbol]                       0x08001634   Section        0  stm32f4xx_hal_ltdc.o(.text.HAL_LTDC_ConfigLayer)
    [Anonymous Symbol]                       0x0800167c   Section        0  stm32f4xx_hal_ltdc.o(.text.HAL_LTDC_EnableDither)
    __arm_cp.16_0                            0x080016a4   Number         4  stm32f4xx_hal_ltdc.o(.text.HAL_LTDC_EnableDither)
    [Anonymous Symbol]                       0x080016a8   Section        0  stm32f4xx_hal_ltdc.o(.text.HAL_LTDC_Init)
    __arm_cp.0_0                             0x08001780   Number         4  stm32f4xx_hal_ltdc.o(.text.HAL_LTDC_Init)
    [Anonymous Symbol]                       0x08001784   Section        0  stm32f4xx_hal_msp.o(.text.HAL_LTDC_MspInit)
    __arm_cp.5_0                             0x080018f8   Number         4  stm32f4xx_hal_msp.o(.text.HAL_LTDC_MspInit)
    __arm_cp.5_1                             0x080018fc   Number         4  stm32f4xx_hal_msp.o(.text.HAL_LTDC_MspInit)
    [Anonymous Symbol]                       0x08001900   Section        0  stm32f4xx_hal_msp.o(.text.HAL_MspInit)
    __arm_cp.0_0                             0x08001934   Number         4  stm32f4xx_hal_msp.o(.text.HAL_MspInit)
    [Anonymous Symbol]                       0x08001938   Section        0  stm32f4xx_hal_cortex.o(.text.HAL_NVIC_EnableIRQ)
    __arm_cp.3_0                             0x08001950   Number         4  stm32f4xx_hal_cortex.o(.text.HAL_NVIC_EnableIRQ)
    [Anonymous Symbol]                       0x08001954   Section        0  stm32f4xx_hal_cortex.o(.text.HAL_NVIC_SetPriority)
    [Anonymous Symbol]                       0x08001990   Section        0  stm32f4xx_hal_cortex.o(.text.HAL_NVIC_SetPriorityGrouping)
    __arm_cp.0_0                             0x080019a8   Number         4  stm32f4xx_hal_cortex.o(.text.HAL_NVIC_SetPriorityGrouping)
    __arm_cp.0_1                             0x080019ac   Number         4  stm32f4xx_hal_cortex.o(.text.HAL_NVIC_SetPriorityGrouping)
    [Anonymous Symbol]                       0x080019b0   Section        0  stm32f4xx_hal_rcc_ex.o(.text.HAL_RCCEx_PeriphCLKConfig)
    __arm_cp.0_1                             0x08001ba0   Number         4  stm32f4xx_hal_rcc_ex.o(.text.HAL_RCCEx_PeriphCLKConfig)
    __arm_cp.0_2                             0x08001ba4   Number         4  stm32f4xx_hal_rcc_ex.o(.text.HAL_RCCEx_PeriphCLKConfig)
    __arm_cp.0_3                             0x08001ba8   Number         4  stm32f4xx_hal_rcc_ex.o(.text.HAL_RCCEx_PeriphCLKConfig)
    __arm_cp.0_4                             0x08001bac   Number         4  stm32f4xx_hal_rcc_ex.o(.text.HAL_RCCEx_PeriphCLKConfig)
    [Anonymous Symbol]                       0x08001bb0   Section        0  stm32f4xx_hal_rcc.o(.text.HAL_RCC_ClockConfig)
    __arm_cp.2_0                             0x08001cc8   Number         4  stm32f4xx_hal_rcc.o(.text.HAL_RCC_ClockConfig)
    __arm_cp.2_1                             0x08001ccc   Number         4  stm32f4xx_hal_rcc.o(.text.HAL_RCC_ClockConfig)
    [Anonymous Symbol]                       0x08001cd0   Section        0  stm32f4xx_hal_rcc.o(.text.HAL_RCC_GetPCLK1Freq)
    __arm_cp.8_0                             0x08001ce4   Number         4  stm32f4xx_hal_rcc.o(.text.HAL_RCC_GetPCLK1Freq)
    __arm_cp.8_1                             0x08001ce8   Number         4  stm32f4xx_hal_rcc.o(.text.HAL_RCC_GetPCLK1Freq)
    __arm_cp.8_2                             0x08001cec   Number         4  stm32f4xx_hal_rcc.o(.text.HAL_RCC_GetPCLK1Freq)
    [Anonymous Symbol]                       0x08001cf0   Section        0  stm32f4xx_hal_rcc.o(.text.HAL_RCC_GetSysClockFreq)
    __arm_cp.3_0                             0x08001d40   Number         4  stm32f4xx_hal_rcc.o(.text.HAL_RCC_GetSysClockFreq)
    __arm_cp.3_1                             0x08001d44   Number         4  stm32f4xx_hal_rcc.o(.text.HAL_RCC_GetSysClockFreq)
    __arm_cp.3_2                             0x08001d48   Number         4  stm32f4xx_hal_rcc.o(.text.HAL_RCC_GetSysClockFreq)
    [Anonymous Symbol]                       0x08001d4c   Section        0  stm32f4xx_hal_rcc.o(.text.HAL_RCC_OscConfig)
    __arm_cp.1_0                             0x08002018   Number         4  stm32f4xx_hal_rcc.o(.text.HAL_RCC_OscConfig)
    __arm_cp.1_1                             0x0800201c   Number         4  stm32f4xx_hal_rcc.o(.text.HAL_RCC_OscConfig)
    __arm_cp.1_2                             0x08002020   Number         4  stm32f4xx_hal_rcc.o(.text.HAL_RCC_OscConfig)
    [Anonymous Symbol]                       0x08002024   Section        0  stm32f4xx_hal_sdram.o(.text.HAL_SDRAM_Init)
    [Anonymous Symbol]                       0x08002064   Section        0  stm32f4xx_hal_msp.o(.text.HAL_SDRAM_MspInit)
    __arm_cp.9_0                             0x0800213c   Number         4  stm32f4xx_hal_msp.o(.text.HAL_SDRAM_MspInit)
    __arm_cp.9_1                             0x08002140   Number         4  stm32f4xx_hal_msp.o(.text.HAL_SDRAM_MspInit)
    __arm_cp.9_2                             0x08002144   Number         4  stm32f4xx_hal_msp.o(.text.HAL_SDRAM_MspInit)
    __arm_cp.9_3                             0x08002148   Number         4  stm32f4xx_hal_msp.o(.text.HAL_SDRAM_MspInit)
    [Anonymous Symbol]                       0x0800214c   Section        0  stm32f4xx_hal_sdram.o(.text.HAL_SDRAM_ProgramRefreshRate)
    [Anonymous Symbol]                       0x08002170   Section        0  stm32f4xx_hal_sdram.o(.text.HAL_SDRAM_SendCommand)
    [Anonymous Symbol]                       0x080021a2   Section        0  stm32f4xx_hal_spi.o(.text.HAL_SPI_DeInit)
    [Anonymous Symbol]                       0x080021d0   Section        0  stm32f4xx_hal_spi.o(.text.HAL_SPI_GetState)
    [Anonymous Symbol]                       0x080021d6   Section        0  stm32f4xx_hal_spi.o(.text.HAL_SPI_Init)
    [Anonymous Symbol]                       0x08002254   Section        0  stm32f4xx_hal_msp.o(.text.HAL_SPI_MspDeInit)
    __arm_cp.8_1                             0x08002274   Number         4  stm32f4xx_hal_msp.o(.text.HAL_SPI_MspDeInit)
    [Anonymous Symbol]                       0x08002278   Section        0  stm32f4xx_hal_msp.o(.text.HAL_SPI_MspInit)
    __arm_cp.7_0                             0x080022dc   Number         4  stm32f4xx_hal_msp.o(.text.HAL_SPI_MspInit)
    __arm_cp.7_1                             0x080022e0   Number         4  stm32f4xx_hal_msp.o(.text.HAL_SPI_MspInit)
    [Anonymous Symbol]                       0x080022e4   Section        0  stm32f4xx_hal_spi.o(.text.HAL_SPI_Receive)
    [Anonymous Symbol]                       0x08002412   Section        0  stm32f4xx_hal_spi.o(.text.HAL_SPI_Transmit)
    [Anonymous Symbol]                       0x08002574   Section        0  stm32f4xx_hal_spi.o(.text.HAL_SPI_TransmitReceive)
    [Anonymous Symbol]                       0x08002748   Section        0  stm32f4xx_hal_cortex.o(.text.HAL_SYSTICK_Config)
    __arm_cp.7_0                             0x08002768   Number         4  stm32f4xx_hal_cortex.o(.text.HAL_SYSTICK_Config)
    __arm_cp.7_1                             0x0800276c   Number         4  stm32f4xx_hal_cortex.o(.text.HAL_SYSTICK_Config)
    [Anonymous Symbol]                       0x08002770   Section        0  stm32f4xx_it.o(.text.HardFault_Handler)
    [Anonymous Symbol]                       0x08002772   Section        0  stm32f429i_discovery.o(.text.LCD_Delay)
    [Anonymous Symbol]                       0x08002778   Section        0  stm32f429i_discovery.o(.text.LCD_IO_Init)
    __arm_cp.7_0                             0x08002838   Number         4  stm32f429i_discovery.o(.text.LCD_IO_Init)
    __arm_cp.7_1                             0x0800283c   Number         4  stm32f429i_discovery.o(.text.LCD_IO_Init)
    __arm_cp.7_3                             0x08002840   Number         4  stm32f429i_discovery.o(.text.LCD_IO_Init)
    [Anonymous Symbol]                       0x08002844   Section        0  stm32f429i_discovery.o(.text.LCD_IO_ReadData)
    [Anonymous Symbol]                       0x080028a0   Section        0  stm32f429i_discovery.o(.text.LCD_IO_WriteData)
    [Anonymous Symbol]                       0x080028d0   Section        0  stm32f429i_discovery.o(.text.LCD_IO_WriteReg)
    __arm_cp.11_0                            0x08002900   Number         4  stm32f429i_discovery.o(.text.LCD_IO_WriteReg)
    __arm_cp.11_1                            0x08002904   Number         4  stm32f429i_discovery.o(.text.LCD_IO_WriteReg)
    LTDC_SetConfig                           0x08002909   Thumb Code   296  stm32f4xx_hal_ltdc.o(.text.LTDC_SetConfig)
    [Anonymous Symbol]                       0x08002908   Section        0  stm32f4xx_hal_ltdc.o(.text.LTDC_SetConfig)
    __arm_cp.9_0                             0x08002a28   Number         4  stm32f4xx_hal_ltdc.o(.text.LTDC_SetConfig)
    __arm_cp.9_1                             0x08002a2c   Number         4  stm32f4xx_hal_ltdc.o(.text.LTDC_SetConfig)
    [Anonymous Symbol]                       0x08002a30   Section        0  stm32f4xx_it.o(.text.MemManage_Handler)
    [Anonymous Symbol]                       0x08002a32   Section        0  stm32f4xx_it.o(.text.NMI_Handler)
    [Anonymous Symbol]                       0x08002a34   Section        0  stm32f4xx_it.o(.text.PendSV_Handler)
    SPI_EndRxTransaction                     0x08002a37   Thumb Code    82  stm32f4xx_hal_spi.o(.text.SPI_EndRxTransaction)
    [Anonymous Symbol]                       0x08002a36   Section        0  stm32f4xx_hal_spi.o(.text.SPI_EndRxTransaction)
    SPI_EndRxTxTransaction                   0x08002a89   Thumb Code    88  stm32f4xx_hal_spi.o(.text.SPI_EndRxTxTransaction)
    [Anonymous Symbol]                       0x08002a88   Section        0  stm32f4xx_hal_spi.o(.text.SPI_EndRxTxTransaction)
    __arm_cp.5_0                             0x08002ad8   Number         4  stm32f4xx_hal_spi.o(.text.SPI_EndRxTxTransaction)
    __arm_cp.5_1                             0x08002adc   Number         4  stm32f4xx_hal_spi.o(.text.SPI_EndRxTxTransaction)
    SPI_WaitFlagStateUntilTimeout            0x08002ae1   Thumb Code   128  stm32f4xx_hal_spi.o(.text.SPI_WaitFlagStateUntilTimeout)
    [Anonymous Symbol]                       0x08002ae0   Section        0  stm32f4xx_hal_spi.o(.text.SPI_WaitFlagStateUntilTimeout)
    SPIx_Error                               0x08002b61   Thumb Code    20  stm32f429i_discovery.o(.text.SPIx_Error)
    [Anonymous Symbol]                       0x08002b60   Section        0  stm32f429i_discovery.o(.text.SPIx_Error)
    SPIx_Init                                0x08002b71   Thumb Code   148  stm32f429i_discovery.o(.text.SPIx_Init)
    [Anonymous Symbol]                       0x08002b70   Section        0  stm32f429i_discovery.o(.text.SPIx_Init)
    __arm_cp.8_1                             0x08002bf8   Number         4  stm32f429i_discovery.o(.text.SPIx_Init)
    __arm_cp.8_2                             0x08002bfc   Number         4  stm32f429i_discovery.o(.text.SPIx_Init)
    SPIx_Write                               0x08002c01   Thumb Code    40  stm32f429i_discovery.o(.text.SPIx_Write)
    [Anonymous Symbol]                       0x08002c00   Section        0  stm32f429i_discovery.o(.text.SPIx_Write)
    __arm_cp.10_0                            0x08002c20   Number         4  stm32f429i_discovery.o(.text.SPIx_Write)
    __arm_cp.10_1                            0x08002c24   Number         4  stm32f429i_discovery.o(.text.SPIx_Write)
    [Anonymous Symbol]                       0x08002c28   Section        0  stm32f4xx_it.o(.text.SVC_Handler)
    [Anonymous Symbol]                       0x08002c2a   Section        0  stm32f4xx_it.o(.text.SysTick_Handler)
    [Anonymous Symbol]                       0x08002c30   Section        0  main.o(.text.SystemClock_Config)
    __arm_cp.1_0                             0x08002cd0   Number         4  main.o(.text.SystemClock_Config)
    __arm_cp.1_1                             0x08002cd4   Number         4  main.o(.text.SystemClock_Config)
    [Anonymous Symbol]                       0x08002cd8   Section        0  system_stm32f4xx.o(.text.SystemInit)
    __arm_cp.0_0                             0x08002d14   Number         4  system_stm32f4xx.o(.text.SystemInit)
    __arm_cp.0_1                             0x08002d18   Number         4  system_stm32f4xx.o(.text.SystemInit)
    __arm_cp.0_2                             0x08002d1c   Number         4  system_stm32f4xx.o(.text.SystemInit)
    __arm_cp.0_3                             0x08002d20   Number         4  system_stm32f4xx.o(.text.SystemInit)
    [Anonymous Symbol]                       0x08002d24   Section        0  stm32f4xx_it.o(.text.UsageFault_Handler)
    __NVIC_SetPriority                       0x08002d29   Thumb Code    36  stm32f4xx_hal_cortex.o(.text.__NVIC_SetPriority)
    [Anonymous Symbol]                       0x08002d28   Section        0  stm32f4xx_hal_cortex.o(.text.__NVIC_SetPriority)
    __arm_cp.2_0                             0x08002d44   Number         4  stm32f4xx_hal_cortex.o(.text.__NVIC_SetPriority)
    __arm_cp.2_1                             0x08002d48   Number         4  stm32f4xx_hal_cortex.o(.text.__NVIC_SetPriority)
    [Anonymous Symbol]                       0x08002d4c   Section        0  ili9341.o(.text.ili9341_DisplayOff)
    [Anonymous Symbol]                       0x08002d52   Section        0  ili9341.o(.text.ili9341_DisplayOn)
    [Anonymous Symbol]                       0x08002d58   Section        0  ili9341.o(.text.ili9341_GetLcdPixelHeight)
    [Anonymous Symbol]                       0x08002d5e   Section        0  ili9341.o(.text.ili9341_GetLcdPixelWidth)
    [Anonymous Symbol]                       0x08002d64   Section        0  ili9341.o(.text.ili9341_Init)
    __arm_cp.0_0                             0x08002f28   Number         4  ili9341.o(.text.ili9341_Init)
    __arm_cp.0_1                             0x08002f2c   Number         4  ili9341.o(.text.ili9341_Init)
    [Anonymous Symbol]                       0x08002f30   Section        0  ili9341.o(.text.ili9341_ReadID)
    [Anonymous Symbol]                       0x08002f42   Section        0  ili9341.o(.text.ili9341_WriteData)
    [Anonymous Symbol]                       0x08002f48   Section        0  main.o(.text.main)
    __arm_cp.0_0                             0x08003188   Number         4  main.o(.text.main)
    __arm_cp.0_1                             0x0800318c   Number         4  main.o(.text.main)
    __arm_cp.0_2                             0x08003190   Number         4  main.o(.text.main)
    __arm_cp.0_3                             0x08003194   Number         4  main.o(.text.main)
    __arm_cp.0_4                             0x08003198   Number         4  main.o(.text.main)
    __arm_cp.0_5                             0x0800319c   Number         4  main.o(.text.main)
    __arm_cp.0_6                             0x080031a0   Number         4  main.o(.text.main)
    __arm_cp.0_7                             0x080031a4   Number         4  main.o(.text.main)
    __arm_cp.0_8                             0x080031a8   Number         4  main.o(.text.main)
    __arm_cp.0_9                             0x080031ac   Number         4  main.o(.text.main)
    i.__scatterload_copy                     0x080031c8   Section       14  handlers.o(i.__scatterload_copy)
    i.__scatterload_null                     0x080031d6   Section        2  handlers.o(i.__scatterload_null)
    i.__scatterload_zeroinit                 0x080031d8   Section       14  handlers.o(i.__scatterload_zeroinit)
    .Lswitch.table.HAL_LTDC_SetPitch_NoReload 0x08004cb8   Data          32  stm32f4xx_hal_ltdc.o(.rodata.cst32)
    [Anonymous Symbol]                       0x20000000   Section        0  stm32f4xx_hal.o(.data..L_MergedGlobals)
    [Anonymous Symbol]                       0x20000050   Section        0  main.o(.bss..L_MergedGlobals)
    [Anonymous Symbol]                       0x200000c4   Section        0  stm32f429i_discovery_lcd.o(.bss..L_MergedGlobals)
    ActiveLayer                              0x200000c8   Data           4  stm32f429i_discovery_lcd.o(.bss..L_MergedGlobals)
    DrawProp                                 0x200000cc   Data          24  stm32f429i_discovery_lcd.o(.bss..L_MergedGlobals)
    PeriphClkInitStruct                      0x200000e4   Data          48  stm32f429i_discovery_lcd.o(.bss..L_MergedGlobals)
    BSP_SDRAM_Init.sdramstatus               0x20000114   Data           1  stm32f429i_discovery_sdram.o(.bss..L_MergedGlobals)
    [Anonymous Symbol]                       0x20000114   Section        0  stm32f429i_discovery_sdram.o(.bss..L_MergedGlobals)
    Command                                  0x20000118   Data          16  stm32f429i_discovery_sdram.o(.bss..L_MergedGlobals)
    Timing                                   0x20000128   Data          28  stm32f429i_discovery_sdram.o(.bss..L_MergedGlobals)
    SdramHandle                              0x20000144   Data          52  stm32f429i_discovery_sdram.o(.bss..L_MergedGlobals)
    BSP_SDRAM_MspInit.dmaHandle              0x20000178   Data          96  stm32f429i_discovery_sdram.o(.bss.BSP_SDRAM_MspInit.dmaHandle)
    [Anonymous Symbol]                       0x20000178   Section        0  stm32f429i_discovery_sdram.o(.bss.BSP_SDRAM_MspInit.dmaHandle)
    Dma2dHandler                             0x200001d8   Data          64  stm32f429i_discovery_lcd.o(.bss.Dma2dHandler)
    [Anonymous Symbol]                       0x200001d8   Section        0  stm32f429i_discovery_lcd.o(.bss.Dma2dHandler)
    FMC_Initialized                          0x20000218   Data           1  stm32f4xx_hal_msp.o(.bss.FMC_Initialized)
    [Anonymous Symbol]                       0x20000218   Section        0  stm32f4xx_hal_msp.o(.bss.FMC_Initialized)
    Is_LCD_IO_Initialized                    0x20000219   Data           1  stm32f429i_discovery.o(.bss.Is_LCD_IO_Initialized)
    [Anonymous Symbol]                       0x20000219   Section        0  stm32f429i_discovery.o(.bss.Is_LCD_IO_Initialized)
    SpiHandle                                0x200002c4   Data          88  stm32f429i_discovery.o(.bss.SpiHandle)
    [Anonymous Symbol]                       0x200002c4   Section        0  stm32f429i_discovery.o(.bss.SpiHandle)
    STACK                                    0x20000478   Section     1024  startup_stm32f429xx.o(STACK)

    Global Symbols

    Symbol Name                              Value     Ov Type        Size  Object(Section)

    BuildAttributes$$THM_ISAv4$E$P$D$K$B$S$7EM$VFPi3$EXTD16$VFPS$VFMA$PE$A:L22UL41UL21$X:L11$S22US41US21$IEEE1$IW$~IW$USESV6$~STKCKD$USESV7$~SHL$OSPACE$EBA8$MICROLIB$REQ8$PRES8$EABIv2 0x00000000   Number         0  anon$$obj.o ABSOLUTE
    __cpp_initialize__aeabi_                  - Undefined Weak Reference
    __cxa_finalize                            - Undefined Weak Reference
    __decompress                              - Undefined Weak Reference
    _clock_init                               - Undefined Weak Reference
    _microlib_exit                            - Undefined Weak Reference
    __Vectors_Size                           0x000001ac   Number         0  startup_stm32f429xx.o ABSOLUTE
    __Vectors                                0x08000000   Data           4  startup_stm32f429xx.o(RESET)
    __Vectors_End                            0x080001ac   Data           0  startup_stm32f429xx.o(RESET)
    __main                                   0x080001ad   Thumb Code     0  entry.o(.ARM.Collect$$$$00000000)
    _main_stk                                0x080001ad   Thumb Code     0  entry2.o(.ARM.Collect$$$$00000001)
    _main_scatterload                        0x080001b1   Thumb Code     0  entry5.o(.ARM.Collect$$$$00000004)
    __main_after_scatterload                 0x080001b5   Thumb Code     0  entry5.o(.ARM.Collect$$$$00000004)
    _main_clock                              0x080001b5   Thumb Code     0  entry7b.o(.ARM.Collect$$$$00000008)
    _main_cpp_init                           0x080001b5   Thumb Code     0  entry8b.o(.ARM.Collect$$$$0000000A)
    _main_init                               0x080001b5   Thumb Code     0  entry9a.o(.ARM.Collect$$$$0000000B)
    __rt_final_cpp                           0x080001bd   Thumb Code     0  entry10a.o(.ARM.Collect$$$$0000000D)
    __rt_final_exit                          0x080001bd   Thumb Code     0  entry11a.o(.ARM.Collect$$$$0000000F)
    Reset_Handler                            0x080001c1   Thumb Code     8  startup_stm32f429xx.o(.text)
    ADC_IRQHandler                           0x080001db   Thumb Code     0  startup_stm32f429xx.o(.text)
    CAN1_RX0_IRQHandler                      0x080001db   Thumb Code     0  startup_stm32f429xx.o(.text)
    CAN1_RX1_IRQHandler                      0x080001db   Thumb Code     0  startup_stm32f429xx.o(.text)
    CAN1_SCE_IRQHandler                      0x080001db   Thumb Code     0  startup_stm32f429xx.o(.text)
    CAN1_TX_IRQHandler                       0x080001db   Thumb Code     0  startup_stm32f429xx.o(.text)
    CAN2_RX0_IRQHandler                      0x080001db   Thumb Code     0  startup_stm32f429xx.o(.text)
    CAN2_RX1_IRQHandler                      0x080001db   Thumb Code     0  startup_stm32f429xx.o(.text)
    CAN2_SCE_IRQHandler                      0x080001db   Thumb Code     0  startup_stm32f429xx.o(.text)
    CAN2_TX_IRQHandler                       0x080001db   Thumb Code     0  startup_stm32f429xx.o(.text)
    DCMI_IRQHandler                          0x080001db   Thumb Code     0  startup_stm32f429xx.o(.text)
    DMA1_Stream0_IRQHandler                  0x080001db   Thumb Code     0  startup_stm32f429xx.o(.text)
    DMA1_Stream1_IRQHandler                  0x080001db   Thumb Code     0  startup_stm32f429xx.o(.text)
    DMA1_Stream2_IRQHandler                  0x080001db   Thumb Code     0  startup_stm32f429xx.o(.text)
    DMA1_Stream3_IRQHandler                  0x080001db   Thumb Code     0  startup_stm32f429xx.o(.text)
    DMA1_Stream4_IRQHandler                  0x080001db   Thumb Code     0  startup_stm32f429xx.o(.text)
    DMA1_Stream5_IRQHandler                  0x080001db   Thumb Code     0  startup_stm32f429xx.o(.text)
    DMA1_Stream6_IRQHandler                  0x080001db   Thumb Code     0  startup_stm32f429xx.o(.text)
    DMA1_Stream7_IRQHandler                  0x080001db   Thumb Code     0  startup_stm32f429xx.o(.text)
    DMA2D_IRQHandler                         0x080001db   Thumb Code     0  startup_stm32f429xx.o(.text)
    DMA2_Stream0_IRQHandler                  0x080001db   Thumb Code     0  startup_stm32f429xx.o(.text)
    DMA2_Stream1_IRQHandler                  0x080001db   Thumb Code     0  startup_stm32f429xx.o(.text)
    DMA2_Stream2_IRQHandler                  0x080001db   Thumb Code     0  startup_stm32f429xx.o(.text)
    DMA2_Stream3_IRQHandler                  0x080001db   Thumb Code     0  startup_stm32f429xx.o(.text)
    DMA2_Stream4_IRQHandler                  0x080001db   Thumb Code     0  startup_stm32f429xx.o(.text)
    DMA2_Stream5_IRQHandler                  0x080001db   Thumb Code     0  startup_stm32f429xx.o(.text)
    DMA2_Stream6_IRQHandler                  0x080001db   Thumb Code     0  startup_stm32f429xx.o(.text)
    DMA2_Stream7_IRQHandler                  0x080001db   Thumb Code     0  startup_stm32f429xx.o(.text)
    ETH_IRQHandler                           0x080001db   Thumb Code     0  startup_stm32f429xx.o(.text)
    ETH_WKUP_IRQHandler                      0x080001db   Thumb Code     0  startup_stm32f429xx.o(.text)
    EXTI0_IRQHandler                         0x080001db   Thumb Code     0  startup_stm32f429xx.o(.text)
    EXTI15_10_IRQHandler                     0x080001db   Thumb Code     0  startup_stm32f429xx.o(.text)
    EXTI1_IRQHandler                         0x080001db   Thumb Code     0  startup_stm32f429xx.o(.text)
    EXTI2_IRQHandler                         0x080001db   Thumb Code     0  startup_stm32f429xx.o(.text)
    EXTI3_IRQHandler                         0x080001db   Thumb Code     0  startup_stm32f429xx.o(.text)
    EXTI4_IRQHandler                         0x080001db   Thumb Code     0  startup_stm32f429xx.o(.text)
    EXTI9_5_IRQHandler                       0x080001db   Thumb Code     0  startup_stm32f429xx.o(.text)
    FLASH_IRQHandler                         0x080001db   Thumb Code     0  startup_stm32f429xx.o(.text)
    FMC_IRQHandler                           0x080001db   Thumb Code     0  startup_stm32f429xx.o(.text)
    FPU_IRQHandler                           0x080001db   Thumb Code     0  startup_stm32f429xx.o(.text)
    HASH_RNG_IRQHandler                      0x080001db   Thumb Code     0  startup_stm32f429xx.o(.text)
    I2C1_ER_IRQHandler                       0x080001db   Thumb Code     0  startup_stm32f429xx.o(.text)
    I2C1_EV_IRQHandler                       0x080001db   Thumb Code     0  startup_stm32f429xx.o(.text)
    I2C2_ER_IRQHandler                       0x080001db   Thumb Code     0  startup_stm32f429xx.o(.text)
    I2C2_EV_IRQHandler                       0x080001db   Thumb Code     0  startup_stm32f429xx.o(.text)
    I2C3_ER_IRQHandler                       0x080001db   Thumb Code     0  startup_stm32f429xx.o(.text)
    I2C3_EV_IRQHandler                       0x080001db   Thumb Code     0  startup_stm32f429xx.o(.text)
    LTDC_ER_IRQHandler                       0x080001db   Thumb Code     0  startup_stm32f429xx.o(.text)
    LTDC_IRQHandler                          0x080001db   Thumb Code     0  startup_stm32f429xx.o(.text)
    OTG_FS_IRQHandler                        0x080001db   Thumb Code     0  startup_stm32f429xx.o(.text)
    OTG_FS_WKUP_IRQHandler                   0x080001db   Thumb Code     0  startup_stm32f429xx.o(.text)
    OTG_HS_EP1_IN_IRQHandler                 0x080001db   Thumb Code     0  startup_stm32f429xx.o(.text)
    OTG_HS_EP1_OUT_IRQHandler                0x080001db   Thumb Code     0  startup_stm32f429xx.o(.text)
    OTG_HS_IRQHandler                        0x080001db   Thumb Code     0  startup_stm32f429xx.o(.text)
    OTG_HS_WKUP_IRQHandler                   0x080001db   Thumb Code     0  startup_stm32f429xx.o(.text)
    PVD_IRQHandler                           0x080001db   Thumb Code     0  startup_stm32f429xx.o(.text)
    RCC_IRQHandler                           0x080001db   Thumb Code     0  startup_stm32f429xx.o(.text)
    RTC_Alarm_IRQHandler                     0x080001db   Thumb Code     0  startup_stm32f429xx.o(.text)
    RTC_WKUP_IRQHandler                      0x080001db   Thumb Code     0  startup_stm32f429xx.o(.text)
    SAI1_IRQHandler                          0x080001db   Thumb Code     0  startup_stm32f429xx.o(.text)
    SDIO_IRQHandler                          0x080001db   Thumb Code     0  startup_stm32f429xx.o(.text)
    SPI1_IRQHandler                          0x080001db   Thumb Code     0  startup_stm32f429xx.o(.text)
    SPI2_IRQHandler                          0x080001db   Thumb Code     0  startup_stm32f429xx.o(.text)
    SPI3_IRQHandler                          0x080001db   Thumb Code     0  startup_stm32f429xx.o(.text)
    SPI4_IRQHandler                          0x080001db   Thumb Code     0  startup_stm32f429xx.o(.text)
    SPI5_IRQHandler                          0x080001db   Thumb Code     0  startup_stm32f429xx.o(.text)
    SPI6_IRQHandler                          0x080001db   Thumb Code     0  startup_stm32f429xx.o(.text)
    TAMP_STAMP_IRQHandler                    0x080001db   Thumb Code     0  startup_stm32f429xx.o(.text)
    TIM1_BRK_TIM9_IRQHandler                 0x080001db   Thumb Code     0  startup_stm32f429xx.o(.text)
    TIM1_CC_IRQHandler                       0x080001db   Thumb Code     0  startup_stm32f429xx.o(.text)
    TIM1_TRG_COM_TIM11_IRQHandler            0x080001db   Thumb Code     0  startup_stm32f429xx.o(.text)
    TIM1_UP_TIM10_IRQHandler                 0x080001db   Thumb Code     0  startup_stm32f429xx.o(.text)
    TIM2_IRQHandler                          0x080001db   Thumb Code     0  startup_stm32f429xx.o(.text)
    TIM3_IRQHandler                          0x080001db   Thumb Code     0  startup_stm32f429xx.o(.text)
    TIM4_IRQHandler                          0x080001db   Thumb Code     0  startup_stm32f429xx.o(.text)
    TIM5_IRQHandler                          0x080001db   Thumb Code     0  startup_stm32f429xx.o(.text)
    TIM6_DAC_IRQHandler                      0x080001db   Thumb Code     0  startup_stm32f429xx.o(.text)
    TIM7_IRQHandler                          0x080001db   Thumb Code     0  startup_stm32f429xx.o(.text)
    TIM8_BRK_TIM12_IRQHandler                0x080001db   Thumb Code     0  startup_stm32f429xx.o(.text)
    TIM8_CC_IRQHandler                       0x080001db   Thumb Code     0  startup_stm32f429xx.o(.text)
    TIM8_TRG_COM_TIM14_IRQHandler            0x080001db   Thumb Code     0  startup_stm32f429xx.o(.text)
    TIM8_UP_TIM13_IRQHandler                 0x080001db   Thumb Code     0  startup_stm32f429xx.o(.text)
    UART4_IRQHandler                         0x080001db   Thumb Code     0  startup_stm32f429xx.o(.text)
    UART5_IRQHandler                         0x080001db   Thumb Code     0  startup_stm32f429xx.o(.text)
    UART7_IRQHandler                         0x080001db   Thumb Code     0  startup_stm32f429xx.o(.text)
    UART8_IRQHandler                         0x080001db   Thumb Code     0  startup_stm32f429xx.o(.text)
    USART1_IRQHandler                        0x080001db   Thumb Code     0  startup_stm32f429xx.o(.text)
    USART2_IRQHandler                        0x080001db   Thumb Code     0  startup_stm32f429xx.o(.text)
    USART3_IRQHandler                        0x080001db   Thumb Code     0  startup_stm32f429xx.o(.text)
    USART6_IRQHandler                        0x080001db   Thumb Code     0  startup_stm32f429xx.o(.text)
    WWDG_IRQHandler                          0x080001db   Thumb Code     0  startup_stm32f429xx.o(.text)
    __aeabi_uldivmod                         0x080001e5   Thumb Code    98  uldiv.o(.text)
    __aeabi_memcpy                           0x08000247   Thumb Code    36  memcpya.o(.text)
    __aeabi_memcpy4                          0x08000247   Thumb Code     0  memcpya.o(.text)
    __aeabi_memcpy8                          0x08000247   Thumb Code     0  memcpya.o(.text)
    __aeabi_memset                           0x0800026b   Thumb Code    14  memseta.o(.text)
    __aeabi_memset4                          0x0800026b   Thumb Code     0  memseta.o(.text)
    __aeabi_memset8                          0x0800026b   Thumb Code     0  memseta.o(.text)
    __aeabi_memclr                           0x08000279   Thumb Code     4  memseta.o(.text)
    __aeabi_memclr4                          0x08000279   Thumb Code     0  memseta.o(.text)
    __aeabi_memclr8                          0x08000279   Thumb Code     0  memseta.o(.text)
    _memset$wrapper                          0x0800027d   Thumb Code    18  memseta.o(.text)
    __aeabi_llsl                             0x0800028f   Thumb Code    30  llshl.o(.text)
    _ll_shift_l                              0x0800028f   Thumb Code     0  llshl.o(.text)
    __aeabi_llsr                             0x080002ad   Thumb Code    32  llushr.o(.text)
    _ll_ushift_r                             0x080002ad   Thumb Code     0  llushr.o(.text)
    __scatterload                            0x080002cd   Thumb Code    28  init.o(.text)
    __scatterload_rt2                        0x080002cd   Thumb Code     0  init.o(.text)
    BSP_LCD_Clear                            0x080002f1   Thumb Code    64  stm32f429i_discovery_lcd.o(.text.BSP_LCD_Clear)
    BSP_LCD_DisplayChar                      0x08000329   Thumb Code   204  stm32f429i_discovery_lcd.o(.text.BSP_LCD_DisplayChar)
    BSP_LCD_DisplayOn                        0x080003f1   Thumb Code    16  stm32f429i_discovery_lcd.o(.text.BSP_LCD_DisplayOn)
    BSP_LCD_DisplayStringAt                  0x080003fd   Thumb Code   168  stm32f429i_discovery_lcd.o(.text.BSP_LCD_DisplayStringAt)
    BSP_LCD_DisplayStringAtLine              0x080004a1   Thumb Code    36  stm32f429i_discovery_lcd.o(.text.BSP_LCD_DisplayStringAtLine)
    BSP_LCD_DrawPixel                        0x080004c1   Thumb Code    48  stm32f429i_discovery_lcd.o(.text.BSP_LCD_DrawPixel)
    BSP_LCD_Init                             0x080004e9   Thumb Code   156  stm32f429i_discovery_lcd.o(.text.BSP_LCD_Init)
    BSP_LCD_LayerDefaultInit                 0x08000579   Thumb Code   136  stm32f429i_discovery_lcd.o(.text.BSP_LCD_LayerDefaultInit)
    BSP_LCD_MspInit                          0x08000601   Thumb Code   312  stm32f429i_discovery_lcd.o(.text.BSP_LCD_MspInit)
    BSP_LCD_SelectLayer                      0x08000731   Thumb Code    12  stm32f429i_discovery_lcd.o(.text.BSP_LCD_SelectLayer)
    BSP_LCD_SetTextColor                     0x08000739   Thumb Code    20  stm32f429i_discovery_lcd.o(.text.BSP_LCD_SetTextColor)
    BSP_SDRAM_Init                           0x0800074d   Thumb Code   124  stm32f429i_discovery_sdram.o(.text.BSP_SDRAM_Init)
    BSP_SDRAM_Initialization_sequence        0x080007c5   Thumb Code   144  stm32f429i_discovery_sdram.o(.text.BSP_SDRAM_Initialization_sequence)
    BSP_SDRAM_MspInit                        0x08000855   Thumb Code   392  stm32f429i_discovery_sdram.o(.text.BSP_SDRAM_MspInit)
    BusFault_Handler                         0x080009dd   Thumb Code     2  stm32f4xx_it.o(.text.BusFault_Handler)
    DebugMon_Handler                         0x08000ab1   Thumb Code     2  stm32f4xx_it.o(.text.DebugMon_Handler)
    FMC_SDRAM_Init                           0x08000ab3   Thumb Code   132  stm32f4xx_ll_fmc.o(.text.FMC_SDRAM_Init)
    FMC_SDRAM_ProgramRefreshRate             0x08000b37   Thumb Code    12  stm32f4xx_ll_fmc.o(.text.FMC_SDRAM_ProgramRefreshRate)
    FMC_SDRAM_SendCommand                    0x08000b43   Thumb Code    78  stm32f4xx_ll_fmc.o(.text.FMC_SDRAM_SendCommand)
    FMC_SDRAM_Timing_Init                    0x08000b91   Thumb Code   188  stm32f4xx_ll_fmc.o(.text.FMC_SDRAM_Timing_Init)
    HAL_DMA2D_ConfigLayer                    0x08000ca5   Thumb Code   156  stm32f4xx_hal_dma2d.o(.text.HAL_DMA2D_ConfigLayer)
    HAL_DMA2D_Init                           0x08000d41   Thumb Code    86  stm32f4xx_hal_dma2d.o(.text.HAL_DMA2D_Init)
    HAL_DMA2D_MspInit                        0x08000d99   Thumb Code    48  stm32f4xx_hal_msp.o(.text.HAL_DMA2D_MspInit)
    HAL_DMA2D_PollForTransfer                0x08000dc9   Thumb Code   238  stm32f4xx_hal_dma2d.o(.text.HAL_DMA2D_PollForTransfer)
    HAL_DMA2D_Start                          0x08000eb7   Thumb Code    56  stm32f4xx_hal_dma2d.o(.text.HAL_DMA2D_Start)
    HAL_DMA_DeInit                           0x08000eef   Thumb Code    90  stm32f4xx_hal_dma.o(.text.HAL_DMA_DeInit)
    HAL_DMA_Init                             0x08000f49   Thumb Code   296  stm32f4xx_hal_dma.o(.text.HAL_DMA_Init)
    HAL_Delay                                0x08001071   Thumb Code    36  stm32f4xx_hal.o(.text.HAL_Delay)
    HAL_GPIO_DeInit                          0x08001095   Thumb Code   232  stm32f4xx_hal_gpio.o(.text.HAL_GPIO_DeInit)
    HAL_GPIO_Init                            0x0800116d   Thumb Code   396  stm32f4xx_hal_gpio.o(.text.HAL_GPIO_Init)
    HAL_GPIO_WritePin                        0x080012f9   Thumb Code    10  stm32f4xx_hal_gpio.o(.text.HAL_GPIO_WritePin)
    HAL_GetTick                              0x08001305   Thumb Code    12  stm32f4xx_hal.o(.text.HAL_GetTick)
    HAL_I2CEx_ConfigAnalogFilter             0x0800130d   Thumb Code    60  stm32f4xx_hal_i2c_ex.o(.text.HAL_I2CEx_ConfigAnalogFilter)
    HAL_I2CEx_ConfigDigitalFilter            0x08001349   Thumb Code    64  stm32f4xx_hal_i2c_ex.o(.text.HAL_I2CEx_ConfigDigitalFilter)
    HAL_I2C_Init                             0x08001389   Thumb Code   372  stm32f4xx_hal_i2c.o(.text.HAL_I2C_Init)
    HAL_I2C_MspInit                          0x080014fd   Thumb Code   180  stm32f4xx_hal_msp.o(.text.HAL_I2C_MspInit)
    HAL_IncTick                              0x080015ad   Thumb Code    24  stm32f4xx_hal.o(.text.HAL_IncTick)
    HAL_Init                                 0x080015c1   Thumb Code    52  stm32f4xx_hal.o(.text.HAL_Init)
    HAL_InitTick                             0x080015f5   Thumb Code    64  stm32f4xx_hal.o(.text.HAL_InitTick)
    HAL_LTDC_ConfigLayer                     0x08001635   Thumb Code    72  stm32f4xx_hal_ltdc.o(.text.HAL_LTDC_ConfigLayer)
    HAL_LTDC_EnableDither                    0x0800167d   Thumb Code    44  stm32f4xx_hal_ltdc.o(.text.HAL_LTDC_EnableDither)
    HAL_LTDC_Init                            0x080016a9   Thumb Code   220  stm32f4xx_hal_ltdc.o(.text.HAL_LTDC_Init)
    HAL_LTDC_MspInit                         0x08001785   Thumb Code   384  stm32f4xx_hal_msp.o(.text.HAL_LTDC_MspInit)
    HAL_MspInit                              0x08001901   Thumb Code    56  stm32f4xx_hal_msp.o(.text.HAL_MspInit)
    HAL_NVIC_EnableIRQ                       0x08001939   Thumb Code    28  stm32f4xx_hal_cortex.o(.text.HAL_NVIC_EnableIRQ)
    HAL_NVIC_SetPriority                     0x08001955   Thumb Code    64  stm32f4xx_hal_cortex.o(.text.HAL_NVIC_SetPriority)
    HAL_NVIC_SetPriorityGrouping             0x08001991   Thumb Code    32  stm32f4xx_hal_cortex.o(.text.HAL_NVIC_SetPriorityGrouping)
    HAL_RCCEx_PeriphCLKConfig                0x080019b1   Thumb Code   516  stm32f4xx_hal_rcc_ex.o(.text.HAL_RCCEx_PeriphCLKConfig)
    HAL_RCC_ClockConfig                      0x08001bb1   Thumb Code   292  stm32f4xx_hal_rcc.o(.text.HAL_RCC_ClockConfig)
    HAL_RCC_GetPCLK1Freq                     0x08001cd1   Thumb Code    32  stm32f4xx_hal_rcc.o(.text.HAL_RCC_GetPCLK1Freq)
    HAL_RCC_GetSysClockFreq                  0x08001cf1   Thumb Code    92  stm32f4xx_hal_rcc.o(.text.HAL_RCC_GetSysClockFreq)
    HAL_RCC_OscConfig                        0x08001d4d   Thumb Code   728  stm32f4xx_hal_rcc.o(.text.HAL_RCC_OscConfig)
    HAL_SDRAM_Init                           0x08002025   Thumb Code    64  stm32f4xx_hal_sdram.o(.text.HAL_SDRAM_Init)
    HAL_SDRAM_MspInit                        0x08002065   Thumb Code   232  stm32f4xx_hal_msp.o(.text.HAL_SDRAM_MspInit)
    HAL_SDRAM_ProgramRefreshRate             0x0800214d   Thumb Code    36  stm32f4xx_hal_sdram.o(.text.HAL_SDRAM_ProgramRefreshRate)
    HAL_SDRAM_SendCommand                    0x08002171   Thumb Code    50  stm32f4xx_hal_sdram.o(.text.HAL_SDRAM_SendCommand)
    HAL_SPI_DeInit                           0x080021a3   Thumb Code    46  stm32f4xx_hal_spi.o(.text.HAL_SPI_DeInit)
    HAL_SPI_GetState                         0x080021d1   Thumb Code     6  stm32f4xx_hal_spi.o(.text.HAL_SPI_GetState)
    HAL_SPI_Init                             0x080021d7   Thumb Code   126  stm32f4xx_hal_spi.o(.text.HAL_SPI_Init)
    HAL_SPI_MspDeInit                        0x08002255   Thumb Code    40  stm32f4xx_hal_msp.o(.text.HAL_SPI_MspDeInit)
    HAL_SPI_MspInit                          0x08002279   Thumb Code   108  stm32f4xx_hal_msp.o(.text.HAL_SPI_MspInit)
    HAL_SPI_Receive                          0x080022e5   Thumb Code   302  stm32f4xx_hal_spi.o(.text.HAL_SPI_Receive)
    HAL_SPI_Transmit                         0x08002413   Thumb Code   354  stm32f4xx_hal_spi.o(.text.HAL_SPI_Transmit)
    HAL_SPI_TransmitReceive                  0x08002575   Thumb Code   468  stm32f4xx_hal_spi.o(.text.HAL_SPI_TransmitReceive)
    HAL_SYSTICK_Config                       0x08002749   Thumb Code    40  stm32f4xx_hal_cortex.o(.text.HAL_SYSTICK_Config)
    HardFault_Handler                        0x08002771   Thumb Code     2  stm32f4xx_it.o(.text.HardFault_Handler)
    LCD_Delay                                0x08002773   Thumb Code     4  stm32f429i_discovery.o(.text.LCD_Delay)
    LCD_IO_Init                              0x08002779   Thumb Code   208  stm32f429i_discovery.o(.text.LCD_IO_Init)
    LCD_IO_ReadData                          0x08002845   Thumb Code   104  stm32f429i_discovery.o(.text.LCD_IO_ReadData)
    LCD_IO_WriteData                         0x080028a1   Thumb Code    56  stm32f429i_discovery.o(.text.LCD_IO_WriteData)
    LCD_IO_WriteReg                          0x080028d1   Thumb Code    56  stm32f429i_discovery.o(.text.LCD_IO_WriteReg)
    MemManage_Handler                        0x08002a31   Thumb Code     2  stm32f4xx_it.o(.text.MemManage_Handler)
    NMI_Handler                              0x08002a33   Thumb Code     2  stm32f4xx_it.o(.text.NMI_Handler)
    PendSV_Handler                           0x08002a35   Thumb Code     2  stm32f4xx_it.o(.text.PendSV_Handler)
    SVC_Handler                              0x08002c29   Thumb Code     2  stm32f4xx_it.o(.text.SVC_Handler)
    SysTick_Handler                          0x08002c2b   Thumb Code     4  stm32f4xx_it.o(.text.SysTick_Handler)
    SystemClock_Config                       0x08002c31   Thumb Code   168  main.o(.text.SystemClock_Config)
    SystemInit                               0x08002cd9   Thumb Code    76  system_stm32f4xx.o(.text.SystemInit)
    UsageFault_Handler                       0x08002d25   Thumb Code     2  stm32f4xx_it.o(.text.UsageFault_Handler)
    ili9341_DisplayOff                       0x08002d4d   Thumb Code     6  ili9341.o(.text.ili9341_DisplayOff)
    ili9341_DisplayOn                        0x08002d53   Thumb Code     6  ili9341.o(.text.ili9341_DisplayOn)
    ili9341_GetLcdPixelHeight                0x08002d59   Thumb Code     6  ili9341.o(.text.ili9341_GetLcdPixelHeight)
    ili9341_GetLcdPixelWidth                 0x08002d5f   Thumb Code     4  ili9341.o(.text.ili9341_GetLcdPixelWidth)
    ili9341_Init                             0x08002d65   Thumb Code   460  ili9341.o(.text.ili9341_Init)
    ili9341_ReadID                           0x08002f31   Thumb Code    18  ili9341.o(.text.ili9341_ReadID)
    ili9341_WriteData                        0x08002f43   Thumb Code     4  ili9341.o(.text.ili9341_WriteData)
    main                                     0x08002f49   Thumb Code   640  main.o(.text.main)
    __scatterload_copy                       0x080031c9   Thumb Code    14  handlers.o(i.__scatterload_copy)
    __scatterload_null                       0x080031d7   Thumb Code     2  handlers.o(i.__scatterload_null)
    __scatterload_zeroinit                   0x080031d9   Thumb Code    14  handlers.o(i.__scatterload_zeroinit)
    AHBPrescTable                            0x080031e6   Data          16  system_stm32f4xx.o(.rodata.AHBPrescTable)
    APBPrescTable                            0x080031f6   Data           8  system_stm32f4xx.o(.rodata.APBPrescTable)
    Font24_Table                             0x080031fe   Data        6840  stm32f429i_discovery_lcd.o(.rodata.Font24_Table)
    Region$$Table$$Base                      0x08004cd8   Number         0  anon$$obj.o(Region$$Table)
    Region$$Table$$Limit                     0x08004cf8   Number         0  anon$$obj.o(Region$$Table)
    uwTickFreq                               0x20000000   Data           1  stm32f4xx_hal.o(.data..L_MergedGlobals)
    uwTickPrio                               0x20000004   Data           4  stm32f4xx_hal.o(.data..L_MergedGlobals)
    Font24                                   0x20000008   Data           8  stm32f429i_discovery_lcd.o(.data.Font24)
    SpixTimeout                              0x20000010   Data           4  stm32f429i_discovery.o(.data.SpixTimeout)
    SystemCoreClock                          0x20000014   Data           4  system_stm32f4xx.o(.data.SystemCoreClock)
    ili9341_drv                              0x20000018   Data          56  ili9341.o(.data.ili9341_drv)
    hsdram1                                  0x20000050   Data          52  main.o(.bss..L_MergedGlobals)
    hdma2d                                   0x20000084   Data          64  main.o(.bss..L_MergedGlobals)
    LcdDrv                                   0x200000c4   Data           4  stm32f429i_discovery_lcd.o(.bss..L_MergedGlobals)
    LtdcHandler                              0x2000021c   Data         168  stm32f429i_discovery_lcd.o(.bss.LtdcHandler)
    hi2c3                                    0x2000031c   Data          84  main.o(.bss.hi2c3)
    hltdc                                    0x20000370   Data         168  main.o(.bss.hltdc)
    hspi5                                    0x20000418   Data          88  main.o(.bss.hspi5)
    uwTick                                   0x20000470   Data           4  stm32f4xx_hal.o(.bss.uwTick)
    __initial_sp                             0x20000878   Data           0  startup_stm32f429xx.o(STACK)



==============================================================================

Memory Map of the image

  Image Entry point : 0x080001ad

  Load Region LR_IROM1 (Base: 0x08000000, Size: 0x00004d48, Max: 0x00200000, ABSOLUTE)

    Execution Region ER_IROM1 (Exec base: 0x08000000, Load base: 0x08000000, Size: 0x00004cf8, Max: 0x00200000, ABSOLUTE)

    Exec Addr    Load Addr    Size         Type   Attr      Idx    E Section Name        Object

    0x08000000   0x08000000   0x000001ac   Data   RO            3    RESET               startup_stm32f429xx.o
    0x080001ac   0x080001ac   0x00000000   Code   RO         1334  * .ARM.Collect$$$$00000000  mc_w.l(entry.o)
    0x080001ac   0x080001ac   0x00000004   Code   RO         1345    .ARM.Collect$$$$00000001  mc_w.l(entry2.o)
    0x080001b0   0x080001b0   0x00000004   Code   RO         1348    .ARM.Collect$$$$00000004  mc_w.l(entry5.o)
    0x080001b4   0x080001b4   0x00000000   Code   RO         1350    .ARM.Collect$$$$00000008  mc_w.l(entry7b.o)
    0x080001b4   0x080001b4   0x00000000   Code   RO         1352    .ARM.Collect$$$$0000000A  mc_w.l(entry8b.o)
    0x080001b4   0x080001b4   0x00000008   Code   RO         1353    .ARM.Collect$$$$0000000B  mc_w.l(entry9a.o)
    0x080001bc   0x080001bc   0x00000000   Code   RO         1355    .ARM.Collect$$$$0000000D  mc_w.l(entry10a.o)
    0x080001bc   0x080001bc   0x00000000   Code   RO         1357    .ARM.Collect$$$$0000000F  mc_w.l(entry11a.o)
    0x080001bc   0x080001bc   0x00000004   Code   RO         1346    .ARM.Collect$$$$00002712  mc_w.l(entry2.o)
    0x080001c0   0x080001c0   0x00000024   Code   RO            4    .text               startup_stm32f429xx.o
    0x080001e4   0x080001e4   0x00000062   Code   RO         1337    .text               mc_w.l(uldiv.o)
    0x08000246   0x08000246   0x00000024   Code   RO         1339    .text               mc_w.l(memcpya.o)
    0x0800026a   0x0800026a   0x00000024   Code   RO         1341    .text               mc_w.l(memseta.o)
    0x0800028e   0x0800028e   0x0000001e   Code   RO         1359    .text               mc_w.l(llshl.o)
    0x080002ac   0x080002ac   0x00000020   Code   RO         1361    .text               mc_w.l(llushr.o)
    0x080002cc   0x080002cc   0x00000024   Code   RO         1363    .text               mc_w.l(init.o)
    0x080002f0   0x080002f0   0x00000038   Code   RO         1209    .text.BSP_LCD_Clear  stm32f429i_discovery_lcd.o
    0x08000328   0x08000328   0x000000c8   Code   RO         1217    .text.BSP_LCD_DisplayChar  stm32f429i_discovery_lcd.o
    0x080003f0   0x080003f0   0x0000000c   Code   RO         1249    .text.BSP_LCD_DisplayOn  stm32f429i_discovery_lcd.o
    0x080003fc   0x080003fc   0x000000a4   Code   RO         1219    .text.BSP_LCD_DisplayStringAt  stm32f429i_discovery_lcd.o
    0x080004a0   0x080004a0   0x00000020   Code   RO         1221    .text.BSP_LCD_DisplayStringAtLine  stm32f429i_discovery_lcd.o
    0x080004c0   0x080004c0   0x00000028   Code   RO         1229    .text.BSP_LCD_DrawPixel  stm32f429i_discovery_lcd.o
    0x080004e8   0x080004e8   0x00000090   Code   RO         1157    .text.BSP_LCD_Init  stm32f429i_discovery_lcd.o
    0x08000578   0x08000578   0x00000088   Code   RO         1167    .text.BSP_LCD_LayerDefaultInit  stm32f429i_discovery_lcd.o
    0x08000600   0x08000600   0x00000130   Code   RO         1159    .text.BSP_LCD_MspInit  stm32f429i_discovery_lcd.o
    0x08000730   0x08000730   0x00000008   Code   RO         1169    .text.BSP_LCD_SelectLayer  stm32f429i_discovery_lcd.o
    0x08000738   0x08000738   0x00000014   Code   RO         1201    .text.BSP_LCD_SetTextColor  stm32f429i_discovery_lcd.o
    0x0800074c   0x0800074c   0x00000078   Code   RO         1275    .text.BSP_SDRAM_Init  stm32f429i_discovery_sdram.o
    0x080007c4   0x080007c4   0x00000090   Code   RO         1279    .text.BSP_SDRAM_Initialization_sequence  stm32f429i_discovery_sdram.o
    0x08000854   0x08000854   0x00000188   Code   RO         1277    .text.BSP_SDRAM_MspInit  stm32f429i_discovery_sdram.o
    0x080009dc   0x080009dc   0x00000002   Code   RO           37    .text.BusFault_Handler  stm32f4xx_it.o
    0x080009de   0x080009de   0x00000002   PAD
    0x080009e0   0x080009e0   0x0000009e   Code   RO          104    .text.DMA2D_SetConfig  stm32f4xx_hal_dma2d.o
    0x08000a7e   0x08000a7e   0x00000002   PAD
    0x08000a80   0x08000a80   0x00000030   Code   RO          816    .text.DMA_CalcBaseAndBitshift  stm32f4xx_hal_dma.o
    0x08000ab0   0x08000ab0   0x00000002   Code   RO           43    .text.DebugMon_Handler  stm32f4xx_it.o
    0x08000ab2   0x08000ab2   0x00000084   Code   RO          195    .text.FMC_SDRAM_Init  stm32f4xx_ll_fmc.o
    0x08000b36   0x08000b36   0x0000000c   Code   RO          207    .text.FMC_SDRAM_ProgramRefreshRate  stm32f4xx_ll_fmc.o
    0x08000b42   0x08000b42   0x0000004e   Code   RO          205    .text.FMC_SDRAM_SendCommand  stm32f4xx_ll_fmc.o
    0x08000b90   0x08000b90   0x000000bc   Code   RO          197    .text.FMC_SDRAM_Timing_Init  stm32f4xx_ll_fmc.o
    0x08000c4c   0x08000c4c   0x00000058   Code   RO         1211    .text.FillBuffer    stm32f429i_discovery_lcd.o
    0x08000ca4   0x08000ca4   0x0000009c   Code   RO          134    .text.HAL_DMA2D_ConfigLayer  stm32f4xx_hal_dma2d.o
    0x08000d40   0x08000d40   0x00000056   Code   RO           90    .text.HAL_DMA2D_Init  stm32f4xx_hal_dma2d.o
    0x08000d96   0x08000d96   0x00000002   PAD
    0x08000d98   0x08000d98   0x00000030   Code   RO           59    .text.HAL_DMA2D_MspInit  stm32f4xx_hal_msp.o
    0x08000dc8   0x08000dc8   0x000000ee   Code   RO          126    .text.HAL_DMA2D_PollForTransfer  stm32f4xx_hal_dma2d.o
    0x08000eb6   0x08000eb6   0x00000038   Code   RO          102    .text.HAL_DMA2D_Start  stm32f4xx_hal_dma2d.o
    0x08000eee   0x08000eee   0x0000005a   Code   RO          818    .text.HAL_DMA_DeInit  stm32f4xx_hal_dma.o
    0x08000f48   0x08000f48   0x00000128   Code   RO          814    .text.HAL_DMA_Init  stm32f4xx_hal_dma.o
    0x08001070   0x08001070   0x00000024   Code   RO          990    .text.HAL_Delay     stm32f4xx_hal.o
    0x08001094   0x08001094   0x000000d8   Code   RO          776    .text.HAL_GPIO_DeInit  stm32f4xx_hal_gpio.o
    0x0800116c   0x0800116c   0x0000018c   Code   RO          774    .text.HAL_GPIO_Init  stm32f4xx_hal_gpio.o
    0x080012f8   0x080012f8   0x0000000a   Code   RO          780    .text.HAL_GPIO_WritePin  stm32f4xx_hal_gpio.o
    0x08001302   0x08001302   0x00000002   PAD
    0x08001304   0x08001304   0x00000008   Code   RO          982    .text.HAL_GetTick   stm32f4xx_hal.o
    0x0800130c   0x0800130c   0x0000003c   Code   RO          408    .text.HAL_I2CEx_ConfigAnalogFilter  stm32f4xx_hal_i2c_ex.o
    0x08001348   0x08001348   0x00000040   Code   RO          410    .text.HAL_I2CEx_ConfigDigitalFilter  stm32f4xx_hal_i2c_ex.o
    0x08001388   0x08001388   0x00000174   Code   RO          277    .text.HAL_I2C_Init  stm32f4xx_hal_i2c.o
    0x080014fc   0x080014fc   0x000000b0   Code   RO           63    .text.HAL_I2C_MspInit  stm32f4xx_hal_msp.o
    0x080015ac   0x080015ac   0x00000014   Code   RO          980    .text.HAL_IncTick   stm32f4xx_hal.o
    0x080015c0   0x080015c0   0x00000034   Code   RO          970    .text.HAL_Init      stm32f4xx_hal.o
    0x080015f4   0x080015f4   0x00000040   Code   RO          972    .text.HAL_InitTick  stm32f4xx_hal.o
    0x08001634   0x08001634   0x00000048   Code   RO          437    .text.HAL_LTDC_ConfigLayer  stm32f4xx_hal_ltdc.o
    0x0800167c   0x0800167c   0x0000002c   Code   RO          453    .text.HAL_LTDC_EnableDither  stm32f4xx_hal_ltdc.o
    0x080016a8   0x080016a8   0x000000dc   Code   RO          421    .text.HAL_LTDC_Init  stm32f4xx_hal_ltdc.o
    0x08001784   0x08001784   0x0000017c   Code   RO           67    .text.HAL_LTDC_MspInit  stm32f4xx_hal_msp.o
    0x08001900   0x08001900   0x00000038   Code   RO           57    .text.HAL_MspInit   stm32f4xx_hal_msp.o
    0x08001938   0x08001938   0x0000001c   Code   RO          927    .text.HAL_NVIC_EnableIRQ  stm32f4xx_hal_cortex.o
    0x08001954   0x08001954   0x0000003c   Code   RO          923    .text.HAL_NVIC_SetPriority  stm32f4xx_hal_cortex.o
    0x08001990   0x08001990   0x00000020   Code   RO          921    .text.HAL_NVIC_SetPriorityGrouping  stm32f4xx_hal_cortex.o
    0x080019b0   0x080019b0   0x00000200   Code   RO          671    .text.HAL_RCCEx_PeriphCLKConfig  stm32f4xx_hal_rcc_ex.o
    0x08001bb0   0x08001bb0   0x00000120   Code   RO          638    .text.HAL_RCC_ClockConfig  stm32f4xx_hal_rcc.o
    0x08001cd0   0x08001cd0   0x00000020   Code   RO          650    .text.HAL_RCC_GetPCLK1Freq  stm32f4xx_hal_rcc.o
    0x08001cf0   0x08001cf0   0x0000005c   Code   RO          640    .text.HAL_RCC_GetSysClockFreq  stm32f4xx_hal_rcc.o
    0x08001d4c   0x08001d4c   0x000002d8   Code   RO          636    .text.HAL_RCC_OscConfig  stm32f4xx_hal_rcc.o
    0x08002024   0x08002024   0x00000040   Code   RO          222    .text.HAL_SDRAM_Init  stm32f4xx_hal_sdram.o
    0x08002064   0x08002064   0x000000e8   Code   RO           75    .text.HAL_SDRAM_MspInit  stm32f4xx_hal_msp.o
    0x0800214c   0x0800214c   0x00000024   Code   RO          260    .text.HAL_SDRAM_ProgramRefreshRate  stm32f4xx_hal_sdram.o
    0x08002170   0x08002170   0x00000032   Code   RO          258    .text.HAL_SDRAM_SendCommand  stm32f4xx_hal_sdram.o
    0x080021a2   0x080021a2   0x0000002e   Code   RO          517    .text.HAL_SPI_DeInit  stm32f4xx_hal_spi.o
    0x080021d0   0x080021d0   0x00000006   Code   RO          611    .text.HAL_SPI_GetState  stm32f4xx_hal_spi.o
    0x080021d6   0x080021d6   0x0000007e   Code   RO          513    .text.HAL_SPI_Init  stm32f4xx_hal_spi.o
    0x08002254   0x08002254   0x00000024   Code   RO           73    .text.HAL_SPI_MspDeInit  stm32f4xx_hal_msp.o
    0x08002278   0x08002278   0x0000006c   Code   RO           71    .text.HAL_SPI_MspInit  stm32f4xx_hal_msp.o
    0x080022e4   0x080022e4   0x0000012e   Code   RO          525    .text.HAL_SPI_Receive  stm32f4xx_hal_spi.o
    0x08002412   0x08002412   0x00000162   Code   RO          521    .text.HAL_SPI_Transmit  stm32f4xx_hal_spi.o
    0x08002574   0x08002574   0x000001d4   Code   RO          527    .text.HAL_SPI_TransmitReceive  stm32f4xx_hal_spi.o
    0x08002748   0x08002748   0x00000028   Code   RO          935    .text.HAL_SYSTICK_Config  stm32f4xx_hal_cortex.o
    0x08002770   0x08002770   0x00000002   Code   RO           33    .text.HardFault_Handler  stm32f4xx_it.o
    0x08002772   0x08002772   0x00000004   Code   RO         1108    .text.LCD_Delay     stm32f429i_discovery.o
    0x08002776   0x08002776   0x00000002   PAD
    0x08002778   0x08002778   0x000000cc   Code   RO         1096    .text.LCD_IO_Init   stm32f429i_discovery.o
    0x08002844   0x08002844   0x0000005c   Code   RO         1106    .text.LCD_IO_ReadData  stm32f429i_discovery.o
    0x080028a0   0x080028a0   0x00000030   Code   RO         1100    .text.LCD_IO_WriteData  stm32f429i_discovery.o
    0x080028d0   0x080028d0   0x00000038   Code   RO         1104    .text.LCD_IO_WriteReg  stm32f429i_discovery.o
    0x08002908   0x08002908   0x00000128   Code   RO          439    .text.LTDC_SetConfig  stm32f4xx_hal_ltdc.o
    0x08002a30   0x08002a30   0x00000002   Code   RO           35    .text.MemManage_Handler  stm32f4xx_it.o
    0x08002a32   0x08002a32   0x00000002   Code   RO           31    .text.NMI_Handler   stm32f4xx_it.o
    0x08002a34   0x08002a34   0x00000002   Code   RO           45    .text.PendSV_Handler  stm32f4xx_it.o
    0x08002a36   0x08002a36   0x00000052   Code   RO          529    .text.SPI_EndRxTransaction  stm32f4xx_hal_spi.o
    0x08002a88   0x08002a88   0x00000058   Code   RO          523    .text.SPI_EndRxTxTransaction  stm32f4xx_hal_spi.o
    0x08002ae0   0x08002ae0   0x00000080   Code   RO          621    .text.SPI_WaitFlagStateUntilTimeout  stm32f4xx_hal_spi.o
    0x08002b60   0x08002b60   0x00000010   Code   RO         1134    .text.SPIx_Error    stm32f429i_discovery.o
    0x08002b70   0x08002b70   0x00000090   Code   RO         1098    .text.SPIx_Init     stm32f429i_discovery.o
    0x08002c00   0x08002c00   0x00000028   Code   RO         1102    .text.SPIx_Write    stm32f429i_discovery.o
    0x08002c28   0x08002c28   0x00000002   Code   RO           41    .text.SVC_Handler   stm32f4xx_it.o
    0x08002c2a   0x08002c2a   0x00000004   Code   RO           47    .text.SysTick_Handler  stm32f4xx_it.o
    0x08002c2e   0x08002c2e   0x00000002   PAD
    0x08002c30   0x08002c30   0x000000a8   Code   RO           13    .text.SystemClock_Config  main.o
    0x08002cd8   0x08002cd8   0x0000004c   Code   RO         1066    .text.SystemInit    system_stm32f4xx.o
    0x08002d24   0x08002d24   0x00000002   Code   RO           39    .text.UsageFault_Handler  stm32f4xx_it.o
    0x08002d26   0x08002d26   0x00000002   PAD
    0x08002d28   0x08002d28   0x00000024   Code   RO          925    .text.__NVIC_SetPriority  stm32f4xx_hal_cortex.o
    0x08002d4c   0x08002d4c   0x00000006   Code   RO         1313    .text.ili9341_DisplayOff  ili9341.o
    0x08002d52   0x08002d52   0x00000006   Code   RO         1311    .text.ili9341_DisplayOn  ili9341.o
    0x08002d58   0x08002d58   0x00000006   Code   RO         1317    .text.ili9341_GetLcdPixelHeight  ili9341.o
    0x08002d5e   0x08002d5e   0x00000004   Code   RO         1315    .text.ili9341_GetLcdPixelWidth  ili9341.o
    0x08002d62   0x08002d62   0x00000002   PAD
    0x08002d64   0x08002d64   0x000001cc   Code   RO         1307    .text.ili9341_Init  ili9341.o
    0x08002f30   0x08002f30   0x00000012   Code   RO         1309    .text.ili9341_ReadID  ili9341.o
    0x08002f42   0x08002f42   0x00000004   Code   RO         1321    .text.ili9341_WriteData  ili9341.o
    0x08002f46   0x08002f46   0x00000002   PAD
    0x08002f48   0x08002f48   0x00000280   Code   RO           11    .text.main          main.o
    0x080031c8   0x080031c8   0x0000000e   Code   RO         1367    i.__scatterload_copy  mc_w.l(handlers.o)
    0x080031d6   0x080031d6   0x00000002   Code   RO         1368    i.__scatterload_null  mc_w.l(handlers.o)
    0x080031d8   0x080031d8   0x0000000e   Code   RO         1369    i.__scatterload_zeroinit  mc_w.l(handlers.o)
    0x080031e6   0x080031e6   0x00000010   Data   RO         1071    .rodata.AHBPrescTable  system_stm32f4xx.o
    0x080031f6   0x080031f6   0x00000008   Data   RO         1072    .rodata.APBPrescTable  system_stm32f4xx.o
    0x080031fe   0x080031fe   0x00001ab8   Data   RO         1253    .rodata.Font24_Table  stm32f429i_discovery_lcd.o
    0x08004cb6   0x08004cb6   0x00000002   PAD
    0x08004cb8   0x08004cb8   0x00000020   Data   RO          501    .rodata.cst32       stm32f4xx_hal_ltdc.o
    0x08004cd8   0x08004cd8   0x00000020   Data   RO         1366    Region$$Table       anon$$obj.o


    Execution Region RW_IRAM1 (Exec base: 0x20000000, Load base: 0x08004cf8, Size: 0x00000878, Max: 0x00030000, ABSOLUTE)

    Exec Addr    Load Addr    Size         Type   Attr      Idx    E Section Name        Object

    0x20000000   0x08004cf8   0x00000008   Data   RW         1029    .data..L_MergedGlobals  stm32f4xx_hal.o
    0x20000008   0x08004d00   0x00000008   Data   RW         1254    .data.Font24        stm32f429i_discovery_lcd.o
    0x20000010   0x08004d08   0x00000004   Data   RW         1144    .data.SpixTimeout   stm32f429i_discovery.o
    0x20000014   0x08004d0c   0x00000004   Data   RW         1070    .data.SystemCoreClock  system_stm32f4xx.o
    0x20000018   0x08004d10   0x00000038   Data   RW         1325    .data.ili9341_drv   ili9341.o
    0x20000050        -       0x00000074   Zero   RW           21    .bss..L_MergedGlobals  main.o
    0x200000c4        -       0x00000050   Zero   RW         1265    .bss..L_MergedGlobals  stm32f429i_discovery_lcd.o
    0x20000114        -       0x00000064   Zero   RW         1297    .bss..L_MergedGlobals  stm32f429i_discovery_sdram.o
    0x20000178        -       0x00000060   Zero   RW         1295    .bss.BSP_SDRAM_MspInit.dmaHandle  stm32f429i_discovery_sdram.o
    0x200001d8        -       0x00000040   Zero   RW         1264    .bss.Dma2dHandler   stm32f429i_discovery_lcd.o
    0x20000218        -       0x00000001   Zero   RW           79    .bss.FMC_Initialized  stm32f4xx_hal_msp.o
    0x20000219        -       0x00000001   Zero   RW         1145    .bss.Is_LCD_IO_Initialized  stm32f429i_discovery.o
    0x2000021a   0x08004d48   0x00000002   PAD
    0x2000021c        -       0x000000a8   Zero   RW         1263    .bss.LtdcHandler    stm32f429i_discovery_lcd.o
    0x200002c4        -       0x00000058   Zero   RW         1147    .bss.SpiHandle      stm32f429i_discovery.o
    0x2000031c        -       0x00000054   Zero   RW           17    .bss.hi2c3          main.o
    0x20000370        -       0x000000a8   Zero   RW           18    .bss.hltdc          main.o
    0x20000418        -       0x00000058   Zero   RW           19    .bss.hspi5          main.o
    0x20000470        -       0x00000004   Zero   RW         1028    .bss.uwTick         stm32f4xx_hal.o
    0x20000474   0x08004d48   0x00000004   PAD
    0x20000478        -       0x00000400   Zero   RW            1    STACK               startup_stm32f429xx.o


==============================================================================

Image component sizes


      Code (inc. data)   RO Data    RW Data    ZI Data      Debug   Object Name

       504          8          0         56          0       4040   ili9341.o
       808         72          0          0        456      11826   main.o
        36          8        428          0       1024        804   startup_stm32f429xx.o
       604         36          0          4         89      16094   stm32f429i_discovery.o
      1204         32       6840          8        312      26337   stm32f429i_discovery_lcd.o
       656         32          0          0        196       9481   stm32f429i_discovery_sdram.o
       180         20          0          8          4       7642   stm32f4xx_hal.o
       196         28          0          0          0       9961   stm32f4xx_hal_cortex.o
       434         16          0          0          0       8307   stm32f4xx_hal_dma.o
       694          8          0          0          0      11250   stm32f4xx_hal_dma2d.o
       622         24          0          0          0       4851   stm32f4xx_hal_gpio.o
       372         20          0          0          0      34351   stm32f4xx_hal_i2c.o
       124          0          0          0          0       3983   stm32f4xx_hal_i2c_ex.o
       632         16         32          0          0      12795   stm32f4xx_hal_ltdc.o
      1036         52          0          0          1      12120   stm32f4xx_hal_msp.o
      1140         44          0          0          0       7035   stm32f4xx_hal_rcc.o
       512         16          0          0          0       5213   stm32f4xx_hal_rcc_ex.o
       150          0          0          0          0       9143   stm32f4xx_hal_sdram.o
      1600          8          0          0          0      19146   stm32f4xx_hal_spi.o
        20          0          0          0          0        980   stm32f4xx_it.o
       410         16          0          0          0      10369   stm32f4xx_ll_fmc.o
        76         16         24          4          0       2604   system_stm32f4xx.o

    ----------------------------------------------------------------------
     12028        472       7358         80       2088     228332   Object Totals
         0          0         32          0          0          0   (incl. Generated)
        18          0          2          0          6          0   (incl. Padding)

    ----------------------------------------------------------------------

      Code (inc. data)   RO Data    RW Data    ZI Data      Debug   Library Member Name

         0          0          0          0          0          0   entry.o
         0          0          0          0          0          0   entry10a.o
         0          0          0          0          0          0   entry11a.o
         8          4          0          0          0          0   entry2.o
         4          0          0          0          0          0   entry5.o
         0          0          0          0          0          0   entry7b.o
         0          0          0          0          0          0   entry8b.o
         8          4          0          0          0          0   entry9a.o
        30          0          0          0          0          0   handlers.o
        36          8          0          0          0         68   init.o
        30          0          0          0          0         68   llshl.o
        32          0          0          0          0         68   llushr.o
        36          0          0          0          0         68   memcpya.o
        36          0          0          0          0        108   memseta.o
        98          0          0          0          0         92   uldiv.o

    ----------------------------------------------------------------------
       318         16          0          0          0        472   Library Totals
         0          0          0          0          0          0   (incl. Padding)

    ----------------------------------------------------------------------

      Code (inc. data)   RO Data    RW Data    ZI Data      Debug   Library Name

       318         16          0          0          0        472   mc_w.l

    ----------------------------------------------------------------------
       318         16          0          0          0        472   Library Totals

    ----------------------------------------------------------------------

==============================================================================


      Code (inc. data)   RO Data    RW Data    ZI Data      Debug   

     12346        488       7358         80       2088     228532   Grand Totals
     12346        488       7358         80       2088     228532   ELF Image Totals
     12346        488       7358         80          0          0   ROM Totals

==============================================================================

    Total RO  Size (Code + RO Data)                19704 (  19.24kB)
    Total RW  Size (RW Data + ZI Data)              2168 (   2.12kB)
    Total ROM Size (Code + RO Data + RW Data)      19784 (  19.32kB)

==============================================================================

