Component: ARM Compiler 6.12 Tool: armlink [5d624300]

==============================================================================

Section Cross References

    startup_stm32f429xx.o(RESET) refers to startup_stm32f429xx.o(STACK) for __initial_sp
    startup_stm32f429xx.o(RESET) refers to startup_stm32f429xx.o(.text) for Reset_Handler
    startup_stm32f429xx.o(RESET) refers to stm32f4xx_it.o(.text.NMI_Handler) for NMI_Handler
    startup_stm32f429xx.o(RESET) refers to stm32f4xx_it.o(.text.HardFault_Handler) for HardFault_Handler
    startup_stm32f429xx.o(RESET) refers to stm32f4xx_it.o(.text.MemManage_Handler) for MemManage_Handler
    startup_stm32f429xx.o(RESET) refers to stm32f4xx_it.o(.text.BusFault_Handler) for BusFault_Handler
    startup_stm32f429xx.o(RESET) refers to stm32f4xx_it.o(.text.UsageFault_Handler) for UsageFault_Handler
    startup_stm32f429xx.o(RESET) refers to stm32f4xx_it.o(.text.SVC_Handler) for SVC_Handler
    startup_stm32f429xx.o(RESET) refers to stm32f4xx_it.o(.text.DebugMon_Handler) for DebugMon_Handler
    startup_stm32f429xx.o(RESET) refers to stm32f4xx_it.o(.text.PendSV_Handler) for PendSV_Handler
    startup_stm32f429xx.o(RESET) refers to stm32f4xx_it.o(.text.SysTick_Handler) for SysTick_Handler
    startup_stm32f429xx.o(RESET) refers to stm32f4xx_it.o(.text.ADC_IRQHandler) for ADC_IRQHandler
    startup_stm32f429xx.o(.text) refers to system_stm32f4xx.o(.text.SystemInit) for SystemInit
    startup_stm32f429xx.o(.text) refers to entry.o(.ARM.Collect$$$$00000000) for __main
    main.o(.text.main) refers to stm32f4xx_hal.o(.text.HAL_Init) for HAL_Init
    main.o(.text.main) refers to main.o(.text.SystemClock_Config) for SystemClock_Config
    main.o(.text.main) refers to stm32f4xx_hal_dma2d.o(.text.HAL_DMA2D_Init) for HAL_DMA2D_Init
    main.o(.text.main) refers to stm32f4xx_hal_dma2d.o(.text.HAL_DMA2D_ConfigLayer) for HAL_DMA2D_ConfigLayer
    main.o(.text.main) refers to stm32f4xx_hal_sdram.o(.text.HAL_SDRAM_Init) for HAL_SDRAM_Init
    main.o(.text.main) refers to stm32f4xx_hal_i2c.o(.text.HAL_I2C_Init) for HAL_I2C_Init
    main.o(.text.main) refers to stm32f4xx_hal_i2c_ex.o(.text.HAL_I2CEx_ConfigAnalogFilter) for HAL_I2CEx_ConfigAnalogFilter
    main.o(.text.main) refers to stm32f4xx_hal_i2c_ex.o(.text.HAL_I2CEx_ConfigDigitalFilter) for HAL_I2CEx_ConfigDigitalFilter
    main.o(.text.main) refers to memseta.o(.text) for __aeabi_memclr4
    main.o(.text.main) refers to stm32f4xx_hal_ltdc.o(.text.HAL_LTDC_Init) for HAL_LTDC_Init
    main.o(.text.main) refers to stm32f4xx_hal_ltdc.o(.text.HAL_LTDC_ConfigLayer) for HAL_LTDC_ConfigLayer
    main.o(.text.main) refers to stm32f4xx_hal_spi.o(.text.HAL_SPI_Init) for HAL_SPI_Init
    main.o(.text.main) refers to stm32f4xx_hal_adc.o(.text.HAL_ADC_Init) for HAL_ADC_Init
    main.o(.text.main) refers to stm32f4xx_hal_adc.o(.text.HAL_ADC_ConfigChannel) for HAL_ADC_ConfigChannel
    main.o(.text.main) refers to stm32f429i_discovery_lcd.o(.text.BSP_LCD_Init) for BSP_LCD_Init
    main.o(.text.main) refers to stm32f429i_discovery_lcd.o(.text.BSP_LCD_LayerDefaultInit) for BSP_LCD_LayerDefaultInit
    main.o(.text.main) refers to stm32f429i_discovery_lcd.o(.text.BSP_LCD_SelectLayer) for BSP_LCD_SelectLayer
    main.o(.text.main) refers to stm32f429i_discovery_lcd.o(.text.BSP_LCD_DisplayOn) for BSP_LCD_DisplayOn
    main.o(.text.main) refers to stm32f429i_discovery_lcd.o(.text.BSP_LCD_Clear) for BSP_LCD_Clear
    main.o(.text.main) refers to stm32f429i_discovery_lcd.o(.text.BSP_LCD_SetTextColor) for BSP_LCD_SetTextColor
    main.o(.text.main) refers to stm32f429i_discovery_lcd.o(.text.BSP_LCD_SetBackColor) for BSP_LCD_SetBackColor
    main.o(.text.main) refers to stm32f4xx_hal.o(.text.HAL_SetTickFreq) for HAL_SetTickFreq
    main.o(.text.main) refers to stm32f429i_discovery.o(.text.BSP_LED_Init) for BSP_LED_Init
    main.o(.text.main) refers to stm32f429i_discovery.o(.text.BSP_LED_Toggle) for BSP_LED_Toggle
    main.o(.text.main) refers to main.o(.text.HAL_ADC_ConvCpltCallback) for HAL_ADC_ConvCpltCallback
    main.o(.text.main) refers to stm32f429i_discovery_lcd.o(.text.BSP_LCD_FillRect) for BSP_LCD_FillRect
    main.o(.text.main) refers to main.o(.text.myDrawImageBit) for myDrawImageBit
    main.o(.text.main) refers to stm32f4xx_hal.o(.text.HAL_Delay) for HAL_Delay
    main.o(.text.main) refers to main.o(.bss..L_MergedGlobals) for [Anonymous Symbol]
    main.o(.text.main) refers to main.o(.bss.hi2c3) for hi2c3
    main.o(.text.main) refers to main.o(.bss.hltdc) for hltdc
    main.o(.text.main) refers to main.o(.bss.hspi5) for hspi5
    main.o(.text.main) refers to main.o(.bss.hadc1) for hadc1
    main.o(.text.main) refers to main.o(.rodata.image_data_Retron2000) for [Anonymous Symbol]
    main.o(.ARM.exidx.text.main) refers to main.o(.text.main) for [Anonymous Symbol]
    main.o(.text.SystemClock_Config) refers to memseta.o(.text) for __aeabi_memclr4
[...]
    Removing stm32f429i_discovery_lcd.o(.text.BSP_LCD_DrawPolygon), (60 bytes).
    Removing stm32f429i_discovery_lcd.o(.ARM.exidx.text.BSP_LCD_DrawPolygon), (8 bytes).
    Removing stm32f429i_discovery_lcd.o(.text.BSP_LCD_DrawEllipse), (264 bytes).
    Removing stm32f429i_discovery_lcd.o(.ARM.exidx.text.BSP_LCD_DrawEllipse), (8 bytes).
    Removing stm32f429i_discovery_lcd.o(.text.BSP_LCD_DrawBitmap), (176 bytes).
    Removing stm32f429i_discovery_lcd.o(.ARM.exidx.text.BSP_LCD_DrawBitmap), (8 bytes).
    Removing stm32f429i_discovery_lcd.o(.text.BSP_LCD_FillCircle), (160 bytes).
    Removing stm32f429i_discovery_lcd.o(.ARM.exidx.text.BSP_LCD_FillCircle), (8 bytes).
    Removing stm32f429i_discovery_lcd.o(.text.BSP_LCD_FillTriangle), (174 bytes).
    Removing stm32f429i_discovery_lcd.o(.ARM.exidx.text.BSP_LCD_FillTriangle), (8 bytes).
    Removing stm32f429i_discovery_lcd.o(.text.BSP_LCD_FillPolygon), (284 bytes).
    Removing stm32f429i_discovery_lcd.o(.ARM.exidx.text.BSP_LCD_FillPolygon), (8 bytes).
    Removing stm32f429i_discovery_lcd.o(.text.BSP_LCD_FillEllipse), (166 bytes).
    Removing stm32f429i_discovery_lcd.o(.ARM.exidx.text.BSP_LCD_FillEllipse), (8 bytes).
    Removing stm32f429i_discovery_lcd.o(.ARM.exidx.text.BSP_LCD_DisplayOn), (8 bytes).
    Removing stm32f429i_discovery_lcd.o(.text.BSP_LCD_DisplayOff), (16 bytes).
    Removing stm32f429i_discovery_lcd.o(.ARM.exidx.text.BSP_LCD_DisplayOff), (8 bytes).
    Removing stm32f429i_discovery_lcd.o(.rodata.Font20_Table), (3800 bytes).
    Removing stm32f429i_discovery_lcd.o(.data.Font20), (8 bytes).
    Removing stm32f429i_discovery_lcd.o(.rodata.Font16_Table), (3040 bytes).
    Removing stm32f429i_discovery_lcd.o(.data.Font16), (8 bytes).
    Removing stm32f429i_discovery_lcd.o(.rodata.Font12_Table), (1140 bytes).
    Removing stm32f429i_discovery_lcd.o(.data.Font12), (8 bytes).
    Removing stm32f429i_discovery_lcd.o(.rodata.Font8_Table), (760 bytes).
    Removing stm32f429i_discovery_lcd.o(.data.Font8), (8 bytes).
    Removing stm32f429i_discovery_sdram.o(.text), (0 bytes).
    Removing stm32f429i_discovery_sdram.o(.ARM.exidx.text.BSP_SDRAM_Init), (8 bytes).
    Removing stm32f429i_discovery_sdram.o(.ARM.exidx.text.BSP_SDRAM_MspInit), (8 bytes).
    Removing stm32f429i_discovery_sdram.o(.ARM.exidx.text.BSP_SDRAM_Initialization_sequence), (8 bytes).
    Removing stm32f429i_discovery_sdram.o(.text.BSP_SDRAM_ReadData), (28 bytes).
    Removing stm32f429i_discovery_sdram.o(.ARM.exidx.text.BSP_SDRAM_ReadData), (8 bytes).
    Removing stm32f429i_discovery_sdram.o(.text.BSP_SDRAM_ReadData_DMA), (28 bytes).
    Removing stm32f429i_discovery_sdram.o(.ARM.exidx.text.BSP_SDRAM_ReadData_DMA), (8 bytes).
    Removing stm32f429i_discovery_sdram.o(.text.BSP_SDRAM_WriteData), (48 bytes).
    Removing stm32f429i_discovery_sdram.o(.ARM.exidx.text.BSP_SDRAM_WriteData), (8 bytes).
    Removing stm32f429i_discovery_sdram.o(.text.BSP_SDRAM_WriteData_DMA), (28 bytes).
    Removing stm32f429i_discovery_sdram.o(.ARM.exidx.text.BSP_SDRAM_WriteData_DMA), (8 bytes).
    Removing stm32f429i_discovery_sdram.o(.text.BSP_SDRAM_Sendcmd), (28 bytes).
    Removing stm32f429i_discovery_sdram.o(.ARM.exidx.text.BSP_SDRAM_Sendcmd), (8 bytes).
    Removing stm32f429i_discovery_sdram.o(.text.BSP_SDRAM_DMA_IRQHandler), (12 bytes).
    Removing stm32f429i_discovery_sdram.o(.ARM.exidx.text.BSP_SDRAM_DMA_IRQHandler), (8 bytes).
    Removing stm32f429i_discovery_sdram.o(.text.BSP_SDRAM_MspDeInit), (36 bytes).
    Removing stm32f429i_discovery_sdram.o(.ARM.exidx.text.BSP_SDRAM_MspDeInit), (8 bytes).
    Removing stm32f429i_discovery_sdram.o(.bss.BSP_SDRAM_MspDeInit.dma_handle), (96 bytes).
    Removing ili9341.o(.text), (0 bytes).
    Removing ili9341.o(.ARM.exidx.text.ili9341_Init), (8 bytes).
    Removing ili9341.o(.ARM.exidx.text.ili9341_ReadID), (8 bytes).
    Removing ili9341.o(.ARM.exidx.text.ili9341_DisplayOn), (8 bytes).
    Removing ili9341.o(.ARM.exidx.text.ili9341_DisplayOff), (8 bytes).
    Removing ili9341.o(.ARM.exidx.text.ili9341_GetLcdPixelWidth), (8 bytes).
    Removing ili9341.o(.ARM.exidx.text.ili9341_GetLcdPixelHeight), (8 bytes).
    Removing ili9341.o(.text.ili9341_WriteReg), (4 bytes).
    Removing ili9341.o(.ARM.exidx.text.ili9341_WriteReg), (8 bytes).
    Removing ili9341.o(.ARM.exidx.text.ili9341_WriteData), (8 bytes).
    Removing ili9341.o(.text.ili9341_ReadData), (4 bytes).
    Removing ili9341.o(.ARM.exidx.text.ili9341_ReadData), (8 bytes).

1076 unused section(s) (total 57372 bytes) removed from the image.

==============================================================================

Image Symbol Table

    Local Symbols

    Symbol Name                              Value     Ov Type        Size  Object(Section)

    ../clib/microlib/division.c              0x00000000   Number         0  uldiv.o ABSOLUTE
    ../clib/microlib/init/entry.s            0x00000000   Number         0  entry.o ABSOLUTE
    ../clib/microlib/init/entry.s            0x00000000   Number         0  entry2.o ABSOLUTE
    ../clib/microlib/init/entry.s            0x00000000   Number         0  entry5.o ABSOLUTE
    ../clib/microlib/init/entry.s            0x00000000   Number         0  entry7a.o ABSOLUTE
    ../clib/microlib/init/entry.s            0x00000000   Number         0  entry7b.o ABSOLUTE
    ../clib/microlib/init/entry.s            0x00000000   Number         0  entry8a.o ABSOLUTE
    ../clib/microlib/init/entry.s            0x00000000   Number         0  entry8b.o ABSOLUTE
    ../clib/microlib/init/entry.s            0x00000000   Number         0  entry9a.o ABSOLUTE
    ../clib/microlib/init/entry.s            0x00000000   Number         0  entry9b.o ABSOLUTE
    ../clib/microlib/init/entry.s            0x00000000   Number         0  entry10a.o ABSOLUTE
    ../clib/microlib/init/entry.s            0x00000000   Number         0  entry10b.o ABSOLUTE
    ../clib/microlib/init/entry.s            0x00000000   Number         0  entry11a.o ABSOLUTE
    ../clib/microlib/init/entry.s            0x00000000   Number         0  entry11b.o ABSOLUTE
    ../clib/microlib/longlong.c              0x00000000   Number         0  llshl.o ABSOLUTE
    ../clib/microlib/longlong.c              0x00000000   Number         0  llushr.o ABSOLUTE
    ../clib/microlib/string/memcpy.c         0x00000000   Number         0  memcpya.o ABSOLUTE
    ../clib/microlib/string/memcpy.c         0x00000000   Number         0  memcpyb.o ABSOLUTE
    ../clib/microlib/string/memset.c         0x00000000   Number         0  memseta.o ABSOLUTE
    dc.s                                     0x00000000   Number         0  dc.o ABSOLUTE
    handlers.s                               0x00000000   Number         0  handlers.o ABSOLUTE
    ili9341.c                                0x00000000   Number         0  ili9341.o ABSOLUTE
    init.s                                   0x00000000   Number         0  init.o ABSOLUTE
    main.c                                   0x00000000   Number         0  main.o ABSOLUTE
    startup_stm32f429xx.s                    0x00000000   Number         0  startup_stm32f429xx.o ABSOLUTE
    stm32f429i_discovery.c                   0x00000000   Number         0  stm32f429i_discovery.o ABSOLUTE
    stm32f429i_discovery_lcd.c               0x00000000   Number         0  stm32f429i_discovery_lcd.o ABSOLUTE
    stm32f429i_discovery_sdram.c             0x00000000   Number         0  stm32f429i_discovery_sdram.o ABSOLUTE
    stm32f4xx_hal.c                          0x00000000   Number         0  stm32f4xx_hal.o ABSOLUTE
    stm32f4xx_hal_adc.c                      0x00000000   Number         0  stm32f4xx_hal_adc.o ABSOLUTE
    stm32f4xx_hal_adc_ex.c                   0x00000000   Number         0  stm32f4xx_hal_adc_ex.o ABSOLUTE
    stm32f4xx_hal_cortex.c                   0x00000000   Number         0  stm32f4xx_hal_cortex.o ABSOLUTE
    stm32f4xx_hal_dma.c                      0x00000000   Number         0  stm32f4xx_hal_dma.o ABSOLUTE
    stm32f4xx_hal_dma2d.c                    0x00000000   Number         0  stm32f4xx_hal_dma2d.o ABSOLUTE
    stm32f4xx_hal_dma_ex.c                   0x00000000   Number         0  stm32f4xx_hal_dma_ex.o ABSOLUTE
    stm32f4xx_hal_dsi.c                      0x00000000   Number         0  stm32f4xx_hal_dsi.o ABSOLUTE
    stm32f4xx_hal_exti.c                     0x00000000   Number         0  stm32f4xx_hal_exti.o ABSOLUTE
    stm32f4xx_hal_flash.c                    0x00000000   Number         0  stm32f4xx_hal_flash.o ABSOLUTE
    stm32f4xx_hal_flash_ex.c                 0x00000000   Number         0  stm32f4xx_hal_flash_ex.o ABSOLUTE
    stm32f4xx_hal_flash_ramfunc.c            0x00000000   Number         0  stm32f4xx_hal_flash_ramfunc.o ABSOLUTE
    stm32f4xx_hal_gpio.c                     0x00000000   Number         0  stm32f4xx_hal_gpio.o ABSOLUTE
    stm32f4xx_hal_i2c.c                      0x00000000   Number         0  stm32f4xx_hal_i2c.o ABSOLUTE
    stm32f4xx_hal_i2c_ex.c                   0x00000000   Number         0  stm32f4xx_hal_i2c_ex.o ABSOLUTE
    stm32f4xx_hal_ltdc.c                     0x00000000   Number         0  stm32f4xx_hal_ltdc.o ABSOLUTE
    stm32f4xx_hal_ltdc_ex.c                  0x00000000   Number         0  stm32f4xx_hal_ltdc_ex.o ABSOLUTE
    stm32f4xx_hal_msp.c                      0x00000000   Number         0  stm32f4xx_hal_msp.o ABSOLUTE
    stm32f4xx_hal_pwr.c                      0x00000000   Number         0  stm32f4xx_hal_pwr.o ABSOLUTE
    stm32f4xx_hal_pwr_ex.c                   0x00000000   Number         0  stm32f4xx_hal_pwr_ex.o ABSOLUTE
    stm32f4xx_hal_rcc.c                      0x00000000   Number         0  stm32f4xx_hal_rcc.o ABSOLUTE
    stm32f4xx_hal_rcc_ex.c                   0x00000000   Number         0  stm32f4xx_hal_rcc_ex.o ABSOLUTE
    stm32f4xx_hal_sdram.c                    0x00000000   Number         0  stm32f4xx_hal_sdram.o ABSOLUTE
    stm32f4xx_hal_spi.c                      0x00000000   Number         0  stm32f4xx_hal_spi.o ABSOLUTE
    stm32f4xx_hal_tim.c                      0x00000000   Number         0  stm32f4xx_hal_tim.o ABSOLUTE
    stm32f4xx_hal_tim_ex.c                   0x00000000   Number         0  stm32f4xx_hal_tim_ex.o ABSOLUTE
    stm32f4xx_it.c                           0x00000000   Number         0  stm32f4xx_it.o ABSOLUTE
    stm32f4xx_ll_fmc.c                       0x00000000   Number         0  stm32f4xx_ll_fmc.o ABSOLUTE
    system_stm32f4xx.c                       0x00000000   Number         0  system_stm32f4xx.o ABSOLUTE
    RESET                                    0x08000000   Section      428  startup_stm32f429xx.o(RESET)
    .ARM.Collect$$$$00000000                 0x080001ac   Section        0  entry.o(.ARM.Collect$$$$00000000)
    .ARM.Collect$$$$00000001                 0x080001ac   Section        4  entry2.o(.ARM.Collect$$$$00000001)
    .ARM.Collect$$$$00000004                 0x080001b0   Section        4  entry5.o(.ARM.Collect$$$$00000004)
    .ARM.Collect$$$$00000008                 0x080001b4   Section        0  entry7b.o(.ARM.Collect$$$$00000008)
    .ARM.Collect$$$$0000000A                 0x080001b4   Section        0  entry8b.o(.ARM.Collect$$$$0000000A)
    .ARM.Collect$$$$0000000B                 0x080001b4   Section        8  entry9a.o(.ARM.Collect$$$$0000000B)
    __lit__00000000                          0x080001bc   Data           4  entry2.o(.ARM.Collect$$$$00002712)
    .ARM.Collect$$$$0000000D                 0x080001bc   Section        0  entry10a.o(.ARM.Collect$$$$0000000D)
    .ARM.Collect$$$$0000000F                 0x080001bc   Section        0  entry11a.o(.ARM.Collect$$$$0000000F)
    .ARM.Collect$$$$00002712                 0x080001bc   Section        4  entry2.o(.ARM.Collect$$$$00002712)
    $v0                                      0x080001c0   Number         0  startup_stm32f429xx.o(.text)
    .text                                    0x080001c0   Section       36  startup_stm32f429xx.o(.text)
    .text                                    0x080001e4   Section        0  uldiv.o(.text)
    .text                                    0x08000246   Section        0  memcpya.o(.text)
    .text                                    0x0800026a   Section        0  memseta.o(.text)
    .text                                    0x0800028e   Section        0  llshl.o(.text)
    .text                                    0x080002ac   Section        0  llushr.o(.text)
    .text                                    0x080002cc   Section       36  init.o(.text)
    [Anonymous Symbol]                       0x080002f0   Section        0  stm32f4xx_it.o(.text.ADC_IRQHandler)
    __arm_cp.9_0                             0x080002f8   Number         4  stm32f4xx_it.o(.text.ADC_IRQHandler)
    [Anonymous Symbol]                       0x080002fc   Section        0  stm32f429i_discovery_lcd.o(.text.BSP_LCD_Clear)
    [Anonymous Symbol]                       0x08000334   Section        0  stm32f429i_discovery_lcd.o(.text.BSP_LCD_DisplayOn)
    [Anonymous Symbol]                       0x08000340   Section        0  stm32f429i_discovery_lcd.o(.text.BSP_LCD_DrawPixel)
    [Anonymous Symbol]                       0x08000368   Section        0  stm32f429i_discovery_lcd.o(.text.BSP_LCD_FillRect)
    [Anonymous Symbol]                       0x080003bc   Section        0  stm32f429i_discovery_lcd.o(.text.BSP_LCD_Init)
    __arm_cp.0_1                             0x08000444   Number         4  stm32f429i_discovery_lcd.o(.text.BSP_LCD_Init)
    __arm_cp.0_3                             0x08000448   Number         4  stm32f429i_discovery_lcd.o(.text.BSP_LCD_Init)
    [Anonymous Symbol]                       0x0800044c   Section        0  stm32f429i_discovery_lcd.o(.text.BSP_LCD_LayerDefaultInit)
    __arm_cp.5_1                             0x080004c8   Number         4  stm32f429i_discovery_lcd.o(.text.BSP_LCD_LayerDefaultInit)
    __arm_cp.5_2                             0x080004cc   Number         4  stm32f429i_discovery_lcd.o(.text.BSP_LCD_LayerDefaultInit)
    [Anonymous Symbol]                       0x080004d0   Section        0  stm32f429i_discovery_lcd.o(.text.BSP_LCD_MspInit)
    __arm_cp.1_1                             0x080005fc   Number         4  stm32f429i_discovery_lcd.o(.text.BSP_LCD_MspInit)
    __arm_cp.1_2                             0x08000600   Number         4  stm32f429i_discovery_lcd.o(.text.BSP_LCD_MspInit)
    [Anonymous Symbol]                       0x08000604   Section        0  stm32f429i_discovery_lcd.o(.text.BSP_LCD_SelectLayer)
    [Anonymous Symbol]                       0x0800060c   Section        0  stm32f429i_discovery_lcd.o(.text.BSP_LCD_SetBackColor)
    [Anonymous Symbol]                       0x0800061c   Section        0  stm32f429i_discovery_lcd.o(.text.BSP_LCD_SetTextColor)
    __arm_cp.22_0                            0x0800062c   Number         4  stm32f429i_discovery_lcd.o(.text.BSP_LCD_SetTextColor)
    [Anonymous Symbol]                       0x08000630   Section        0  stm32f429i_discovery.o(.text.BSP_LED_Init)
    __arm_cp.1_0                             0x08000684   Number         4  stm32f429i_discovery.o(.text.BSP_LED_Init)
    [Anonymous Symbol]                       0x08000688   Section        0  stm32f429i_discovery.o(.text.BSP_LED_Toggle)
    __arm_cp.4_0                             0x0800069c   Number         4  stm32f429i_discovery.o(.text.BSP_LED_Toggle)
    __arm_cp.4_1                             0x080006a0   Number         4  stm32f429i_discovery.o(.text.BSP_LED_Toggle)
    [Anonymous Symbol]                       0x080006a4   Section        0  stm32f429i_discovery_sdram.o(.text.BSP_SDRAM_Init)
    __arm_cp.0_1                             0x08000718   Number         4  stm32f429i_discovery_sdram.o(.text.BSP_SDRAM_Init)
    [Anonymous Symbol]                       0x0800071c   Section        0  stm32f429i_discovery_sdram.o(.text.BSP_SDRAM_Initialization_sequence)
    __arm_cp.2_0                             0x080007a4   Number         4  stm32f429i_discovery_sdram.o(.text.BSP_SDRAM_Initialization_sequence)
    __arm_cp.2_1                             0x080007a8   Number         4  stm32f429i_discovery_sdram.o(.text.BSP_SDRAM_Initialization_sequence)
    [Anonymous Symbol]                       0x080007ac   Section        0  stm32f429i_discovery_sdram.o(.text.BSP_SDRAM_MspInit)
    __arm_cp.1_0                             0x08000920   Number         4  stm32f429i_discovery_sdram.o(.text.BSP_SDRAM_MspInit)
    __arm_cp.1_1                             0x08000924   Number         4  stm32f429i_discovery_sdram.o(.text.BSP_SDRAM_MspInit)
    __arm_cp.1_2                             0x08000928   Number         4  stm32f429i_discovery_sdram.o(.text.BSP_SDRAM_MspInit)
    __arm_cp.1_3                             0x0800092c   Number         4  stm32f429i_discovery_sdram.o(.text.BSP_SDRAM_MspInit)
    __arm_cp.1_4                             0x08000930   Number         4  stm32f429i_discovery_sdram.o(.text.BSP_SDRAM_MspInit)
    [Anonymous Symbol]                       0x08000934   Section        0  stm32f4xx_it.o(.text.BusFault_Handler)
    DMA2D_SetConfig                          0x08000939   Thumb Code   158  stm32f4xx_hal_dma2d.o(.text.DMA2D_SetConfig)
    [Anonymous Symbol]                       0x08000938   Section        0  stm32f4xx_hal_dma2d.o(.text.DMA2D_SetConfig)
    DMA_CalcBaseAndBitshift                  0x080009d9   Thumb Code    48  stm32f4xx_hal_dma.o(.text.DMA_CalcBaseAndBitshift)
    [Anonymous Symbol]                       0x080009d8   Section        0  stm32f4xx_hal_dma.o(.text.DMA_CalcBaseAndBitshift)
    DMA_CalcBaseAndBitshift.flagBitshiftOffset 0x08000a00   Number         0  stm32f4xx_hal_dma.o(.text.DMA_CalcBaseAndBitshift)
    [Anonymous Symbol]                       0x08000a08   Section        0  stm32f4xx_it.o(.text.DebugMon_Handler)
    [Anonymous Symbol]                       0x08000a0a   Section        0  stm32f4xx_ll_fmc.o(.text.FMC_SDRAM_Init)
    [Anonymous Symbol]                       0x08000a8e   Section        0  stm32f4xx_ll_fmc.o(.text.FMC_SDRAM_ProgramRefreshRate)
    [Anonymous Symbol]                       0x08000a9a   Section        0  stm32f4xx_ll_fmc.o(.text.FMC_SDRAM_SendCommand)
    [Anonymous Symbol]                       0x08000ae8   Section        0  stm32f4xx_ll_fmc.o(.text.FMC_SDRAM_Timing_Init)
    __arm_cp.19_0                            0x08000b94   Number         4  stm32f4xx_ll_fmc.o(.text.FMC_SDRAM_Timing_Init)
    __arm_cp.19_1                            0x08000b98   Number         4  stm32f4xx_ll_fmc.o(.text.FMC_SDRAM_Timing_Init)
    __arm_cp.19_2                            0x08000b9c   Number         4  stm32f4xx_ll_fmc.o(.text.FMC_SDRAM_Timing_Init)
    __arm_cp.19_3                            0x08000ba0   Number         4  stm32f4xx_ll_fmc.o(.text.FMC_SDRAM_Timing_Init)
    FillBuffer                               0x08000ba5   Thumb Code    92  stm32f429i_discovery_lcd.o(.text.FillBuffer)
    [Anonymous Symbol]                       0x08000ba4   Section        0  stm32f429i_discovery_lcd.o(.text.FillBuffer)
    __arm_cp.27_0                            0x08000bf8   Number         4  stm32f429i_discovery_lcd.o(.text.FillBuffer)
    __arm_cp.27_1                            0x08000bfc   Number         4  stm32f429i_discovery_lcd.o(.text.FillBuffer)
    [Anonymous Symbol]                       0x08000c00   Section        0  stm32f4xx_hal_adc_ex.o(.text.HAL_ADCEx_InjectedConvCpltCallback)
    [Anonymous Symbol]                       0x08000c04   Section        0  stm32f4xx_hal_adc.o(.text.HAL_ADC_ConfigChannel)
    __arm_cp.21_1                            0x08000d0c   Number         4  stm32f4xx_hal_adc.o(.text.HAL_ADC_ConfigChannel)
    __arm_cp.21_2                            0x08000d10   Number         4  stm32f4xx_hal_adc.o(.text.HAL_ADC_ConfigChannel)
    __arm_cp.21_3                            0x08000d14   Number         4  stm32f4xx_hal_adc.o(.text.HAL_ADC_ConfigChannel)
    [Anonymous Symbol]                       0x08000d18   Section        0  main.o(.text.HAL_ADC_ConvCpltCallback)
    __arm_cp.2_0                             0x08000d30   Number         4  main.o(.text.HAL_ADC_ConvCpltCallback)
    [Anonymous Symbol]                       0x08000d34   Section        0  stm32f4xx_hal_adc.o(.text.HAL_ADC_ErrorCallback)
    [Anonymous Symbol]                       0x08000d36   Section        0  stm32f4xx_hal_adc.o(.text.HAL_ADC_GetValue)
    [Anonymous Symbol]                       0x08000d3c   Section        0  stm32f4xx_hal_adc.o(.text.HAL_ADC_IRQHandler)
    [Anonymous Symbol]                       0x08000e70   Section        0  stm32f4xx_hal_adc.o(.text.HAL_ADC_Init)
    __arm_cp.0_0                             0x08000fa4   Number         4  stm32f4xx_hal_adc.o(.text.HAL_ADC_Init)
    __arm_cp.0_1                             0x08000fa8   Number         4  stm32f4xx_hal_adc.o(.text.HAL_ADC_Init)
    __arm_cp.0_2                             0x08000fac   Number         4  stm32f4xx_hal_adc.o(.text.HAL_ADC_Init)
    __arm_cp.0_3                             0x08000fb0   Number         4  stm32f4xx_hal_adc.o(.text.HAL_ADC_Init)
    [Anonymous Symbol]                       0x08000fb4   Section        0  stm32f4xx_hal_adc.o(.text.HAL_ADC_LevelOutOfWindowCallback)
    [Anonymous Symbol]                       0x08000fb8   Section        0  stm32f4xx_hal_msp.o(.text.HAL_ADC_MspInit)
    [Anonymous Symbol]                       0x08001024   Section        0  stm32f4xx_hal_adc.o(.text.HAL_ADC_Start_IT)
    __arm_cp.8_0                             0x080010fc   Number         4  stm32f4xx_hal_adc.o(.text.HAL_ADC_Start_IT)
    __arm_cp.8_1                             0x08001100   Number         4  stm32f4xx_hal_adc.o(.text.HAL_ADC_Start_IT)
    __arm_cp.8_2                             0x08001104   Number         4  stm32f4xx_hal_adc.o(.text.HAL_ADC_Start_IT)
    __arm_cp.8_3                             0x08001108   Number         4  stm32f4xx_hal_adc.o(.text.HAL_ADC_Start_IT)
    __arm_cp.8_4                             0x0800110c   Number         4  stm32f4xx_hal_adc.o(.text.HAL_ADC_Start_IT)
    __arm_cp.8_5                             0x08001110   Number         4  stm32f4xx_hal_adc.o(.text.HAL_ADC_Start_IT)
    [Anonymous Symbol]                       0x08001114   Section        0  stm32f4xx_hal_dma2d.o(.text.HAL_DMA2D_ConfigLayer)
    __arm_cp.22_0                            0x080011ac   Number         4  stm32f4xx_hal_dma2d.o(.text.HAL_DMA2D_ConfigLayer)
    [Anonymous Symbol]                       0x080011b0   Section        0  stm32f4xx_hal_dma2d.o(.text.HAL_DMA2D_Init)
    [Anonymous Symbol]                       0x08001208   Section        0  stm32f4xx_hal_msp.o(.text.HAL_DMA2D_MspInit)
    __arm_cp.3_0                             0x08001230   Number         4  stm32f4xx_hal_msp.o(.text.HAL_DMA2D_MspInit)
    __arm_cp.3_1                             0x08001234   Number         4  stm32f4xx_hal_msp.o(.text.HAL_DMA2D_MspInit)
    [Anonymous Symbol]                       0x08001238   Section        0  stm32f4xx_hal_dma2d.o(.text.HAL_DMA2D_PollForTransfer)
    [Anonymous Symbol]                       0x08001326   Section        0  stm32f4xx_hal_dma2d.o(.text.HAL_DMA2D_Start)
    [Anonymous Symbol]                       0x0800135e   Section        0  stm32f4xx_hal_dma.o(.text.HAL_DMA_DeInit)
    [Anonymous Symbol]                       0x080013b8   Section        0  stm32f4xx_hal_dma.o(.text.HAL_DMA_Init)
    __arm_cp.0_0                             0x080014dc   Number         4  stm32f4xx_hal_dma.o(.text.HAL_DMA_Init)
    [Anonymous Symbol]                       0x080014e0   Section        0  stm32f4xx_hal.o(.text.HAL_Delay)
    __arm_cp.10_0                            0x08001500   Number         4  stm32f4xx_hal.o(.text.HAL_Delay)
    [Anonymous Symbol]                       0x08001504   Section        0  stm32f4xx_hal_gpio.o(.text.HAL_GPIO_DeInit)
    [Anonymous Symbol]                       0x080015dc   Section        0  stm32f4xx_hal_gpio.o(.text.HAL_GPIO_Init)
    __arm_cp.0_0                             0x08001750   Number         4  stm32f4xx_hal_gpio.o(.text.HAL_GPIO_Init)
    __arm_cp.0_1                             0x08001754   Number         4  stm32f4xx_hal_gpio.o(.text.HAL_GPIO_Init)
    __arm_cp.0_2                             0x08001758   Number         4  stm32f4xx_hal_gpio.o(.text.HAL_GPIO_Init)
    __arm_cp.0_3                             0x0800175c   Number         4  stm32f4xx_hal_gpio.o(.text.HAL_GPIO_Init)
    __arm_cp.0_4                             0x08001760   Number         4  stm32f4xx_hal_gpio.o(.text.HAL_GPIO_Init)
    __arm_cp.0_5                             0x08001764   Number         4  stm32f4xx_hal_gpio.o(.text.HAL_GPIO_Init)
    [Anonymous Symbol]                       0x08001768   Section        0  stm32f4xx_hal_gpio.o(.text.HAL_GPIO_TogglePin)
    [Anonymous Symbol]                       0x08001776   Section        0  stm32f4xx_hal_gpio.o(.text.HAL_GPIO_WritePin)
    [Anonymous Symbol]                       0x08001780   Section        0  stm32f4xx_hal.o(.text.HAL_GetTick)
    [Anonymous Symbol]                       0x08001788   Section        0  stm32f4xx_hal_i2c_ex.o(.text.HAL_I2CEx_ConfigAnalogFilter)
    [Anonymous Symbol]                       0x080017c4   Section        0  stm32f4xx_hal_i2c_ex.o(.text.HAL_I2CEx_ConfigDigitalFilter)
    [Anonymous Symbol]                       0x08001804   Section        0  stm32f4xx_hal_i2c.o(.text.HAL_I2C_Init)
    __arm_cp.0_0                             0x08001964   Number         4  stm32f4xx_hal_i2c.o(.text.HAL_I2C_Init)
    __arm_cp.0_1                             0x08001968   Number         4  stm32f4xx_hal_i2c.o(.text.HAL_I2C_Init)
    __arm_cp.0_2                             0x0800196c   Number         4  stm32f4xx_hal_i2c.o(.text.HAL_I2C_Init)
    __arm_cp.0_3                             0x08001970   Number         4  stm32f4xx_hal_i2c.o(.text.HAL_I2C_Init)
    __arm_cp.0_4                             0x08001974   Number         4  stm32f4xx_hal_i2c.o(.text.HAL_I2C_Init)
    [Anonymous Symbol]                       0x08001978   Section        0  stm32f4xx_hal_msp.o(.text.HAL_I2C_MspInit)
    __arm_cp.5_0                             0x08001a24   Number         4  stm32f4xx_hal_msp.o(.text.HAL_I2C_MspInit)
    [Anonymous Symbol]                       0x08001a28   Section        0  stm32f4xx_hal.o(.text.HAL_IncTick)
    __arm_cp.5_1                             0x08001a38   Number         4  stm32f4xx_hal.o(.text.HAL_IncTick)
    [Anonymous Symbol]                       0x08001a3c   Section        0  stm32f4xx_hal.o(.text.HAL_Init)
    __arm_cp.0_0                             0x08001a6c   Number         4  stm32f4xx_hal.o(.text.HAL_Init)
    [Anonymous Symbol]                       0x08001a70   Section        0  stm32f4xx_hal.o(.text.HAL_InitTick)
    __arm_cp.1_0                             0x08001aa8   Number         4  stm32f4xx_hal.o(.text.HAL_InitTick)
    __arm_cp.1_1                             0x08001aac   Number         4  stm32f4xx_hal.o(.text.HAL_InitTick)
    [Anonymous Symbol]                       0x08001ab0   Section        0  stm32f4xx_hal_ltdc.o(.text.HAL_LTDC_ConfigLayer)
    [Anonymous Symbol]                       0x08001af8   Section        0  stm32f4xx_hal_ltdc.o(.text.HAL_LTDC_EnableDither)
    __arm_cp.16_0                            0x08001b20   Number         4  stm32f4xx_hal_ltdc.o(.text.HAL_LTDC_EnableDither)
    [Anonymous Symbol]                       0x08001b24   Section        0  stm32f4xx_hal_ltdc.o(.text.HAL_LTDC_Init)
    __arm_cp.0_0                             0x08001bfc   Number         4  stm32f4xx_hal_ltdc.o(.text.HAL_LTDC_Init)
    [Anonymous Symbol]                       0x08001c00   Section        0  stm32f4xx_hal_msp.o(.text.HAL_LTDC_MspInit)
    __arm_cp.7_0                             0x08001d74   Number         4  stm32f4xx_hal_msp.o(.text.HAL_LTDC_MspInit)
    __arm_cp.7_1                             0x08001d78   Number         4  stm32f4xx_hal_msp.o(.text.HAL_LTDC_MspInit)
    [Anonymous Symbol]                       0x08001d7c   Section        0  stm32f4xx_hal_msp.o(.text.HAL_MspInit)
    [Anonymous Symbol]                       0x08001db0   Section        0  stm32f4xx_hal_cortex.o(.text.HAL_NVIC_EnableIRQ)
    __arm_cp.3_0                             0x08001dc8   Number         4  stm32f4xx_hal_cortex.o(.text.HAL_NVIC_EnableIRQ)
    [Anonymous Symbol]                       0x08001dcc   Section        0  stm32f4xx_hal_cortex.o(.text.HAL_NVIC_SetPriority)
    [Anonymous Symbol]                       0x08001e08   Section        0  stm32f4xx_hal_cortex.o(.text.HAL_NVIC_SetPriorityGrouping)
    __arm_cp.0_0                             0x08001e20   Number         4  stm32f4xx_hal_cortex.o(.text.HAL_NVIC_SetPriorityGrouping)
    __arm_cp.0_1                             0x08001e24   Number         4  stm32f4xx_hal_cortex.o(.text.HAL_NVIC_SetPriorityGrouping)
    [Anonymous Symbol]                       0x08001e28   Section        0  stm32f4xx_hal_pwr_ex.o(.text.HAL_PWREx_EnableOverDrive)
    __arm_cp.6_0                             0x08001e8c   Number         4  stm32f4xx_hal_pwr_ex.o(.text.HAL_PWREx_EnableOverDrive)
    __arm_cp.6_1                             0x08001e90   Number         4  stm32f4xx_hal_pwr_ex.o(.text.HAL_PWREx_EnableOverDrive)
    __arm_cp.6_2                             0x08001e94   Number         4  stm32f4xx_hal_pwr_ex.o(.text.HAL_PWREx_EnableOverDrive)
    [Anonymous Symbol]                       0x08001e98   Section        0  stm32f4xx_hal_rcc_ex.o(.text.HAL_RCCEx_PeriphCLKConfig)
    __arm_cp.0_1                             0x08002088   Number         4  stm32f4xx_hal_rcc_ex.o(.text.HAL_RCCEx_PeriphCLKConfig)
    __arm_cp.0_2                             0x0800208c   Number         4  stm32f4xx_hal_rcc_ex.o(.text.HAL_RCCEx_PeriphCLKConfig)
    __arm_cp.0_3                             0x08002090   Number         4  stm32f4xx_hal_rcc_ex.o(.text.HAL_RCCEx_PeriphCLKConfig)
    __arm_cp.0_4                             0x08002094   Number         4  stm32f4xx_hal_rcc_ex.o(.text.HAL_RCCEx_PeriphCLKConfig)
    [Anonymous Symbol]                       0x08002098   Section        0  stm32f4xx_hal_rcc.o(.text.HAL_RCC_ClockConfig)
    __arm_cp.2_0                             0x080021b0   Number         4  stm32f4xx_hal_rcc.o(.text.HAL_RCC_ClockConfig)
    __arm_cp.2_1                             0x080021b4   Number         4  stm32f4xx_hal_rcc.o(.text.HAL_RCC_ClockConfig)
    [Anonymous Symbol]                       0x080021b8   Section        0  stm32f4xx_hal_rcc.o(.text.HAL_RCC_GetPCLK1Freq)
    __arm_cp.8_0                             0x080021cc   Number         4  stm32f4xx_hal_rcc.o(.text.HAL_RCC_GetPCLK1Freq)
    __arm_cp.8_1                             0x080021d0   Number         4  stm32f4xx_hal_rcc.o(.text.HAL_RCC_GetPCLK1Freq)
    __arm_cp.8_2                             0x080021d4   Number         4  stm32f4xx_hal_rcc.o(.text.HAL_RCC_GetPCLK1Freq)
    [Anonymous Symbol]                       0x080021d8   Section        0  stm32f4xx_hal_rcc.o(.text.HAL_RCC_GetSysClockFreq)
    __arm_cp.3_0                             0x08002228   Number         4  stm32f4xx_hal_rcc.o(.text.HAL_RCC_GetSysClockFreq)
    __arm_cp.3_1                             0x0800222c   Number         4  stm32f4xx_hal_rcc.o(.text.HAL_RCC_GetSysClockFreq)
    __arm_cp.3_2                             0x08002230   Number         4  stm32f4xx_hal_rcc.o(.text.HAL_RCC_GetSysClockFreq)
    [Anonymous Symbol]                       0x08002234   Section        0  stm32f4xx_hal_rcc.o(.text.HAL_RCC_OscConfig)
    __arm_cp.1_0                             0x08002500   Number         4  stm32f4xx_hal_rcc.o(.text.HAL_RCC_OscConfig)
    __arm_cp.1_1                             0x08002504   Number         4  stm32f4xx_hal_rcc.o(.text.HAL_RCC_OscConfig)
    __arm_cp.1_2                             0x08002508   Number         4  stm32f4xx_hal_rcc.o(.text.HAL_RCC_OscConfig)
    [Anonymous Symbol]                       0x0800250c   Section        0  stm32f4xx_hal_sdram.o(.text.HAL_SDRAM_Init)
    [Anonymous Symbol]                       0x0800254c   Section        0  stm32f4xx_hal_msp.o(.text.HAL_SDRAM_MspInit)
    __arm_cp.11_0                            0x08002624   Number         4  stm32f4xx_hal_msp.o(.text.HAL_SDRAM_MspInit)
    __arm_cp.11_1                            0x08002628   Number         4  stm32f4xx_hal_msp.o(.text.HAL_SDRAM_MspInit)
    __arm_cp.11_2                            0x0800262c   Number         4  stm32f4xx_hal_msp.o(.text.HAL_SDRAM_MspInit)
    __arm_cp.11_3                            0x08002630   Number         4  stm32f4xx_hal_msp.o(.text.HAL_SDRAM_MspInit)
    [Anonymous Symbol]                       0x08002634   Section        0  stm32f4xx_hal_sdram.o(.text.HAL_SDRAM_ProgramRefreshRate)
    [Anonymous Symbol]                       0x08002658   Section        0  stm32f4xx_hal_sdram.o(.text.HAL_SDRAM_SendCommand)
    [Anonymous Symbol]                       0x0800268a   Section        0  stm32f4xx_hal_spi.o(.text.HAL_SPI_DeInit)
    [Anonymous Symbol]                       0x080026b8   Section        0  stm32f4xx_hal_spi.o(.text.HAL_SPI_GetState)
    [Anonymous Symbol]                       0x080026be   Section        0  stm32f4xx_hal_spi.o(.text.HAL_SPI_Init)
    [Anonymous Symbol]                       0x0800273c   Section        0  stm32f4xx_hal_msp.o(.text.HAL_SPI_MspDeInit)
    __arm_cp.10_1                            0x0800275c   Number         4  stm32f4xx_hal_msp.o(.text.HAL_SPI_MspDeInit)
    [Anonymous Symbol]                       0x08002760   Section        0  stm32f4xx_hal_msp.o(.text.HAL_SPI_MspInit)
    __arm_cp.9_0                             0x080027c4   Number         4  stm32f4xx_hal_msp.o(.text.HAL_SPI_MspInit)
    __arm_cp.9_1                             0x080027c8   Number         4  stm32f4xx_hal_msp.o(.text.HAL_SPI_MspInit)
    [Anonymous Symbol]                       0x080027cc   Section        0  stm32f4xx_hal_spi.o(.text.HAL_SPI_Receive)
    [Anonymous Symbol]                       0x080028fa   Section        0  stm32f4xx_hal_spi.o(.text.HAL_SPI_Transmit)
    [Anonymous Symbol]                       0x08002a5c   Section        0  stm32f4xx_hal_spi.o(.text.HAL_SPI_TransmitReceive)
    [Anonymous Symbol]                       0x08002c30   Section        0  stm32f4xx_hal_cortex.o(.text.HAL_SYSTICK_Config)
    __arm_cp.7_0                             0x08002c50   Number         4  stm32f4xx_hal_cortex.o(.text.HAL_SYSTICK_Config)
    __arm_cp.7_1                             0x08002c54   Number         4  stm32f4xx_hal_cortex.o(.text.HAL_SYSTICK_Config)
    [Anonymous Symbol]                       0x08002c58   Section        0  stm32f4xx_hal.o(.text.HAL_SetTickFreq)
    __arm_cp.8_0                             0x08002c6c   Number         4  stm32f4xx_hal.o(.text.HAL_SetTickFreq)
    [Anonymous Symbol]                       0x08002c70   Section        0  stm32f4xx_it.o(.text.HardFault_Handler)
    [Anonymous Symbol]                       0x08002c72   Section        0  stm32f429i_discovery.o(.text.LCD_Delay)
    [Anonymous Symbol]                       0x08002c78   Section        0  stm32f429i_discovery.o(.text.LCD_IO_Init)
    __arm_cp.7_0                             0x08002d38   Number         4  stm32f429i_discovery.o(.text.LCD_IO_Init)
    __arm_cp.7_1                             0x08002d3c   Number         4  stm32f429i_discovery.o(.text.LCD_IO_Init)
    __arm_cp.7_3                             0x08002d40   Number         4  stm32f429i_discovery.o(.text.LCD_IO_Init)
    [Anonymous Symbol]                       0x08002d44   Section        0  stm32f429i_discovery.o(.text.LCD_IO_ReadData)
    [Anonymous Symbol]                       0x08002da0   Section        0  stm32f429i_discovery.o(.text.LCD_IO_WriteData)
    [Anonymous Symbol]                       0x08002dd0   Section        0  stm32f429i_discovery.o(.text.LCD_IO_WriteReg)
    __arm_cp.11_0                            0x08002e00   Number         4  stm32f429i_discovery.o(.text.LCD_IO_WriteReg)
    __arm_cp.11_1                            0x08002e04   Number         4  stm32f429i_discovery.o(.text.LCD_IO_WriteReg)
    LTDC_SetConfig                           0x08002e09   Thumb Code   296  stm32f4xx_hal_ltdc.o(.text.LTDC_SetConfig)
    [Anonymous Symbol]                       0x08002e08   Section        0  stm32f4xx_hal_ltdc.o(.text.LTDC_SetConfig)
    __arm_cp.9_0                             0x08002f28   Number         4  stm32f4xx_hal_ltdc.o(.text.LTDC_SetConfig)
    __arm_cp.9_1                             0x08002f2c   Number         4  stm32f4xx_hal_ltdc.o(.text.LTDC_SetConfig)
    [Anonymous Symbol]                       0x08002f30   Section        0  stm32f4xx_it.o(.text.MemManage_Handler)
    [Anonymous Symbol]                       0x08002f32   Section        0  stm32f4xx_it.o(.text.NMI_Handler)
    [Anonymous Symbol]                       0x08002f34   Section        0  stm32f4xx_it.o(.text.PendSV_Handler)
    SPI_EndRxTransaction                     0x08002f37   Thumb Code    82  stm32f4xx_hal_spi.o(.text.SPI_EndRxTransaction)
    [Anonymous Symbol]                       0x08002f36   Section        0  stm32f4xx_hal_spi.o(.text.SPI_EndRxTransaction)
    SPI_EndRxTxTransaction                   0x08002f89   Thumb Code    88  stm32f4xx_hal_spi.o(.text.SPI_EndRxTxTransaction)
    [Anonymous Symbol]                       0x08002f88   Section        0  stm32f4xx_hal_spi.o(.text.SPI_EndRxTxTransaction)
    __arm_cp.5_0                             0x08002fd8   Number         4  stm32f4xx_hal_spi.o(.text.SPI_EndRxTxTransaction)
    __arm_cp.5_1                             0x08002fdc   Number         4  stm32f4xx_hal_spi.o(.text.SPI_EndRxTxTransaction)
    SPI_WaitFlagStateUntilTimeout            0x08002fe1   Thumb Code   128  stm32f4xx_hal_spi.o(.text.SPI_WaitFlagStateUntilTimeout)
    [Anonymous Symbol]                       0x08002fe0   Section        0  stm32f4xx_hal_spi.o(.text.SPI_WaitFlagStateUntilTimeout)
    SPIx_Error                               0x08003061   Thumb Code    20  stm32f429i_discovery.o(.text.SPIx_Error)
    [Anonymous Symbol]                       0x08003060   Section        0  stm32f429i_discovery.o(.text.SPIx_Error)
    SPIx_Init                                0x08003071   Thumb Code   148  stm32f429i_discovery.o(.text.SPIx_Init)
    [Anonymous Symbol]                       0x08003070   Section        0  stm32f429i_discovery.o(.text.SPIx_Init)
    __arm_cp.8_1                             0x080030f8   Number         4  stm32f429i_discovery.o(.text.SPIx_Init)
    __arm_cp.8_2                             0x080030fc   Number         4  stm32f429i_discovery.o(.text.SPIx_Init)
    SPIx_Write                               0x08003101   Thumb Code    40  stm32f429i_discovery.o(.text.SPIx_Write)
    [Anonymous Symbol]                       0x08003100   Section        0  stm32f429i_discovery.o(.text.SPIx_Write)
    __arm_cp.10_0                            0x08003120   Number         4  stm32f429i_discovery.o(.text.SPIx_Write)
    __arm_cp.10_1                            0x08003124   Number         4  stm32f429i_discovery.o(.text.SPIx_Write)
    [Anonymous Symbol]                       0x08003128   Section        0  stm32f4xx_it.o(.text.SVC_Handler)
    [Anonymous Symbol]                       0x0800312a   Section        0  stm32f4xx_it.o(.text.SysTick_Handler)
    [Anonymous Symbol]                       0x08003130   Section        0  main.o(.text.SystemClock_Config)
    __arm_cp.1_0                             0x080031d4   Number         4  main.o(.text.SystemClock_Config)
    __arm_cp.1_1                             0x080031d8   Number         4  main.o(.text.SystemClock_Config)
    [Anonymous Symbol]                       0x080031dc   Section        0  system_stm32f4xx.o(.text.SystemInit)
    __arm_cp.0_0                             0x08003218   Number         4  system_stm32f4xx.o(.text.SystemInit)
    __arm_cp.0_1                             0x0800321c   Number         4  system_stm32f4xx.o(.text.SystemInit)
    __arm_cp.0_2                             0x08003220   Number         4  system_stm32f4xx.o(.text.SystemInit)
    __arm_cp.0_3                             0x08003224   Number         4  system_stm32f4xx.o(.text.SystemInit)
    [Anonymous Symbol]                       0x08003228   Section        0  stm32f4xx_it.o(.text.UsageFault_Handler)
    __NVIC_SetPriority                       0x0800322d   Thumb Code    36  stm32f4xx_hal_cortex.o(.text.__NVIC_SetPriority)
    [Anonymous Symbol]                       0x0800322c   Section        0  stm32f4xx_hal_cortex.o(.text.__NVIC_SetPriority)
    __arm_cp.2_0                             0x08003248   Number         4  stm32f4xx_hal_cortex.o(.text.__NVIC_SetPriority)
    __arm_cp.2_1                             0x0800324c   Number         4  stm32f4xx_hal_cortex.o(.text.__NVIC_SetPriority)
    [Anonymous Symbol]                       0x08003250   Section        0  ili9341.o(.text.ili9341_DisplayOff)
    [Anonymous Symbol]                       0x08003256   Section        0  ili9341.o(.text.ili9341_DisplayOn)
    [Anonymous Symbol]                       0x0800325c   Section        0  ili9341.o(.text.ili9341_GetLcdPixelHeight)
    [Anonymous Symbol]                       0x08003262   Section        0  ili9341.o(.text.ili9341_GetLcdPixelWidth)
    [Anonymous Symbol]                       0x08003268   Section        0  ili9341.o(.text.ili9341_Init)
    __arm_cp.0_0                             0x0800342c   Number         4  ili9341.o(.text.ili9341_Init)
    __arm_cp.0_1                             0x08003430   Number         4  ili9341.o(.text.ili9341_Init)
    [Anonymous Symbol]                       0x08003434   Section        0  ili9341.o(.text.ili9341_ReadID)
    [Anonymous Symbol]                       0x08003446   Section        0  ili9341.o(.text.ili9341_WriteData)
    [Anonymous Symbol]                       0x0800344c   Section        0  main.o(.text.main)
    __arm_cp.0_0                             0x0800377c   Number         4  main.o(.text.main)
    __arm_cp.0_1                             0x08003780   Number         4  main.o(.text.main)
    __arm_cp.0_2                             0x08003784   Number         4  main.o(.text.main)
    __arm_cp.0_3                             0x08003788   Number         4  main.o(.text.main)
    __arm_cp.0_4                             0x0800378c   Number         4  main.o(.text.main)
    __arm_cp.0_5                             0x08003790   Number         4  main.o(.text.main)
    __arm_cp.0_6                             0x08003794   Number         4  main.o(.text.main)
    __arm_cp.0_7                             0x08003798   Number         4  main.o(.text.main)
    __arm_cp.0_8                             0x0800379c   Number         4  main.o(.text.main)
    __arm_cp.0_9                             0x080037a0   Number         4  main.o(.text.main)
    __arm_cp.0_10                            0x080037a4   Number         4  main.o(.text.main)
    __arm_cp.0_11                            0x080037a8   Number         4  main.o(.text.main)
    __arm_cp.0_12                            0x080037ac   Number         4  main.o(.text.main)
    __arm_cp.0_13                            0x080037b0   Number         4  main.o(.text.main)
    [Anonymous Symbol]                       0x080037b4   Section        0  main.o(.text.myDrawImageBit)
    i.__scatterload_copy                     0x08003814   Section       14  handlers.o(i.__scatterload_copy)
    i.__scatterload_null                     0x08003822   Section        2  handlers.o(i.__scatterload_null)
    i.__scatterload_zeroinit                 0x08003824   Section       14  handlers.o(i.__scatterload_zeroinit)
    .Lswitch.table.HAL_LTDC_SetPitch_NoReload 0x08005308   Data          32  stm32f4xx_hal_ltdc.o(.rodata.cst32)
    image_data_Retron2000                    0x08005328   Data       13671  main.o(.rodata.image_data_Retron2000)
    [Anonymous Symbol]                       0x08005328   Section        0  main.o(.rodata.image_data_Retron2000)
    [Anonymous Symbol]                       0x20000000   Section        0  stm32f4xx_hal.o(.data..L_MergedGlobals)
    [Anonymous Symbol]                       0x20000058   Section        0  main.o(.bss..L_MergedGlobals)
    [Anonymous Symbol]                       0x200000d0   Section        0  stm32f429i_discovery_lcd.o(.bss..L_MergedGlobals)
    ActiveLayer                              0x200000d4   Data           4  stm32f429i_discovery_lcd.o(.bss..L_MergedGlobals)
    DrawProp                                 0x200000d8   Data          24  stm32f429i_discovery_lcd.o(.bss..L_MergedGlobals)
    PeriphClkInitStruct                      0x200000f0   Data          48  stm32f429i_discovery_lcd.o(.bss..L_MergedGlobals)
    BSP_SDRAM_Init.sdramstatus               0x20000120   Data           1  stm32f429i_discovery_sdram.o(.bss..L_MergedGlobals)
    [Anonymous Symbol]                       0x20000120   Section        0  stm32f429i_discovery_sdram.o(.bss..L_MergedGlobals)
    Command                                  0x20000124   Data          16  stm32f429i_discovery_sdram.o(.bss..L_MergedGlobals)
    Timing                                   0x20000134   Data          28  stm32f429i_discovery_sdram.o(.bss..L_MergedGlobals)
    SdramHandle                              0x20000150   Data          52  stm32f429i_discovery_sdram.o(.bss..L_MergedGlobals)
    BSP_SDRAM_MspInit.dmaHandle              0x20000184   Data          96  stm32f429i_discovery_sdram.o(.bss.BSP_SDRAM_MspInit.dmaHandle)
    [Anonymous Symbol]                       0x20000184   Section        0  stm32f429i_discovery_sdram.o(.bss.BSP_SDRAM_MspInit.dmaHandle)
    Dma2dHandler                             0x200001e4   Data          64  stm32f429i_discovery_lcd.o(.bss.Dma2dHandler)
    [Anonymous Symbol]                       0x200001e4   Section        0  stm32f429i_discovery_lcd.o(.bss.Dma2dHandler)
    FMC_Initialized                          0x20000224   Data           1  stm32f4xx_hal_msp.o(.bss.FMC_Initialized)
    [Anonymous Symbol]                       0x20000224   Section        0  stm32f4xx_hal_msp.o(.bss.FMC_Initialized)
    Is_LCD_IO_Initialized                    0x20000225   Data           1  stm32f429i_discovery.o(.bss.Is_LCD_IO_Initialized)
    [Anonymous Symbol]                       0x20000225   Section        0  stm32f429i_discovery.o(.bss.Is_LCD_IO_Initialized)
    SpiHandle                                0x200002d0   Data          88  stm32f429i_discovery.o(.bss.SpiHandle)
    [Anonymous Symbol]                       0x200002d0   Section        0  stm32f429i_discovery.o(.bss.SpiHandle)
    STACK                                    0x200004c8   Section     1024  startup_stm32f429xx.o(STACK)

    Global Symbols

    Symbol Name                              Value     Ov Type        Size  Object(Section)

    BuildAttributes$$THM_ISAv4$E$P$D$K$B$S$7EM$VFPi3$EXTD16$VFPS$VFMA$PE$A:L22UL41UL21$X:L11$S22US41US21$IEEE1$IW$~IW$USESV6$~STKCKD$USESV7$~SHL$OSPACE$EBA8$MICROLIB$REQ8$PRES8$EABIv2 0x00000000   Number         0  anon$$obj.o ABSOLUTE
    __cpp_initialize__aeabi_                  - Undefined Weak Reference
    __cxa_finalize                            - Undefined Weak Reference
    __decompress                              - Undefined Weak Reference
    _clock_init                               - Undefined Weak Reference
    _microlib_exit                            - Undefined Weak Reference
    __Vectors_Size                           0x000001ac   Number         0  startup_stm32f429xx.o ABSOLUTE
    __Vectors                                0x08000000   Data           4  startup_stm32f429xx.o(RESET)
    __Vectors_End                            0x080001ac   Data           0  startup_stm32f429xx.o(RESET)
    __main                                   0x080001ad   Thumb Code     0  entry.o(.ARM.Collect$$$$00000000)
    _main_stk                                0x080001ad   Thumb Code     0  entry2.o(.ARM.Collect$$$$00000001)
    _main_scatterload                        0x080001b1   Thumb Code     0  entry5.o(.ARM.Collect$$$$00000004)
    __main_after_scatterload                 0x080001b5   Thumb Code     0  entry5.o(.ARM.Collect$$$$00000004)
    _main_clock                              0x080001b5   Thumb Code     0  entry7b.o(.ARM.Collect$$$$00000008)
    _main_cpp_init                           0x080001b5   Thumb Code     0  entry8b.o(.ARM.Collect$$$$0000000A)
    _main_init                               0x080001b5   Thumb Code     0  entry9a.o(.ARM.Collect$$$$0000000B)
    __rt_final_cpp                           0x080001bd   Thumb Code     0  entry10a.o(.ARM.Collect$$$$0000000D)
    __rt_final_exit                          0x080001bd   Thumb Code     0  entry11a.o(.ARM.Collect$$$$0000000F)
    Reset_Handler                            0x080001c1   Thumb Code     8  startup_stm32f429xx.o(.text)
    CAN1_RX0_IRQHandler                      0x080001db   Thumb Code     0  startup_stm32f429xx.o(.text)
    CAN1_RX1_IRQHandler                      0x080001db   Thumb Code     0  startup_stm32f429xx.o(.text)
    CAN1_SCE_IRQHandler                      0x080001db   Thumb Code     0  startup_stm32f429xx.o(.text)
    CAN1_TX_IRQHandler                       0x080001db   Thumb Code     0  startup_stm32f429xx.o(.text)
    CAN2_RX0_IRQHandler                      0x080001db   Thumb Code     0  startup_stm32f429xx.o(.text)
    CAN2_RX1_IRQHandler                      0x080001db   Thumb Code     0  startup_stm32f429xx.o(.text)
    CAN2_SCE_IRQHandler                      0x080001db   Thumb Code     0  startup_stm32f429xx.o(.text)
    CAN2_TX_IRQHandler                       0x080001db   Thumb Code     0  startup_stm32f429xx.o(.text)
    DCMI_IRQHandler                          0x080001db   Thumb Code     0  startup_stm32f429xx.o(.text)
    DMA1_Stream0_IRQHandler                  0x080001db   Thumb Code     0  startup_stm32f429xx.o(.text)
    DMA1_Stream1_IRQHandler                  0x080001db   Thumb Code     0  startup_stm32f429xx.o(.text)
    DMA1_Stream2_IRQHandler                  0x080001db   Thumb Code     0  startup_stm32f429xx.o(.text)
    DMA1_Stream3_IRQHandler                  0x080001db   Thumb Code     0  startup_stm32f429xx.o(.text)
    DMA1_Stream4_IRQHandler                  0x080001db   Thumb Code     0  startup_stm32f429xx.o(.text)
    DMA1_Stream5_IRQHandler                  0x080001db   Thumb Code     0  startup_stm32f429xx.o(.text)
    DMA1_Stream6_IRQHandler                  0x080001db   Thumb Code     0  startup_stm32f429xx.o(.text)
    DMA1_Stream7_IRQHandler                  0x080001db   Thumb Code     0  startup_stm32f429xx.o(.text)
    DMA2D_IRQHandler                         0x080001db   Thumb Code     0  startup_stm32f429xx.o(.text)
    DMA2_Stream0_IRQHandler                  0x080001db   Thumb Code     0  startup_stm32f429xx.o(.text)
    DMA2_Stream1_IRQHandler                  0x080001db   Thumb Code     0  startup_stm32f429xx.o(.text)
    DMA2_Stream2_IRQHandler                  0x080001db   Thumb Code     0  startup_stm32f429xx.o(.text)
    DMA2_Stream3_IRQHandler                  0x080001db   Thumb Code     0  startup_stm32f429xx.o(.text)
    DMA2_Stream4_IRQHandler                  0x080001db   Thumb Code     0  startup_stm32f429xx.o(.text)
    DMA2_Stream5_IRQHandler                  0x080001db   Thumb Code     0  startup_stm32f429xx.o(.text)
    DMA2_Stream6_IRQHandler                  0x080001db   Thumb Code     0  startup_stm32f429xx.o(.text)
    DMA2_Stream7_IRQHandler                  0x080001db   Thumb Code     0  startup_stm32f429xx.o(.text)
    ETH_IRQHandler                           0x080001db   Thumb Code     0  startup_stm32f429xx.o(.text)
    ETH_WKUP_IRQHandler                      0x080001db   Thumb Code     0  startup_stm32f429xx.o(.text)
    EXTI0_IRQHandler                         0x080001db   Thumb Code     0  startup_stm32f429xx.o(.text)
    EXTI15_10_IRQHandler                     0x080001db   Thumb Code     0  startup_stm32f429xx.o(.text)
    EXTI1_IRQHandler                         0x080001db   Thumb Code     0  startup_stm32f429xx.o(.text)
    EXTI2_IRQHandler                         0x080001db   Thumb Code     0  startup_stm32f429xx.o(.text)
    EXTI3_IRQHandler                         0x080001db   Thumb Code     0  startup_stm32f429xx.o(.text)
    EXTI4_IRQHandler                         0x080001db   Thumb Code     0  startup_stm32f429xx.o(.text)
    EXTI9_5_IRQHandler                       0x080001db   Thumb Code     0  startup_stm32f429xx.o(.text)
    FLASH_IRQHandler                         0x080001db   Thumb Code     0  startup_stm32f429xx.o(.text)
    FMC_IRQHandler                           0x080001db   Thumb Code     0  startup_stm32f429xx.o(.text)
    FPU_IRQHandler                           0x080001db   Thumb Code     0  startup_stm32f429xx.o(.text)
    HASH_RNG_IRQHandler                      0x080001db   Thumb Code     0  startup_stm32f429xx.o(.text)
    I2C1_ER_IRQHandler                       0x080001db   Thumb Code     0  startup_stm32f429xx.o(.text)
    I2C1_EV_IRQHandler                       0x080001db   Thumb Code     0  startup_stm32f429xx.o(.text)
    I2C2_ER_IRQHandler                       0x080001db   Thumb Code     0  startup_stm32f429xx.o(.text)
    I2C2_EV_IRQHandler                       0x080001db   Thumb Code     0  startup_stm32f429xx.o(.text)
    I2C3_ER_IRQHandler                       0x080001db   Thumb Code     0  startup_stm32f429xx.o(.text)
    I2C3_EV_IRQHandler                       0x080001db   Thumb Code     0  startup_stm32f429xx.o(.text)
    LTDC_ER_IRQHandler                       0x080001db   Thumb Code     0  startup_stm32f429xx.o(.text)
    LTDC_IRQHandler                          0x080001db   Thumb Code     0  startup_stm32f429xx.o(.text)
    OTG_FS_IRQHandler                        0x080001db   Thumb Code     0  startup_stm32f429xx.o(.text)
    OTG_FS_WKUP_IRQHandler                   0x080001db   Thumb Code     0  startup_stm32f429xx.o(.text)
    OTG_HS_EP1_IN_IRQHandler                 0x080001db   Thumb Code     0  startup_stm32f429xx.o(.text)
    OTG_HS_EP1_OUT_IRQHandler                0x080001db   Thumb Code     0  startup_stm32f429xx.o(.text)
    OTG_HS_IRQHandler                        0x080001db   Thumb Code     0  startup_stm32f429xx.o(.text)
    OTG_HS_WKUP_IRQHandler                   0x080001db   Thumb Code     0  startup_stm32f429xx.o(.text)
    PVD_IRQHandler                           0x080001db   Thumb Code     0  startup_stm32f429xx.o(.text)
    RCC_IRQHandler                           0x080001db   Thumb Code     0  startup_stm32f429xx.o(.text)
    RTC_Alarm_IRQHandler                     0x080001db   Thumb Code     0  startup_stm32f429xx.o(.text)
    RTC_WKUP_IRQHandler                      0x080001db   Thumb Code     0  startup_stm32f429xx.o(.text)
    SAI1_IRQHandler                          0x080001db   Thumb Code     0  startup_stm32f429xx.o(.text)
    SDIO_IRQHandler                          0x080001db   Thumb Code     0  startup_stm32f429xx.o(.text)
    SPI1_IRQHandler                          0x080001db   Thumb Code     0  startup_stm32f429xx.o(.text)
    SPI2_IRQHandler                          0x080001db   Thumb Code     0  startup_stm32f429xx.o(.text)
    SPI3_IRQHandler                          0x080001db   Thumb Code     0  startup_stm32f429xx.o(.text)
    SPI4_IRQHandler                          0x080001db   Thumb Code     0  startup_stm32f429xx.o(.text)
    SPI5_IRQHandler                          0x080001db   Thumb Code     0  startup_stm32f429xx.o(.text)
    SPI6_IRQHandler                          0x080001db   Thumb Code     0  startup_stm32f429xx.o(.text)
    TAMP_STAMP_IRQHandler                    0x080001db   Thumb Code     0  startup_stm32f429xx.o(.text)
    TIM1_BRK_TIM9_IRQHandler                 0x080001db   Thumb Code     0  startup_stm32f429xx.o(.text)
    TIM1_CC_IRQHandler                       0x080001db   Thumb Code     0  startup_stm32f429xx.o(.text)
    TIM1_TRG_COM_TIM11_IRQHandler            0x080001db   Thumb Code     0  startup_stm32f429xx.o(.text)
    TIM1_UP_TIM10_IRQHandler                 0x080001db   Thumb Code     0  startup_stm32f429xx.o(.text)
    TIM2_IRQHandler                          0x080001db   Thumb Code     0  startup_stm32f429xx.o(.text)
    TIM3_IRQHandler                          0x080001db   Thumb Code     0  startup_stm32f429xx.o(.text)
    TIM4_IRQHandler                          0x080001db   Thumb Code     0  startup_stm32f429xx.o(.text)
    TIM5_IRQHandler                          0x080001db   Thumb Code     0  startup_stm32f429xx.o(.text)
    TIM6_DAC_IRQHandler                      0x080001db   Thumb Code     0  startup_stm32f429xx.o(.text)
    TIM7_IRQHandler                          0x080001db   Thumb Code     0  startup_stm32f429xx.o(.text)
    TIM8_BRK_TIM12_IRQHandler                0x080001db   Thumb Code     0  startup_stm32f429xx.o(.text)
    TIM8_CC_IRQHandler                       0x080001db   Thumb Code     0  startup_stm32f429xx.o(.text)
    TIM8_TRG_COM_TIM14_IRQHandler            0x080001db   Thumb Code     0  startup_stm32f429xx.o(.text)
    TIM8_UP_TIM13_IRQHandler                 0x080001db   Thumb Code     0  startup_stm32f429xx.o(.text)
    UART4_IRQHandler                         0x080001db   Thumb Code     0  startup_stm32f429xx.o(.text)
    UART5_IRQHandler                         0x080001db   Thumb Code     0  startup_stm32f429xx.o(.text)
    UART7_IRQHandler                         0x080001db   Thumb Code     0  startup_stm32f429xx.o(.text)
    UART8_IRQHandler                         0x080001db   Thumb Code     0  startup_stm32f429xx.o(.text)
    USART1_IRQHandler                        0x080001db   Thumb Code     0  startup_stm32f429xx.o(.text)
    USART2_IRQHandler                        0x080001db   Thumb Code     0  startup_stm32f429xx.o(.text)
    USART3_IRQHandler                        0x080001db   Thumb Code     0  startup_stm32f429xx.o(.text)
    USART6_IRQHandler                        0x080001db   Thumb Code     0  startup_stm32f429xx.o(.text)
    WWDG_IRQHandler                          0x080001db   Thumb Code     0  startup_stm32f429xx.o(.text)
    __aeabi_uldivmod                         0x080001e5   Thumb Code    98  uldiv.o(.text)
    __aeabi_memcpy                           0x08000247   Thumb Code    36  memcpya.o(.text)
    __aeabi_memcpy4                          0x08000247   Thumb Code     0  memcpya.o(.text)
    __aeabi_memcpy8                          0x08000247   Thumb Code     0  memcpya.o(.text)
    __aeabi_memset                           0x0800026b   Thumb Code    14  memseta.o(.text)
    __aeabi_memset4                          0x0800026b   Thumb Code     0  memseta.o(.text)
    __aeabi_memset8                          0x0800026b   Thumb Code     0  memseta.o(.text)
    __aeabi_memclr                           0x08000279   Thumb Code     4  memseta.o(.text)
    __aeabi_memclr4                          0x08000279   Thumb Code     0  memseta.o(.text)
    __aeabi_memclr8                          0x08000279   Thumb Code     0  memseta.o(.text)
    _memset$wrapper                          0x0800027d   Thumb Code    18  memseta.o(.text)
    __aeabi_llsl                             0x0800028f   Thumb Code    30  llshl.o(.text)
    _ll_shift_l                              0x0800028f   Thumb Code     0  llshl.o(.text)
    __aeabi_llsr                             0x080002ad   Thumb Code    32  llushr.o(.text)
    _ll_ushift_r                             0x080002ad   Thumb Code     0  llushr.o(.text)
    __scatterload                            0x080002cd   Thumb Code    28  init.o(.text)
    __scatterload_rt2                        0x080002cd   Thumb Code     0  init.o(.text)
    ADC_IRQHandler                           0x080002f1   Thumb Code    12  stm32f4xx_it.o(.text.ADC_IRQHandler)
    BSP_LCD_Clear                            0x080002fd   Thumb Code    64  stm32f429i_discovery_lcd.o(.text.BSP_LCD_Clear)
    BSP_LCD_DisplayOn                        0x08000335   Thumb Code    16  stm32f429i_discovery_lcd.o(.text.BSP_LCD_DisplayOn)
    BSP_LCD_DrawPixel                        0x08000341   Thumb Code    48  stm32f429i_discovery_lcd.o(.text.BSP_LCD_DrawPixel)
    BSP_LCD_FillRect                         0x08000369   Thumb Code    92  stm32f429i_discovery_lcd.o(.text.BSP_LCD_FillRect)
    BSP_LCD_Init                             0x080003bd   Thumb Code   156  stm32f429i_discovery_lcd.o(.text.BSP_LCD_Init)
    BSP_LCD_LayerDefaultInit                 0x0800044d   Thumb Code   136  stm32f429i_discovery_lcd.o(.text.BSP_LCD_LayerDefaultInit)
    BSP_LCD_MspInit                          0x080004d1   Thumb Code   312  stm32f429i_discovery_lcd.o(.text.BSP_LCD_MspInit)
    BSP_LCD_SelectLayer                      0x08000605   Thumb Code    12  stm32f429i_discovery_lcd.o(.text.BSP_LCD_SelectLayer)
    BSP_LCD_SetBackColor                     0x0800060d   Thumb Code    20  stm32f429i_discovery_lcd.o(.text.BSP_LCD_SetBackColor)
    BSP_LCD_SetTextColor                     0x0800061d   Thumb Code    20  stm32f429i_discovery_lcd.o(.text.BSP_LCD_SetTextColor)
    BSP_LED_Init                             0x08000631   Thumb Code    96  stm32f429i_discovery.o(.text.BSP_LED_Init)
    BSP_LED_Toggle                           0x08000689   Thumb Code    28  stm32f429i_discovery.o(.text.BSP_LED_Toggle)
    BSP_SDRAM_Init                           0x080006a5   Thumb Code   124  stm32f429i_discovery_sdram.o(.text.BSP_SDRAM_Init)
    BSP_SDRAM_Initialization_sequence        0x0800071d   Thumb Code   144  stm32f429i_discovery_sdram.o(.text.BSP_SDRAM_Initialization_sequence)
    BSP_SDRAM_MspInit                        0x080007ad   Thumb Code   392  stm32f429i_discovery_sdram.o(.text.BSP_SDRAM_MspInit)
    BusFault_Handler                         0x08000935   Thumb Code     2  stm32f4xx_it.o(.text.BusFault_Handler)
    DebugMon_Handler                         0x08000a09   Thumb Code     2  stm32f4xx_it.o(.text.DebugMon_Handler)
    FMC_SDRAM_Init                           0x08000a0b   Thumb Code   132  stm32f4xx_ll_fmc.o(.text.FMC_SDRAM_Init)
    FMC_SDRAM_ProgramRefreshRate             0x08000a8f   Thumb Code    12  stm32f4xx_ll_fmc.o(.text.FMC_SDRAM_ProgramRefreshRate)
    FMC_SDRAM_SendCommand                    0x08000a9b   Thumb Code    78  stm32f4xx_ll_fmc.o(.text.FMC_SDRAM_SendCommand)
    FMC_SDRAM_Timing_Init                    0x08000ae9   Thumb Code   188  stm32f4xx_ll_fmc.o(.text.FMC_SDRAM_Timing_Init)
    HAL_ADCEx_InjectedConvCpltCallback       0x08000c01   Thumb Code     2  stm32f4xx_hal_adc_ex.o(.text.HAL_ADCEx_InjectedConvCpltCallback)
    HAL_ADC_ConfigChannel                    0x08000c05   Thumb Code   280  stm32f4xx_hal_adc.o(.text.HAL_ADC_ConfigChannel)
    HAL_ADC_ConvCpltCallback                 0x08000d19   Thumb Code    28  main.o(.text.HAL_ADC_ConvCpltCallback)
    HAL_ADC_ErrorCallback                    0x08000d35   Thumb Code     2  stm32f4xx_hal_adc.o(.text.HAL_ADC_ErrorCallback)
    HAL_ADC_GetValue                         0x08000d37   Thumb Code     6  stm32f4xx_hal_adc.o(.text.HAL_ADC_GetValue)
    HAL_ADC_IRQHandler                       0x08000d3d   Thumb Code   308  stm32f4xx_hal_adc.o(.text.HAL_ADC_IRQHandler)
    HAL_ADC_Init                             0x08000e71   Thumb Code   324  stm32f4xx_hal_adc.o(.text.HAL_ADC_Init)
    HAL_ADC_LevelOutOfWindowCallback         0x08000fb5   Thumb Code     2  stm32f4xx_hal_adc.o(.text.HAL_ADC_LevelOutOfWindowCallback)
    HAL_ADC_MspInit                          0x08000fb9   Thumb Code   116  stm32f4xx_hal_msp.o(.text.HAL_ADC_MspInit)
    HAL_ADC_Start_IT                         0x08001025   Thumb Code   240  stm32f4xx_hal_adc.o(.text.HAL_ADC_Start_IT)
    HAL_DMA2D_ConfigLayer                    0x08001115   Thumb Code   156  stm32f4xx_hal_dma2d.o(.text.HAL_DMA2D_ConfigLayer)
    HAL_DMA2D_Init                           0x080011b1   Thumb Code    86  stm32f4xx_hal_dma2d.o(.text.HAL_DMA2D_Init)
    HAL_DMA2D_MspInit                        0x08001209   Thumb Code    48  stm32f4xx_hal_msp.o(.text.HAL_DMA2D_MspInit)
    HAL_DMA2D_PollForTransfer                0x08001239   Thumb Code   238  stm32f4xx_hal_dma2d.o(.text.HAL_DMA2D_PollForTransfer)
    HAL_DMA2D_Start                          0x08001327   Thumb Code    56  stm32f4xx_hal_dma2d.o(.text.HAL_DMA2D_Start)
    HAL_DMA_DeInit                           0x0800135f   Thumb Code    90  stm32f4xx_hal_dma.o(.text.HAL_DMA_DeInit)
    HAL_DMA_Init                             0x080013b9   Thumb Code   296  stm32f4xx_hal_dma.o(.text.HAL_DMA_Init)
    HAL_Delay                                0x080014e1   Thumb Code    36  stm32f4xx_hal.o(.text.HAL_Delay)
    HAL_GPIO_DeInit                          0x08001505   Thumb Code   232  stm32f4xx_hal_gpio.o(.text.HAL_GPIO_DeInit)
    HAL_GPIO_Init                            0x080015dd   Thumb Code   396  stm32f4xx_hal_gpio.o(.text.HAL_GPIO_Init)
    HAL_GPIO_TogglePin                       0x08001769   Thumb Code    14  stm32f4xx_hal_gpio.o(.text.HAL_GPIO_TogglePin)
    HAL_GPIO_WritePin                        0x08001777   Thumb Code    10  stm32f4xx_hal_gpio.o(.text.HAL_GPIO_WritePin)
    HAL_GetTick                              0x08001781   Thumb Code    12  stm32f4xx_hal.o(.text.HAL_GetTick)
    HAL_I2CEx_ConfigAnalogFilter             0x08001789   Thumb Code    60  stm32f4xx_hal_i2c_ex.o(.text.HAL_I2CEx_ConfigAnalogFilter)
    HAL_I2CEx_ConfigDigitalFilter            0x080017c5   Thumb Code    64  stm32f4xx_hal_i2c_ex.o(.text.HAL_I2CEx_ConfigDigitalFilter)
    HAL_I2C_Init                             0x08001805   Thumb Code   372  stm32f4xx_hal_i2c.o(.text.HAL_I2C_Init)
    HAL_I2C_MspInit                          0x08001979   Thumb Code   180  stm32f4xx_hal_msp.o(.text.HAL_I2C_MspInit)
    HAL_IncTick                              0x08001a29   Thumb Code    24  stm32f4xx_hal.o(.text.HAL_IncTick)
    HAL_Init                                 0x08001a3d   Thumb Code    52  stm32f4xx_hal.o(.text.HAL_Init)
    HAL_InitTick                             0x08001a71   Thumb Code    64  stm32f4xx_hal.o(.text.HAL_InitTick)
    HAL_LTDC_ConfigLayer                     0x08001ab1   Thumb Code    72  stm32f4xx_hal_ltdc.o(.text.HAL_LTDC_ConfigLayer)
    HAL_LTDC_EnableDither                    0x08001af9   Thumb Code    44  stm32f4xx_hal_ltdc.o(.text.HAL_LTDC_EnableDither)
    HAL_LTDC_Init                            0x08001b25   Thumb Code   220  stm32f4xx_hal_ltdc.o(.text.HAL_LTDC_Init)
    HAL_LTDC_MspInit                         0x08001c01   Thumb Code   384  stm32f4xx_hal_msp.o(.text.HAL_LTDC_MspInit)
    HAL_MspInit                              0x08001d7d   Thumb Code    56  stm32f4xx_hal_msp.o(.text.HAL_MspInit)
    HAL_NVIC_EnableIRQ                       0x08001db1   Thumb Code    28  stm32f4xx_hal_cortex.o(.text.HAL_NVIC_EnableIRQ)
    HAL_NVIC_SetPriority                     0x08001dcd   Thumb Code    64  stm32f4xx_hal_cortex.o(.text.HAL_NVIC_SetPriority)
    HAL_NVIC_SetPriorityGrouping             0x08001e09   Thumb Code    32  stm32f4xx_hal_cortex.o(.text.HAL_NVIC_SetPriorityGrouping)
    HAL_PWREx_EnableOverDrive                0x08001e29   Thumb Code   112  stm32f4xx_hal_pwr_ex.o(.text.HAL_PWREx_EnableOverDrive)
    HAL_RCCEx_PeriphCLKConfig                0x08001e99   Thumb Code   516  stm32f4xx_hal_rcc_ex.o(.text.HAL_RCCEx_PeriphCLKConfig)
    HAL_RCC_ClockConfig                      0x08002099   Thumb Code   292  stm32f4xx_hal_rcc.o(.text.HAL_RCC_ClockConfig)
    HAL_RCC_GetPCLK1Freq                     0x080021b9   Thumb Code    32  stm32f4xx_hal_rcc.o(.text.HAL_RCC_GetPCLK1Freq)
    HAL_RCC_GetSysClockFreq                  0x080021d9   Thumb Code    92  stm32f4xx_hal_rcc.o(.text.HAL_RCC_GetSysClockFreq)
    HAL_RCC_OscConfig                        0x08002235   Thumb Code   728  stm32f4xx_hal_rcc.o(.text.HAL_RCC_OscConfig)
    HAL_SDRAM_Init                           0x0800250d   Thumb Code    64  stm32f4xx_hal_sdram.o(.text.HAL_SDRAM_Init)
    HAL_SDRAM_MspInit                        0x0800254d   Thumb Code   232  stm32f4xx_hal_msp.o(.text.HAL_SDRAM_MspInit)
    HAL_SDRAM_ProgramRefreshRate             0x08002635   Thumb Code    36  stm32f4xx_hal_sdram.o(.text.HAL_SDRAM_ProgramRefreshRate)
    HAL_SDRAM_SendCommand                    0x08002659   Thumb Code    50  stm32f4xx_hal_sdram.o(.text.HAL_SDRAM_SendCommand)
    HAL_SPI_DeInit                           0x0800268b   Thumb Code    46  stm32f4xx_hal_spi.o(.text.HAL_SPI_DeInit)
    HAL_SPI_GetState                         0x080026b9   Thumb Code     6  stm32f4xx_hal_spi.o(.text.HAL_SPI_GetState)
    HAL_SPI_Init                             0x080026bf   Thumb Code   126  stm32f4xx_hal_spi.o(.text.HAL_SPI_Init)
    HAL_SPI_MspDeInit                        0x0800273d   Thumb Code    40  stm32f4xx_hal_msp.o(.text.HAL_SPI_MspDeInit)
    HAL_SPI_MspInit                          0x08002761   Thumb Code   108  stm32f4xx_hal_msp.o(.text.HAL_SPI_MspInit)
    HAL_SPI_Receive                          0x080027cd   Thumb Code   302  stm32f4xx_hal_spi.o(.text.HAL_SPI_Receive)
    HAL_SPI_Transmit                         0x080028fb   Thumb Code   354  stm32f4xx_hal_spi.o(.text.HAL_SPI_Transmit)
    HAL_SPI_TransmitReceive                  0x08002a5d   Thumb Code   468  stm32f4xx_hal_spi.o(.text.HAL_SPI_TransmitReceive)
    HAL_SYSTICK_Config                       0x08002c31   Thumb Code    40  stm32f4xx_hal_cortex.o(.text.HAL_SYSTICK_Config)
    HAL_SetTickFreq                          0x08002c59   Thumb Code    24  stm32f4xx_hal.o(.text.HAL_SetTickFreq)
    HardFault_Handler                        0x08002c71   Thumb Code     2  stm32f4xx_it.o(.text.HardFault_Handler)
    LCD_Delay                                0x08002c73   Thumb Code     4  stm32f429i_discovery.o(.text.LCD_Delay)
    LCD_IO_Init                              0x08002c79   Thumb Code   208  stm32f429i_discovery.o(.text.LCD_IO_Init)
    LCD_IO_ReadData                          0x08002d45   Thumb Code   104  stm32f429i_discovery.o(.text.LCD_IO_ReadData)
    LCD_IO_WriteData                         0x08002da1   Thumb Code    56  stm32f429i_discovery.o(.text.LCD_IO_WriteData)
    LCD_IO_WriteReg                          0x08002dd1   Thumb Code    56  stm32f429i_discovery.o(.text.LCD_IO_WriteReg)
    MemManage_Handler                        0x08002f31   Thumb Code     2  stm32f4xx_it.o(.text.MemManage_Handler)
    NMI_Handler                              0x08002f33   Thumb Code     2  stm32f4xx_it.o(.text.NMI_Handler)
    PendSV_Handler                           0x08002f35   Thumb Code     2  stm32f4xx_it.o(.text.PendSV_Handler)
    SVC_Handler                              0x08003129   Thumb Code     2  stm32f4xx_it.o(.text.SVC_Handler)
    SysTick_Handler                          0x0800312b   Thumb Code     4  stm32f4xx_it.o(.text.SysTick_Handler)
    SystemClock_Config                       0x08003131   Thumb Code   172  main.o(.text.SystemClock_Config)
    SystemInit                               0x080031dd   Thumb Code    76  system_stm32f4xx.o(.text.SystemInit)
    UsageFault_Handler                       0x08003229   Thumb Code     2  stm32f4xx_it.o(.text.UsageFault_Handler)
    ili9341_DisplayOff                       0x08003251   Thumb Code     6  ili9341.o(.text.ili9341_DisplayOff)
    ili9341_DisplayOn                        0x08003257   Thumb Code     6  ili9341.o(.text.ili9341_DisplayOn)
    ili9341_GetLcdPixelHeight                0x0800325d   Thumb Code     6  ili9341.o(.text.ili9341_GetLcdPixelHeight)
    ili9341_GetLcdPixelWidth                 0x08003263   Thumb Code     4  ili9341.o(.text.ili9341_GetLcdPixelWidth)
    ili9341_Init                             0x08003269   Thumb Code   460  ili9341.o(.text.ili9341_Init)
    ili9341_ReadID                           0x08003435   Thumb Code    18  ili9341.o(.text.ili9341_ReadID)
    ili9341_WriteData                        0x08003447   Thumb Code     4  ili9341.o(.text.ili9341_WriteData)
    main                                     0x0800344d   Thumb Code   872  main.o(.text.main)
    myDrawImageBit                           0x080037b5   Thumb Code    96  main.o(.text.myDrawImageBit)
    __scatterload_copy                       0x08003815   Thumb Code    14  handlers.o(i.__scatterload_copy)
    __scatterload_null                       0x08003823   Thumb Code     2  handlers.o(i.__scatterload_null)
    __scatterload_zeroinit                   0x08003825   Thumb Code    14  handlers.o(i.__scatterload_zeroinit)
    AHBPrescTable                            0x08003832   Data          16  system_stm32f4xx.o(.rodata.AHBPrescTable)
    APBPrescTable                            0x08003842   Data           8  system_stm32f4xx.o(.rodata.APBPrescTable)
    Font24_Table                             0x0800384a   Data        6840  stm32f429i_discovery_lcd.o(.rodata.Font24_Table)
    GPIO_PIN                                 0x08005302   Data           4  stm32f429i_discovery.o(.rodata.GPIO_PIN)
    Region$$Table$$Base                      0x08008890   Number         0  anon$$obj.o(Region$$Table)
    Region$$Table$$Limit                     0x080088b0   Number         0  anon$$obj.o(Region$$Table)
    uwTickFreq                               0x20000000   Data           1  stm32f4xx_hal.o(.data..L_MergedGlobals)
    uwTickPrio                               0x20000004   Data           4  stm32f4xx_hal.o(.data..L_MergedGlobals)
    Font24                                   0x20000008   Data           8  stm32f429i_discovery_lcd.o(.data.Font24)
    GPIO_PORT                                0x20000010   Data           8  stm32f429i_discovery.o(.data.GPIO_PORT)
    SpixTimeout                              0x20000018   Data           4  stm32f429i_discovery.o(.data.SpixTimeout)
    SystemCoreClock                          0x2000001c   Data           4  system_stm32f4xx.o(.data.SystemCoreClock)
    ili9341_drv                              0x20000020   Data          56  ili9341.o(.data.ili9341_drv)
    value                                    0x20000058   Data           4  main.o(.bss..L_MergedGlobals)
    hsdram1                                  0x2000005c   Data          52  main.o(.bss..L_MergedGlobals)
    hdma2d                                   0x20000090   Data          64  main.o(.bss..L_MergedGlobals)
    LcdDrv                                   0x200000d0   Data           4  stm32f429i_discovery_lcd.o(.bss..L_MergedGlobals)
    LtdcHandler                              0x20000228   Data         168  stm32f429i_discovery_lcd.o(.bss.LtdcHandler)
    hadc1                                    0x20000328   Data          72  main.o(.bss.hadc1)
    hi2c3                                    0x20000370   Data          84  main.o(.bss.hi2c3)
    hltdc                                    0x200003c4   Data         168  main.o(.bss.hltdc)
    hspi5                                    0x2000046c   Data          88  main.o(.bss.hspi5)
    uwTick                                   0x200004c4   Data           4  stm32f4xx_hal.o(.bss.uwTick)
    __initial_sp                             0x200008c8   Data           0  startup_stm32f429xx.o(STACK)



==============================================================================

Memory Map of the image

  Image Entry point : 0x080001ad

  Load Region LR_IROM1 (Base: 0x08000000, Size: 0x00008908, Max: 0x00200000, ABSOLUTE)

    Execution Region ER_IROM1 (Exec base: 0x08000000, Load base: 0x08000000, Size: 0x000088b0, Max: 0x00200000, ABSOLUTE)

    Exec Addr    Load Addr    Size         Type   Attr      Idx    E Section Name        Object

    0x08000000   0x08000000   0x000001ac   Data   RO            3    RESET               startup_stm32f429xx.o
    0x080001ac   0x080001ac   0x00000000   Code   RO         1456  * .ARM.Collect$$$$00000000  mc_w.l(entry.o)
    0x080001ac   0x080001ac   0x00000004   Code   RO         1467    .ARM.Collect$$$$00000001  mc_w.l(entry2.o)
    0x080001b0   0x080001b0   0x00000004   Code   RO         1470    .ARM.Collect$$$$00000004  mc_w.l(entry5.o)
    0x080001b4   0x080001b4   0x00000000   Code   RO         1472    .ARM.Collect$$$$00000008  mc_w.l(entry7b.o)
    0x080001b4   0x080001b4   0x00000000   Code   RO         1474    .ARM.Collect$$$$0000000A  mc_w.l(entry8b.o)
    0x080001b4   0x080001b4   0x00000008   Code   RO         1475    .ARM.Collect$$$$0000000B  mc_w.l(entry9a.o)
    0x080001bc   0x080001bc   0x00000000   Code   RO         1477    .ARM.Collect$$$$0000000D  mc_w.l(entry10a.o)
    0x080001bc   0x080001bc   0x00000000   Code   RO         1479    .ARM.Collect$$$$0000000F  mc_w.l(entry11a.o)
    0x080001bc   0x080001bc   0x00000004   Code   RO         1468    .ARM.Collect$$$$00002712  mc_w.l(entry2.o)
    0x080001c0   0x080001c0   0x00000024   Code   RO            4    .text               startup_stm32f429xx.o
    0x080001e4   0x080001e4   0x00000062   Code   RO         1459    .text               mc_w.l(uldiv.o)
    0x08000246   0x08000246   0x00000024   Code   RO         1461    .text               mc_w.l(memcpya.o)
    0x0800026a   0x0800026a   0x00000024   Code   RO         1463    .text               mc_w.l(memseta.o)
    0x0800028e   0x0800028e   0x0000001e   Code   RO         1481    .text               mc_w.l(llshl.o)
    0x080002ac   0x080002ac   0x00000020   Code   RO         1483    .text               mc_w.l(llushr.o)
    0x080002cc   0x080002cc   0x00000024   Code   RO         1485    .text               mc_w.l(init.o)
    0x080002f0   0x080002f0   0x0000000c   Code   RO           67    .text.ADC_IRQHandler  stm32f4xx_it.o
    0x080002fc   0x080002fc   0x00000038   Code   RO         1331    .text.BSP_LCD_Clear  stm32f429i_discovery_lcd.o
    0x08000334   0x08000334   0x0000000c   Code   RO         1371    .text.BSP_LCD_DisplayOn  stm32f429i_discovery_lcd.o
    0x08000340   0x08000340   0x00000028   Code   RO         1351    .text.BSP_LCD_DrawPixel  stm32f429i_discovery_lcd.o
    0x08000368   0x08000368   0x00000054   Code   RO         1337    .text.BSP_LCD_FillRect  stm32f429i_discovery_lcd.o
    0x080003bc   0x080003bc   0x00000090   Code   RO         1279    .text.BSP_LCD_Init  stm32f429i_discovery_lcd.o
    0x0800044c   0x0800044c   0x00000084   Code   RO         1289    .text.BSP_LCD_LayerDefaultInit  stm32f429i_discovery_lcd.o
    0x080004d0   0x080004d0   0x00000134   Code   RO         1281    .text.BSP_LCD_MspInit  stm32f429i_discovery_lcd.o
    0x08000604   0x08000604   0x00000008   Code   RO         1291    .text.BSP_LCD_SelectLayer  stm32f429i_discovery_lcd.o
    0x0800060c   0x0800060c   0x00000010   Code   RO         1325    .text.BSP_LCD_SetBackColor  stm32f429i_discovery_lcd.o
    0x0800061c   0x0800061c   0x00000014   Code   RO         1323    .text.BSP_LCD_SetTextColor  stm32f429i_discovery_lcd.o
    0x08000630   0x08000630   0x00000058   Code   RO         1206    .text.BSP_LED_Init  stm32f429i_discovery.o
    0x08000688   0x08000688   0x0000001c   Code   RO         1212    .text.BSP_LED_Toggle  stm32f429i_discovery.o
    0x080006a4   0x080006a4   0x00000078   Code   RO         1397    .text.BSP_SDRAM_Init  stm32f429i_discovery_sdram.o
    0x0800071c   0x0800071c   0x00000090   Code   RO         1401    .text.BSP_SDRAM_Initialization_sequence  stm32f429i_discovery_sdram.o
    0x080007ac   0x080007ac   0x00000188   Code   RO         1399    .text.BSP_SDRAM_MspInit  stm32f429i_discovery_sdram.o
    0x08000934   0x08000934   0x00000002   Code   RO           55    .text.BusFault_Handler  stm32f4xx_it.o
    0x08000936   0x08000936   0x00000002   PAD
    0x08000938   0x08000938   0x0000009e   Code   RO          226    .text.DMA2D_SetConfig  stm32f4xx_hal_dma2d.o
    0x080009d6   0x080009d6   0x00000002   PAD
    0x080009d8   0x080009d8   0x00000030   Code   RO          938    .text.DMA_CalcBaseAndBitshift  stm32f4xx_hal_dma.o
    0x08000a08   0x08000a08   0x00000002   Code   RO           61    .text.DebugMon_Handler  stm32f4xx_it.o
    0x08000a0a   0x08000a0a   0x00000084   Code   RO          317    .text.FMC_SDRAM_Init  stm32f4xx_ll_fmc.o
    0x08000a8e   0x08000a8e   0x0000000c   Code   RO          329    .text.FMC_SDRAM_ProgramRefreshRate  stm32f4xx_ll_fmc.o
    0x08000a9a   0x08000a9a   0x0000004e   Code   RO          327    .text.FMC_SDRAM_SendCommand  stm32f4xx_ll_fmc.o
    0x08000ae8   0x08000ae8   0x000000bc   Code   RO          319    .text.FMC_SDRAM_Timing_Init  stm32f4xx_ll_fmc.o
    0x08000ba4   0x08000ba4   0x0000005c   Code   RO         1333    .text.FillBuffer    stm32f429i_discovery_lcd.o
    0x08000c00   0x08000c00   0x00000002   Code   RO          197    .text.HAL_ADCEx_InjectedConvCpltCallback  stm32f4xx_hal_adc_ex.o
    0x08000c02   0x08000c02   0x00000002   PAD
    0x08000c04   0x08000c04   0x00000114   Code   RO          156    .text.HAL_ADC_ConfigChannel  stm32f4xx_hal_adc.o
    0x08000d18   0x08000d18   0x0000001c   Code   RO           15    .text.HAL_ADC_ConvCpltCallback  main.o
    0x08000d34   0x08000d34   0x00000002   Code   RO          140    .text.HAL_ADC_ErrorCallback  stm32f4xx_hal_adc.o
    0x08000d36   0x08000d36   0x00000006   Code   RO          152    .text.HAL_ADC_GetValue  stm32f4xx_hal_adc.o
    0x08000d3c   0x08000d3c   0x00000134   Code   RO          134    .text.HAL_ADC_IRQHandler  stm32f4xx_hal_adc.o
    0x08000e70   0x08000e70   0x00000144   Code   RO          114    .text.HAL_ADC_Init  stm32f4xx_hal_adc.o
    0x08000fb4   0x08000fb4   0x00000002   Code   RO          138    .text.HAL_ADC_LevelOutOfWindowCallback  stm32f4xx_hal_adc.o
    0x08000fb6   0x08000fb6   0x00000002   PAD
    0x08000fb8   0x08000fb8   0x0000006c   Code   RO           79    .text.HAL_ADC_MspInit  stm32f4xx_hal_msp.o
    0x08001024   0x08001024   0x000000f0   Code   RO          130    .text.HAL_ADC_Start_IT  stm32f4xx_hal_adc.o
    0x08001114   0x08001114   0x0000009c   Code   RO          256    .text.HAL_DMA2D_ConfigLayer  stm32f4xx_hal_dma2d.o
    0x080011b0   0x080011b0   0x00000056   Code   RO          212    .text.HAL_DMA2D_Init  stm32f4xx_hal_dma2d.o
    0x08001206   0x08001206   0x00000002   PAD
    0x08001208   0x08001208   0x00000030   Code   RO           83    .text.HAL_DMA2D_MspInit  stm32f4xx_hal_msp.o
    0x08001238   0x08001238   0x000000ee   Code   RO          248    .text.HAL_DMA2D_PollForTransfer  stm32f4xx_hal_dma2d.o
    0x08001326   0x08001326   0x00000038   Code   RO          224    .text.HAL_DMA2D_Start  stm32f4xx_hal_dma2d.o
    0x0800135e   0x0800135e   0x0000005a   Code   RO          940    .text.HAL_DMA_DeInit  stm32f4xx_hal_dma.o
    0x080013b8   0x080013b8   0x00000128   Code   RO          936    .text.HAL_DMA_Init  stm32f4xx_hal_dma.o
    0x080014e0   0x080014e0   0x00000024   Code   RO         1112    .text.HAL_Delay     stm32f4xx_hal.o
    0x08001504   0x08001504   0x000000d8   Code   RO          898    .text.HAL_GPIO_DeInit  stm32f4xx_hal_gpio.o
    0x080015dc   0x080015dc   0x0000018c   Code   RO          896    .text.HAL_GPIO_Init  stm32f4xx_hal_gpio.o
    0x08001768   0x08001768   0x0000000e   Code   RO          904    .text.HAL_GPIO_TogglePin  stm32f4xx_hal_gpio.o
    0x08001776   0x08001776   0x0000000a   Code   RO          902    .text.HAL_GPIO_WritePin  stm32f4xx_hal_gpio.o
    0x08001780   0x08001780   0x00000008   Code   RO         1104    .text.HAL_GetTick   stm32f4xx_hal.o
    0x08001788   0x08001788   0x0000003c   Code   RO          530    .text.HAL_I2CEx_ConfigAnalogFilter  stm32f4xx_hal_i2c_ex.o
    0x080017c4   0x080017c4   0x00000040   Code   RO          532    .text.HAL_I2CEx_ConfigDigitalFilter  stm32f4xx_hal_i2c_ex.o
    0x08001804   0x08001804   0x00000174   Code   RO          399    .text.HAL_I2C_Init  stm32f4xx_hal_i2c.o
    0x08001978   0x08001978   0x000000b0   Code   RO           87    .text.HAL_I2C_MspInit  stm32f4xx_hal_msp.o
    0x08001a28   0x08001a28   0x00000014   Code   RO         1102    .text.HAL_IncTick   stm32f4xx_hal.o
    0x08001a3c   0x08001a3c   0x00000034   Code   RO         1092    .text.HAL_Init      stm32f4xx_hal.o
    0x08001a70   0x08001a70   0x00000040   Code   RO         1094    .text.HAL_InitTick  stm32f4xx_hal.o
    0x08001ab0   0x08001ab0   0x00000048   Code   RO          559    .text.HAL_LTDC_ConfigLayer  stm32f4xx_hal_ltdc.o
    0x08001af8   0x08001af8   0x0000002c   Code   RO          575    .text.HAL_LTDC_EnableDither  stm32f4xx_hal_ltdc.o
    0x08001b24   0x08001b24   0x000000dc   Code   RO          543    .text.HAL_LTDC_Init  stm32f4xx_hal_ltdc.o
    0x08001c00   0x08001c00   0x0000017c   Code   RO           91    .text.HAL_LTDC_MspInit  stm32f4xx_hal_msp.o
    0x08001d7c   0x08001d7c   0x00000034   Code   RO           77    .text.HAL_MspInit   stm32f4xx_hal_msp.o
    0x08001db0   0x08001db0   0x0000001c   Code   RO         1049    .text.HAL_NVIC_EnableIRQ  stm32f4xx_hal_cortex.o
    0x08001dcc   0x08001dcc   0x0000003c   Code   RO         1045    .text.HAL_NVIC_SetPriority  stm32f4xx_hal_cortex.o
    0x08001e08   0x08001e08   0x00000020   Code   RO         1043    .text.HAL_NVIC_SetPriorityGrouping  stm32f4xx_hal_cortex.o
    0x08001e28   0x08001e28   0x00000070   Code   RO         1028    .text.HAL_PWREx_EnableOverDrive  stm32f4xx_hal_pwr_ex.o
    0x08001e98   0x08001e98   0x00000200   Code   RO          793    .text.HAL_RCCEx_PeriphCLKConfig  stm32f4xx_hal_rcc_ex.o
    0x08002098   0x08002098   0x00000120   Code   RO          760    .text.HAL_RCC_ClockConfig  stm32f4xx_hal_rcc.o
    0x080021b8   0x080021b8   0x00000020   Code   RO          772    .text.HAL_RCC_GetPCLK1Freq  stm32f4xx_hal_rcc.o
    0x080021d8   0x080021d8   0x0000005c   Code   RO          762    .text.HAL_RCC_GetSysClockFreq  stm32f4xx_hal_rcc.o
    0x08002234   0x08002234   0x000002d8   Code   RO          758    .text.HAL_RCC_OscConfig  stm32f4xx_hal_rcc.o
    0x0800250c   0x0800250c   0x00000040   Code   RO          344    .text.HAL_SDRAM_Init  stm32f4xx_hal_sdram.o
    0x0800254c   0x0800254c   0x000000e8   Code   RO           99    .text.HAL_SDRAM_MspInit  stm32f4xx_hal_msp.o
    0x08002634   0x08002634   0x00000024   Code   RO          382    .text.HAL_SDRAM_ProgramRefreshRate  stm32f4xx_hal_sdram.o
    0x08002658   0x08002658   0x00000032   Code   RO          380    .text.HAL_SDRAM_SendCommand  stm32f4xx_hal_sdram.o
    0x0800268a   0x0800268a   0x0000002e   Code   RO          639    .text.HAL_SPI_DeInit  stm32f4xx_hal_spi.o
    0x080026b8   0x080026b8   0x00000006   Code   RO          733    .text.HAL_SPI_GetState  stm32f4xx_hal_spi.o
    0x080026be   0x080026be   0x0000007e   Code   RO          635    .text.HAL_SPI_Init  stm32f4xx_hal_spi.o
    0x0800273c   0x0800273c   0x00000024   Code   RO           97    .text.HAL_SPI_MspDeInit  stm32f4xx_hal_msp.o
    0x08002760   0x08002760   0x0000006c   Code   RO           95    .text.HAL_SPI_MspInit  stm32f4xx_hal_msp.o
    0x080027cc   0x080027cc   0x0000012e   Code   RO          647    .text.HAL_SPI_Receive  stm32f4xx_hal_spi.o
    0x080028fa   0x080028fa   0x00000162   Code   RO          643    .text.HAL_SPI_Transmit  stm32f4xx_hal_spi.o
    0x08002a5c   0x08002a5c   0x000001d4   Code   RO          649    .text.HAL_SPI_TransmitReceive  stm32f4xx_hal_spi.o
    0x08002c30   0x08002c30   0x00000028   Code   RO         1057    .text.HAL_SYSTICK_Config  stm32f4xx_hal_cortex.o
    0x08002c58   0x08002c58   0x00000018   Code   RO         1108    .text.HAL_SetTickFreq  stm32f4xx_hal.o
    0x08002c70   0x08002c70   0x00000002   Code   RO           51    .text.HardFault_Handler  stm32f4xx_it.o
    0x08002c72   0x08002c72   0x00000004   Code   RO         1230    .text.LCD_Delay     stm32f429i_discovery.o
    0x08002c76   0x08002c76   0x00000002   PAD
    0x08002c78   0x08002c78   0x000000cc   Code   RO         1218    .text.LCD_IO_Init   stm32f429i_discovery.o
    0x08002d44   0x08002d44   0x0000005c   Code   RO         1228    .text.LCD_IO_ReadData  stm32f429i_discovery.o
    0x08002da0   0x08002da0   0x00000030   Code   RO         1222    .text.LCD_IO_WriteData  stm32f429i_discovery.o
    0x08002dd0   0x08002dd0   0x00000038   Code   RO         1226    .text.LCD_IO_WriteReg  stm32f429i_discovery.o
    0x08002e08   0x08002e08   0x00000128   Code   RO          561    .text.LTDC_SetConfig  stm32f4xx_hal_ltdc.o
    0x08002f30   0x08002f30   0x00000002   Code   RO           53    .text.MemManage_Handler  stm32f4xx_it.o
    0x08002f32   0x08002f32   0x00000002   Code   RO           49    .text.NMI_Handler   stm32f4xx_it.o
    0x08002f34   0x08002f34   0x00000002   Code   RO           63    .text.PendSV_Handler  stm32f4xx_it.o
    0x08002f36   0x08002f36   0x00000052   Code   RO          651    .text.SPI_EndRxTransaction  stm32f4xx_hal_spi.o
    0x08002f88   0x08002f88   0x00000058   Code   RO          645    .text.SPI_EndRxTxTransaction  stm32f4xx_hal_spi.o
    0x08002fe0   0x08002fe0   0x00000080   Code   RO          743    .text.SPI_WaitFlagStateUntilTimeout  stm32f4xx_hal_spi.o
    0x08003060   0x08003060   0x00000010   Code   RO         1256    .text.SPIx_Error    stm32f429i_discovery.o
    0x08003070   0x08003070   0x00000090   Code   RO         1220    .text.SPIx_Init     stm32f429i_discovery.o
    0x08003100   0x08003100   0x00000028   Code   RO         1224    .text.SPIx_Write    stm32f429i_discovery.o
    0x08003128   0x08003128   0x00000002   Code   RO           59    .text.SVC_Handler   stm32f4xx_it.o
    0x0800312a   0x0800312a   0x00000004   Code   RO           65    .text.SysTick_Handler  stm32f4xx_it.o
    0x0800312e   0x0800312e   0x00000002   PAD
    0x08003130   0x08003130   0x000000ac   Code   RO           13    .text.SystemClock_Config  main.o
    0x080031dc   0x080031dc   0x0000004c   Code   RO         1188    .text.SystemInit    system_stm32f4xx.o
    0x08003228   0x08003228   0x00000002   Code   RO           57    .text.UsageFault_Handler  stm32f4xx_it.o
    0x0800322a   0x0800322a   0x00000002   PAD
    0x0800322c   0x0800322c   0x00000024   Code   RO         1047    .text.__NVIC_SetPriority  stm32f4xx_hal_cortex.o
    0x08003250   0x08003250   0x00000006   Code   RO         1435    .text.ili9341_DisplayOff  ili9341.o
    0x08003256   0x08003256   0x00000006   Code   RO         1433    .text.ili9341_DisplayOn  ili9341.o
    0x0800325c   0x0800325c   0x00000006   Code   RO         1439    .text.ili9341_GetLcdPixelHeight  ili9341.o
    0x08003262   0x08003262   0x00000004   Code   RO         1437    .text.ili9341_GetLcdPixelWidth  ili9341.o
    0x08003266   0x08003266   0x00000002   PAD
    0x08003268   0x08003268   0x000001cc   Code   RO         1429    .text.ili9341_Init  ili9341.o
    0x08003434   0x08003434   0x00000012   Code   RO         1431    .text.ili9341_ReadID  ili9341.o
    0x08003446   0x08003446   0x00000004   Code   RO         1443    .text.ili9341_WriteData  ili9341.o
    0x0800344a   0x0800344a   0x00000002   PAD
    0x0800344c   0x0800344c   0x00000368   Code   RO           11    .text.main          main.o
    0x080037b4   0x080037b4   0x00000060   Code   RO           17    .text.myDrawImageBit  main.o
    0x08003814   0x08003814   0x0000000e   Code   RO         1489    i.__scatterload_copy  mc_w.l(handlers.o)
    0x08003822   0x08003822   0x00000002   Code   RO         1490    i.__scatterload_null  mc_w.l(handlers.o)
    0x08003824   0x08003824   0x0000000e   Code   RO         1491    i.__scatterload_zeroinit  mc_w.l(handlers.o)
    0x08003832   0x08003832   0x00000010   Data   RO         1193    .rodata.AHBPrescTable  system_stm32f4xx.o
    0x08003842   0x08003842   0x00000008   Data   RO         1194    .rodata.APBPrescTable  system_stm32f4xx.o
    0x0800384a   0x0800384a   0x00001ab8   Data   RO         1375    .rodata.Font24_Table  stm32f429i_discovery_lcd.o
    0x08005302   0x08005302   0x00000004   Data   RO         1261    .rodata.GPIO_PIN    stm32f429i_discovery.o
    0x08005306   0x08005306   0x00000002   PAD
    0x08005308   0x08005308   0x00000020   Data   RO          623    .rodata.cst32       stm32f4xx_hal_ltdc.o
    0x08005328   0x08005328   0x00003567   Data   RO           30    .rodata.image_data_Retron2000  main.o
    0x0800888f   0x0800888f   0x00000001   PAD
    0x08008890   0x08008890   0x00000020   Data   RO         1488    Region$$Table       anon$$obj.o


    Execution Region RW_IRAM1 (Exec base: 0x20000000, Load base: 0x080088b0, Size: 0x000008c8, Max: 0x00030000, ABSOLUTE)

    Exec Addr    Load Addr    Size         Type   Attr      Idx    E Section Name        Object

    0x20000000   0x080088b0   0x00000008   Data   RW         1151    .data..L_MergedGlobals  stm32f4xx_hal.o
    0x20000008   0x080088b8   0x00000008   Data   RW         1376    .data.Font24        stm32f429i_discovery_lcd.o
    0x20000010   0x080088c0   0x00000008   Data   RW         1260    .data.GPIO_PORT     stm32f429i_discovery.o
    0x20000018   0x080088c8   0x00000004   Data   RW         1266    .data.SpixTimeout   stm32f429i_discovery.o
    0x2000001c   0x080088cc   0x00000004   Data   RW         1192    .data.SystemCoreClock  system_stm32f4xx.o
    0x20000020   0x080088d0   0x00000038   Data   RW         1447    .data.ili9341_drv   ili9341.o
    0x20000058        -       0x00000078   Zero   RW           39    .bss..L_MergedGlobals  main.o
    0x200000d0        -       0x00000050   Zero   RW         1387    .bss..L_MergedGlobals  stm32f429i_discovery_lcd.o
    0x20000120        -       0x00000064   Zero   RW         1419    .bss..L_MergedGlobals  stm32f429i_discovery_sdram.o
    0x20000184        -       0x00000060   Zero   RW         1417    .bss.BSP_SDRAM_MspInit.dmaHandle  stm32f429i_discovery_sdram.o
    0x200001e4        -       0x00000040   Zero   RW         1386    .bss.Dma2dHandler   stm32f429i_discovery_lcd.o
    0x20000224        -       0x00000001   Zero   RW          103    .bss.FMC_Initialized  stm32f4xx_hal_msp.o
    0x20000225        -       0x00000001   Zero   RW         1267    .bss.Is_LCD_IO_Initialized  stm32f429i_discovery.o
    0x20000226   0x08008908   0x00000002   PAD
    0x20000228        -       0x000000a8   Zero   RW         1385    .bss.LtdcHandler    stm32f429i_discovery_lcd.o
    0x200002d0        -       0x00000058   Zero   RW         1269    .bss.SpiHandle      stm32f429i_discovery.o
    0x20000328        -       0x00000048   Zero   RW           32    .bss.hadc1          main.o
    0x20000370        -       0x00000054   Zero   RW           34    .bss.hi2c3          main.o
    0x200003c4        -       0x000000a8   Zero   RW           35    .bss.hltdc          main.o
    0x2000046c        -       0x00000058   Zero   RW           36    .bss.hspi5          main.o
    0x200004c4        -       0x00000004   Zero   RW         1150    .bss.uwTick         stm32f4xx_hal.o
    0x200004c8        -       0x00000400   Zero   RW            1    STACK               startup_stm32f429xx.o

