Archive member included to satisfy reference by file (symbol)

c:/progra~2/gnutoo~1/82019-~1/bin/../lib/gcc/arm-none-eabi/8.3.1/thumb/v7e-m/nofp\libgcc.a(_aeabi_uldivmod.o)
                              CMakeFiles/STMDisplay.elf.dir/Drivers/STM32F4xx_HAL_Driver/Src/stm32f4xx_hal_rcc.c.obj (__aeabi_uldivmod)
c:/progra~2/gnutoo~1/82019-~1/bin/../lib/gcc/arm-none-eabi/8.3.1/thumb/v7e-m/nofp\libgcc.a(_udivmoddi4.o)
                              c:/progra~2/gnutoo~1/82019-~1/bin/../lib/gcc/arm-none-eabi/8.3.1/thumb/v7e-m/nofp\libgcc.a(_aeabi_uldivmod.o) (__udivmoddi4)
c:/progra~2/gnutoo~1/82019-~1/bin/../lib/gcc/arm-none-eabi/8.3.1/thumb/v7e-m/nofp\libgcc.a(_dvmd_tls.o)
                              c:/progra~2/gnutoo~1/82019-~1/bin/../lib/gcc/arm-none-eabi/8.3.1/thumb/v7e-m/nofp\libgcc.a(_aeabi_uldivmod.o) (__aeabi_ldiv0)
c:/progra~2/gnutoo~1/82019-~1/bin/../lib/gcc/arm-none-eabi/8.3.1/../../../../arm-none-eabi/lib/thumb/v7e-m/nofp\libg_nano.a(lib_a-errno.o)
                              CMakeFiles/STMDisplay.elf.dir/Src/syscalls.c.obj (__errno)
c:/progra~2/gnutoo~1/82019-~1/bin/../lib/gcc/arm-none-eabi/8.3.1/../../../../arm-none-eabi/lib/thumb/v7e-m/nofp\libg_nano.a(lib_a-exit.o)
                              c:/progra~2/gnutoo~1/82019-~1/bin/../lib/gcc/arm-none-eabi/8.3.1/../../../../arm-none-eabi/lib/thumb/v7e-m/nofp/crt0.o (exit)
c:/progra~2/gnutoo~1/82019-~1/bin/../lib/gcc/arm-none-eabi/8.3.1/../../../../arm-none-eabi/lib/thumb/v7e-m/nofp\libg_nano.a(lib_a-impure.o)
                              c:/progra~2/gnutoo~1/82019-~1/bin/../lib/gcc/arm-none-eabi/8.3.1/../../../../arm-none-eabi/lib/thumb/v7e-m/nofp\libg_nano.a(lib_a-exit.o) (_global_impure_ptr)
c:/progra~2/gnutoo~1/82019-~1/bin/../lib/gcc/arm-none-eabi/8.3.1/../../../../arm-none-eabi/lib/thumb/v7e-m/nofp\libg_nano.a(lib_a-init.o)
                              c:/progra~2/gnutoo~1/82019-~1/bin/../lib/gcc/arm-none-eabi/8.3.1/../../../../arm-none-eabi/lib/thumb/v7e-m/nofp/crt0.o (__libc_init_array)
c:/progra~2/gnutoo~1/82019-~1/bin/../lib/gcc/arm-none-eabi/8.3.1/../../../../arm-none-eabi/lib/thumb/v7e-m/nofp\libg_nano.a(lib_a-memset.o)
                              c:/progra~2/gnutoo~1/82019-~1/bin/../lib/gcc/arm-none-eabi/8.3.1/../../../../arm-none-eabi/lib/thumb/v7e-m/nofp/crt0.o (memset)

Discarded input sections

 .text          0x00000000        0x0 c:/progra~2/gnutoo~1/82019-~1/bin/../lib/gcc/arm-none-eabi/8.3.1/thumb/v7e-m/nofp/crti.o
 .data          0x00000000        0x0 c:/progra~2/gnutoo~1/82019-~1/bin/../lib/gcc/arm-none-eabi/8.3.1/thumb/v7e-m/nofp/crti.o
 .bss           0x00000000        0x0 c:/progra~2/gnutoo~1/82019-~1/bin/../lib/gcc/arm-none-eabi/8.3.1/thumb/v7e-m/nofp/crti.o
 .data          0x00000000        0x4 c:/progra~2/gnutoo~1/82019-~1/bin/../lib/gcc/arm-none-eabi/8.3.1/thumb/v7e-m/nofp/crtbegin.o
 .text          0x00000000       0x74 c:/progra~2/gnutoo~1/82019-~1/bin/../lib/gcc/arm-none-eabi/8.3.1/../../../../arm-none-eabi/lib/thumb/v7e-m/nofp/crt0.o
 .data          0x00000000        0x0 c:/progra~2/gnutoo~1/82019-~1/bin/../lib/gcc/arm-none-eabi/8.3.1/../../../../arm-none-eabi/lib/thumb/v7e-m/nofp/crt0.o
 .bss           0x00000000        0x0 c:/progra~2/gnutoo~1/82019-~1/bin/../lib/gcc/arm-none-eabi/8.3.1/../../../../arm-none-eabi/lib/thumb/v7e-m/nofp/crt0.o
 .ARM.extab     0x00000000        0x0 c:/progra~2/gnutoo~1/82019-~1/bin/../lib/gcc/arm-none-eabi/8.3.1/../../../../arm-none-eabi/lib/thumb/v7e-m/nofp/crt0.o
 .ARM.exidx     0x00000000        0x8 c:/progra~2/gnutoo~1/82019-~1/bin/../lib/gcc/arm-none-eabi/8.3.1/../../../../arm-none-eabi/lib/thumb/v7e-m/nofp/crt0.o
 .ARM.attributes
                0x00000000       0x1c c:/progra~2/gnutoo~1/82019-~1/bin/../lib/gcc/arm-none-eabi/8.3.1/../../../../arm-none-eabi/lib/thumb/v7e-m/nofp/crt0.o
 .text          0x00000000        0x0 CMakeFiles/STMDisplay.elf.dir/Drivers/STM32F4xx_HAL_Driver/Src/stm32f4xx_hal.c.obj
 .data          0x00000000        0x0 CMakeFiles/STMDisplay.elf.dir/Drivers/STM32F4xx_HAL_Driver/Src/stm32f4xx_hal.c.obj
 .bss           0x00000000        0x0 CMakeFiles/STMDisplay.elf.dir/Drivers/STM32F4xx_HAL_Driver/Src/stm32f4xx_hal.c.obj
 .text.HAL_DeInit
                0x00000000       0x58 CMakeFiles/STMDisplay.elf.dir/Drivers/STM32F4xx_HAL_Driver/Src/stm32f4xx_hal.c.obj
 .text.HAL_MspInit
                0x00000000        0xc CMakeFiles/STMDisplay.elf.dir/Drivers/STM32F4xx_HAL_Driver/Src/stm32f4xx_hal.c.obj
 .text.HAL_MspDeInit
                0x00000000        0xc CMakeFiles/STMDisplay.elf.dir/Drivers/STM32F4xx_HAL_Driver/Src/stm32f4xx_hal.c.obj
 .text.HAL_GetTickPrio
                0x00000000       0x14 CMakeFiles/STMDisplay.elf.dir/Drivers/STM32F4xx_HAL_Driver/Src/stm32f4xx_hal.c.obj
 .text.HAL_SetTickFreq
                0x00000000       0x40 CMakeFiles/STMDisplay.elf.dir/Drivers/STM32F4xx_HAL_Driver/Src/stm32f4xx_hal.c.obj
 .text.HAL_GetTickFreq
                0x00000000       0x14 CMakeFiles/STMDisplay.elf.dir/Drivers/STM32F4xx_HAL_Driver/Src/stm32f4xx_hal.c.obj
[...]
Memory Configuration

Name             Origin             Length             Attributes
RAM              0x20000000         0x00030000         xrw
CCMRAM           0x10000000         0x00010000         rw
FLASH            0x08000000         0x00200000         xr
*default*        0x00000000         0xffffffff

Linker script and memory map

LOAD c:/progra~2/gnutoo~1/82019-~1/bin/../lib/gcc/arm-none-eabi/8.3.1/thumb/v7e-m/nofp/crti.o
LOAD c:/progra~2/gnutoo~1/82019-~1/bin/../lib/gcc/arm-none-eabi/8.3.1/thumb/v7e-m/nofp/crtbegin.o
LOAD c:/progra~2/gnutoo~1/82019-~1/bin/../lib/gcc/arm-none-eabi/8.3.1/../../../../arm-none-eabi/lib/thumb/v7e-m/nofp/crt0.o
LOAD CMakeFiles/STMDisplay.elf.dir/Drivers/STM32F4xx_HAL_Driver/Src/stm32f4xx_hal.c.obj
LOAD CMakeFiles/STMDisplay.elf.dir/Drivers/STM32F4xx_HAL_Driver/Src/stm32f4xx_hal_cortex.c.obj
LOAD CMakeFiles/STMDisplay.elf.dir/Drivers/STM32F4xx_HAL_Driver/Src/stm32f4xx_hal_dma.c.obj
LOAD CMakeFiles/STMDisplay.elf.dir/Drivers/STM32F4xx_HAL_Driver/Src/stm32f4xx_hal_dma2d.c.obj
LOAD CMakeFiles/STMDisplay.elf.dir/Drivers/STM32F4xx_HAL_Driver/Src/stm32f4xx_hal_dma_ex.c.obj
LOAD CMakeFiles/STMDisplay.elf.dir/Drivers/STM32F4xx_HAL_Driver/Src/stm32f4xx_hal_dsi.c.obj
LOAD CMakeFiles/STMDisplay.elf.dir/Drivers/STM32F4xx_HAL_Driver/Src/stm32f4xx_hal_exti.c.obj
LOAD CMakeFiles/STMDisplay.elf.dir/Drivers/STM32F4xx_HAL_Driver/Src/stm32f4xx_hal_flash.c.obj
LOAD CMakeFiles/STMDisplay.elf.dir/Drivers/STM32F4xx_HAL_Driver/Src/stm32f4xx_hal_flash_ex.c.obj
LOAD CMakeFiles/STMDisplay.elf.dir/Drivers/STM32F4xx_HAL_Driver/Src/stm32f4xx_hal_flash_ramfunc.c.obj
LOAD CMakeFiles/STMDisplay.elf.dir/Drivers/STM32F4xx_HAL_Driver/Src/stm32f4xx_hal_gpio.c.obj
LOAD CMakeFiles/STMDisplay.elf.dir/Drivers/STM32F4xx_HAL_Driver/Src/stm32f4xx_hal_i2c.c.obj
LOAD CMakeFiles/STMDisplay.elf.dir/Drivers/STM32F4xx_HAL_Driver/Src/stm32f4xx_hal_i2c_ex.c.obj
LOAD CMakeFiles/STMDisplay.elf.dir/Drivers/STM32F4xx_HAL_Driver/Src/stm32f4xx_hal_ltdc.c.obj
LOAD CMakeFiles/STMDisplay.elf.dir/Drivers/STM32F4xx_HAL_Driver/Src/stm32f4xx_hal_ltdc_ex.c.obj
LOAD CMakeFiles/STMDisplay.elf.dir/Drivers/STM32F4xx_HAL_Driver/Src/stm32f4xx_hal_pwr.c.obj
LOAD CMakeFiles/STMDisplay.elf.dir/Drivers/STM32F4xx_HAL_Driver/Src/stm32f4xx_hal_pwr_ex.c.obj
LOAD CMakeFiles/STMDisplay.elf.dir/Drivers/STM32F4xx_HAL_Driver/Src/stm32f4xx_hal_rcc.c.obj
LOAD CMakeFiles/STMDisplay.elf.dir/Drivers/STM32F4xx_HAL_Driver/Src/stm32f4xx_hal_rcc_ex.c.obj
LOAD CMakeFiles/STMDisplay.elf.dir/Drivers/STM32F4xx_HAL_Driver/Src/stm32f4xx_hal_sdram.c.obj
LOAD CMakeFiles/STMDisplay.elf.dir/Drivers/STM32F4xx_HAL_Driver/Src/stm32f4xx_hal_spi.c.obj
LOAD CMakeFiles/STMDisplay.elf.dir/Drivers/STM32F4xx_HAL_Driver/Src/stm32f4xx_hal_tim.c.obj
LOAD CMakeFiles/STMDisplay.elf.dir/Drivers/STM32F4xx_HAL_Driver/Src/stm32f4xx_hal_tim_ex.c.obj
LOAD CMakeFiles/STMDisplay.elf.dir/Drivers/STM32F4xx_HAL_Driver/Src/stm32f4xx_ll_fmc.c.obj
LOAD CMakeFiles/STMDisplay.elf.dir/Src/main.c.obj
LOAD CMakeFiles/STMDisplay.elf.dir/Src/stm32f4xx_hal_msp.c.obj
LOAD CMakeFiles/STMDisplay.elf.dir/Src/stm32f4xx_it.c.obj
LOAD CMakeFiles/STMDisplay.elf.dir/Src/syscalls.c.obj
LOAD CMakeFiles/STMDisplay.elf.dir/Src/system_stm32f4xx.c.obj
LOAD CMakeFiles/STMDisplay.elf.dir/startup/startup_stm32f429xx.s.obj
START GROUP
LOAD c:/progra~2/gnutoo~1/82019-~1/bin/../lib/gcc/arm-none-eabi/8.3.1/thumb/v7e-m/nofp\libgcc.a
LOAD c:/progra~2/gnutoo~1/82019-~1/bin/../lib/gcc/arm-none-eabi/8.3.1/../../../../arm-none-eabi/lib/thumb/v7e-m/nofp\libg_nano.a
LOAD c:/progra~2/gnutoo~1/82019-~1/bin/../lib/gcc/arm-none-eabi/8.3.1/../../../../arm-none-eabi/lib/thumb/v7e-m/nofp\libc_nano.a
END GROUP
START GROUP
LOAD c:/progra~2/gnutoo~1/82019-~1/bin/../lib/gcc/arm-none-eabi/8.3.1/thumb/v7e-m/nofp\libgcc.a
LOAD c:/progra~2/gnutoo~1/82019-~1/bin/../lib/gcc/arm-none-eabi/8.3.1/../../../../arm-none-eabi/lib/thumb/v7e-m/nofp\libc_nano.a
LOAD c:/progra~2/gnutoo~1/82019-~1/bin/../lib/gcc/arm-none-eabi/8.3.1/../../../../arm-none-eabi/lib/thumb/v7e-m/nofp\libnosys.a
END GROUP
START GROUP
LOAD c:/progra~2/gnutoo~1/82019-~1/bin/../lib/gcc/arm-none-eabi/8.3.1/thumb/v7e-m/nofp\libgcc.a
LOAD c:/progra~2/gnutoo~1/82019-~1/bin/../lib/gcc/arm-none-eabi/8.3.1/../../../../arm-none-eabi/lib/thumb/v7e-m/nofp\libc_nano.a
LOAD c:/progra~2/gnutoo~1/82019-~1/bin/../lib/gcc/arm-none-eabi/8.3.1/../../../../arm-none-eabi/lib/thumb/v7e-m/nofp\libnosys.a
END GROUP
LOAD c:/progra~2/gnutoo~1/82019-~1/bin/../lib/gcc/arm-none-eabi/8.3.1/thumb/v7e-m/nofp/crtend.o
LOAD c:/progra~2/gnutoo~1/82019-~1/bin/../lib/gcc/arm-none-eabi/8.3.1/thumb/v7e-m/nofp/crtn.o
                0x20030000                _estack = 0x20030000
                0x00000200                _Min_Heap_Size = 0x200
                0x00000400                _Min_Stack_Size = 0x400

.isr_vector     0x08000000      0x1ac
                0x08000000                . = ALIGN (0x4)
 *(.isr_vector)
 .isr_vector    0x08000000      0x1ac CMakeFiles/STMDisplay.elf.dir/startup/startup_stm32f429xx.s.obj
                0x08000000                g_pfnVectors
                0x080001ac                . = ALIGN (0x4)

.text           0x080001ac     0x2df8
                0x080001ac                . = ALIGN (0x4)
 *(.text)
 .text          0x080001ac       0x40 c:/progra~2/gnutoo~1/82019-~1/bin/../lib/gcc/arm-none-eabi/8.3.1/thumb/v7e-m/nofp/crtbegin.o
 .text          0x080001ec       0x30 c:/progra~2/gnutoo~1/82019-~1/bin/../lib/gcc/arm-none-eabi/8.3.1/thumb/v7e-m/nofp\libgcc.a(_aeabi_uldivmod.o)
                0x080001ec                __aeabi_uldivmod
 .text          0x0800021c      0x2d0 c:/progra~2/gnutoo~1/82019-~1/bin/../lib/gcc/arm-none-eabi/8.3.1/thumb/v7e-m/nofp\libgcc.a(_udivmoddi4.o)
                0x0800021c                __udivmoddi4
 .text          0x080004ec        0x4 c:/progra~2/gnutoo~1/82019-~1/bin/../lib/gcc/arm-none-eabi/8.3.1/thumb/v7e-m/nofp\libgcc.a(_dvmd_tls.o)
                0x080004ec                __aeabi_idiv0
                0x080004ec                __aeabi_ldiv0
 *(.text*)
 .text.HAL_Init
                0x080004f0       0x44 CMakeFiles/STMDisplay.elf.dir/Drivers/STM32F4xx_HAL_Driver/Src/stm32f4xx_hal.c.obj
                0x080004f0                HAL_Init
 .text.HAL_InitTick
                0x08000534       0x60 CMakeFiles/STMDisplay.elf.dir/Drivers/STM32F4xx_HAL_Driver/Src/stm32f4xx_hal.c.obj
                0x08000534                HAL_InitTick
 .text.HAL_IncTick
                0x08000594       0x24 CMakeFiles/STMDisplay.elf.dir/Drivers/STM32F4xx_HAL_Driver/Src/stm32f4xx_hal.c.obj
                0x08000594                HAL_IncTick
 .text.HAL_GetTick
                0x080005b8       0x14 CMakeFiles/STMDisplay.elf.dir/Drivers/STM32F4xx_HAL_Driver/Src/stm32f4xx_hal.c.obj
                0x080005b8                HAL_GetTick
 .text.__NVIC_SetPriorityGrouping
                0x080005cc       0x48 CMakeFiles/STMDisplay.elf.dir/Drivers/STM32F4xx_HAL_Driver/Src/stm32f4xx_hal_cortex.c.obj
 .text.__NVIC_GetPriorityGrouping
                0x08000614       0x1c CMakeFiles/STMDisplay.elf.dir/Drivers/STM32F4xx_HAL_Driver/Src/stm32f4xx_hal_cortex.c.obj
 .text.__NVIC_SetPriority
                0x08000630       0x54 CMakeFiles/STMDisplay.elf.dir/Drivers/STM32F4xx_HAL_Driver/Src/stm32f4xx_hal_cortex.c.obj
 .text.NVIC_EncodePriority
                0x08000684       0x64 CMakeFiles/STMDisplay.elf.dir/Drivers/STM32F4xx_HAL_Driver/Src/stm32f4xx_hal_cortex.c.obj
 .text.SysTick_Config
                0x080006e8       0x44 CMakeFiles/STMDisplay.elf.dir/Drivers/STM32F4xx_HAL_Driver/Src/stm32f4xx_hal_cortex.c.obj
 .text.HAL_NVIC_SetPriorityGrouping
                0x0800072c       0x16 CMakeFiles/STMDisplay.elf.dir/Drivers/STM32F4xx_HAL_Driver/Src/stm32f4xx_hal_cortex.c.obj
                0x0800072c                HAL_NVIC_SetPriorityGrouping
 .text.HAL_NVIC_SetPriority
                0x08000742       0x38 CMakeFiles/STMDisplay.elf.dir/Drivers/STM32F4xx_HAL_Driver/Src/stm32f4xx_hal_cortex.c.obj
                0x08000742                HAL_NVIC_SetPriority
 .text.HAL_SYSTICK_Config
                0x0800077a       0x18 CMakeFiles/STMDisplay.elf.dir/Drivers/STM32F4xx_HAL_Driver/Src/stm32f4xx_hal_cortex.c.obj
                0x0800077a                HAL_SYSTICK_Config
 .text.HAL_DMA2D_Init
                0x08000792       0x92 CMakeFiles/STMDisplay.elf.dir/Drivers/STM32F4xx_HAL_Driver/Src/stm32f4xx_hal_dma2d.c.obj
                0x08000792                HAL_DMA2D_Init
 .text.HAL_DMA2D_ConfigLayer
                0x08000824      0x124 CMakeFiles/STMDisplay.elf.dir/Drivers/STM32F4xx_HAL_Driver/Src/stm32f4xx_hal_dma2d.c.obj
                0x08000824                HAL_DMA2D_ConfigLayer
 .text.HAL_GPIO_Init
                0x08000948      0x354 CMakeFiles/STMDisplay.elf.dir/Drivers/STM32F4xx_HAL_Driver/Src/stm32f4xx_hal_gpio.c.obj
                0x08000948                HAL_GPIO_Init
 .text.HAL_I2C_Init
                0x08000c9c      0x268 CMakeFiles/STMDisplay.elf.dir/Drivers/STM32F4xx_HAL_Driver/Src/stm32f4xx_hal_i2c.c.obj
                0x08000c9c                HAL_I2C_Init
 .text.HAL_I2CEx_ConfigAnalogFilter
                0x08000f04       0x76 CMakeFiles/STMDisplay.elf.dir/Drivers/STM32F4xx_HAL_Driver/Src/stm32f4xx_hal_i2c_ex.c.obj
                0x08000f04                HAL_I2CEx_ConfigAnalogFilter
 .text.HAL_I2CEx_ConfigDigitalFilter
                0x08000f7a       0x7c CMakeFiles/STMDisplay.elf.dir/Drivers/STM32F4xx_HAL_Driver/Src/stm32f4xx_hal_i2c_ex.c.obj
                0x08000f7a                HAL_I2CEx_ConfigDigitalFilter
 *fill*         0x08000ff6        0x2 
 .text.HAL_LTDC_Init
                0x08000ff8      0x1a0 CMakeFiles/STMDisplay.elf.dir/Drivers/STM32F4xx_HAL_Driver/Src/stm32f4xx_hal_ltdc.c.obj
                0x08000ff8                HAL_LTDC_Init
 .text.HAL_LTDC_ConfigLayer
                0x08001198       0x7c CMakeFiles/STMDisplay.elf.dir/Drivers/STM32F4xx_HAL_Driver/Src/stm32f4xx_hal_ltdc.c.obj
                0x08001198                HAL_LTDC_ConfigLayer
 .text.LTDC_SetConfig
                0x08001214      0x32c CMakeFiles/STMDisplay.elf.dir/Drivers/STM32F4xx_HAL_Driver/Src/stm32f4xx_hal_ltdc.c.obj
 .text.HAL_RCC_OscConfig
                0x08001540      0x484 CMakeFiles/STMDisplay.elf.dir/Drivers/STM32F4xx_HAL_Driver/Src/stm32f4xx_hal_rcc.c.obj
                0x08001540                HAL_RCC_OscConfig
 .text.HAL_RCC_ClockConfig
                0x080019c4      0x1c4 CMakeFiles/STMDisplay.elf.dir/Drivers/STM32F4xx_HAL_Driver/Src/stm32f4xx_hal_rcc.c.obj
                0x080019c4                HAL_RCC_ClockConfig
 .text.HAL_RCC_GetSysClockFreq
                0x08001b88      0x164 CMakeFiles/STMDisplay.elf.dir/Drivers/STM32F4xx_HAL_Driver/Src/stm32f4xx_hal_rcc.c.obj
                0x08001b88                HAL_RCC_GetSysClockFreq
 .text.HAL_RCC_GetHCLKFreq
                0x08001cec       0x14 CMakeFiles/STMDisplay.elf.dir/Drivers/STM32F4xx_HAL_Driver/Src/stm32f4xx_hal_rcc.c.obj
                0x08001cec                HAL_RCC_GetHCLKFreq
 .text.HAL_RCC_GetPCLK1Freq
                0x08001d00       0x28 CMakeFiles/STMDisplay.elf.dir/Drivers/STM32F4xx_HAL_Driver/Src/stm32f4xx_hal_rcc.c.obj
                0x08001d00                HAL_RCC_GetPCLK1Freq
 .text.HAL_RCCEx_PeriphCLKConfig
                0x08001d28      0x348 CMakeFiles/STMDisplay.elf.dir/Drivers/STM32F4xx_HAL_Driver/Src/stm32f4xx_hal_rcc_ex.c.obj
                0x08001d28                HAL_RCCEx_PeriphCLKConfig
 .text.HAL_SDRAM_Init
                0x08002070       0x68 CMakeFiles/STMDisplay.elf.dir/Drivers/STM32F4xx_HAL_Driver/Src/stm32f4xx_hal_sdram.c.obj
                0x08002070                HAL_SDRAM_Init
 .text.HAL_SPI_Init
                0x080020d8       0xc8 CMakeFiles/STMDisplay.elf.dir/Drivers/STM32F4xx_HAL_Driver/Src/stm32f4xx_hal_spi.c.obj
                0x080020d8                HAL_SPI_Init
 .text.FMC_SDRAM_Init
                0x080021a0       0xe4 CMakeFiles/STMDisplay.elf.dir/Drivers/STM32F4xx_HAL_Driver/Src/stm32f4xx_ll_fmc.c.obj
                0x080021a0                FMC_SDRAM_Init
 .text.FMC_SDRAM_Timing_Init
                0x08002284       0xfc CMakeFiles/STMDisplay.elf.dir/Drivers/STM32F4xx_HAL_Driver/Src/stm32f4xx_ll_fmc.c.obj
                0x08002284                FMC_SDRAM_Timing_Init
 .text.main     0x08002380       0x26 CMakeFiles/STMDisplay.elf.dir/Src/main.c.obj
                0x08002380                main
 *fill*         0x080023a6        0x2 
 .text.SystemClock_Config
                0x080023a8      0x114 CMakeFiles/STMDisplay.elf.dir/Src/main.c.obj
                0x080023a8                SystemClock_Config
 .text.MX_DMA2D_Init
                0x080024bc       0x64 CMakeFiles/STMDisplay.elf.dir/Src/main.c.obj
 .text.MX_I2C3_Init
                0x08002520       0x80 CMakeFiles/STMDisplay.elf.dir/Src/main.c.obj
 .text.MX_LTDC_Init
                0x080025a0      0x160 CMakeFiles/STMDisplay.elf.dir/Src/main.c.obj
 .text.MX_SPI5_Init
                0x08002700       0x6c CMakeFiles/STMDisplay.elf.dir/Src/main.c.obj
 .text.MX_FMC_Init
                0x0800276c       0x9c CMakeFiles/STMDisplay.elf.dir/Src/main.c.obj
 .text.MX_GPIO_Init
                0x08002808       0xd8 CMakeFiles/STMDisplay.elf.dir/Src/main.c.obj
 .text.Error_Handler
                0x080028e0        0xc CMakeFiles/STMDisplay.elf.dir/Src/main.c.obj
                0x080028e0                Error_Handler
 .text.HAL_MspInit
                0x080028ec       0x4c CMakeFiles/STMDisplay.elf.dir/Src/stm32f4xx_hal_msp.c.obj
                0x080028ec                HAL_MspInit
 .text.HAL_DMA2D_MspInit
                0x08002938       0x40 CMakeFiles/STMDisplay.elf.dir/Src/stm32f4xx_hal_msp.c.obj
                0x08002938                HAL_DMA2D_MspInit
 .text.HAL_I2C_MspInit
                0x08002978       0xd4 CMakeFiles/STMDisplay.elf.dir/Src/stm32f4xx_hal_msp.c.obj
                0x08002978                HAL_I2C_MspInit
 .text.HAL_LTDC_MspInit
                0x08002a4c      0x21c CMakeFiles/STMDisplay.elf.dir/Src/stm32f4xx_hal_msp.c.obj
                0x08002a4c                HAL_LTDC_MspInit
 .text.HAL_SPI_MspInit
                0x08002c68       0x90 CMakeFiles/STMDisplay.elf.dir/Src/stm32f4xx_hal_msp.c.obj
                0x08002c68                HAL_SPI_MspInit
 .text.HAL_FMC_MspInit
                0x08002cf8      0x124 CMakeFiles/STMDisplay.elf.dir/Src/stm32f4xx_hal_msp.c.obj
 .text.HAL_SDRAM_MspInit
                0x08002e1c       0x14 CMakeFiles/STMDisplay.elf.dir/Src/stm32f4xx_hal_msp.c.obj
                0x08002e1c                HAL_SDRAM_MspInit
 .text.NMI_Handler
                0x08002e30        0xc CMakeFiles/STMDisplay.elf.dir/Src/stm32f4xx_it.c.obj
                0x08002e30                NMI_Handler
 .text.HardFault_Handler
                0x08002e3c        0x6 CMakeFiles/STMDisplay.elf.dir/Src/stm32f4xx_it.c.obj
                0x08002e3c                HardFault_Handler
 .text.MemManage_Handler
                0x08002e42        0x6 CMakeFiles/STMDisplay.elf.dir/Src/stm32f4xx_it.c.obj
                0x08002e42                MemManage_Handler
 .text.BusFault_Handler
                0x08002e48        0x6 CMakeFiles/STMDisplay.elf.dir/Src/stm32f4xx_it.c.obj
                0x08002e48                BusFault_Handler
 .text.UsageFault_Handler
                0x08002e4e        0x6 CMakeFiles/STMDisplay.elf.dir/Src/stm32f4xx_it.c.obj
                0x08002e4e                UsageFault_Handler
 .text.SVC_Handler
                0x08002e54        0xc CMakeFiles/STMDisplay.elf.dir/Src/stm32f4xx_it.c.obj
                0x08002e54                SVC_Handler
 .text.DebugMon_Handler
                0x08002e60        0xc CMakeFiles/STMDisplay.elf.dir/Src/stm32f4xx_it.c.obj
                0x08002e60                DebugMon_Handler
 .text.PendSV_Handler
                0x08002e6c        0xc CMakeFiles/STMDisplay.elf.dir/Src/stm32f4xx_it.c.obj
                0x08002e6c                PendSV_Handler
 .text.SysTick_Handler
                0x08002e78        0xc CMakeFiles/STMDisplay.elf.dir/Src/stm32f4xx_it.c.obj
                0x08002e78                SysTick_Handler
 .text.SystemInit
                0x08002e84       0x5c CMakeFiles/STMDisplay.elf.dir/Src/system_stm32f4xx.c.obj
                0x08002e84                SystemInit
 .text.Reset_Handler
                0x08002ee0       0x50 CMakeFiles/STMDisplay.elf.dir/startup/startup_stm32f429xx.s.obj
                0x08002ee0                Reset_Handler
 .text.Default_Handler
                0x08002f30        0x2 CMakeFiles/STMDisplay.elf.dir/startup/startup_stm32f429xx.s.obj
                0x08002f30                RTC_Alarm_IRQHandler
                0x08002f30                HASH_RNG_IRQHandler
                0x08002f30                EXTI2_IRQHandler
                0x08002f30                TIM8_CC_IRQHandler
                0x08002f30                UART8_IRQHandler
                0x08002f30                SPI4_IRQHandler
                0x08002f30                TIM1_CC_IRQHandler
                0x08002f30                DMA2_Stream5_IRQHandler
                0x08002f30                DMA1_Stream5_IRQHandler
                0x08002f30                PVD_IRQHandler
                0x08002f30                SDIO_IRQHandler
                0x08002f30                TAMP_STAMP_IRQHandler
                0x08002f30                CAN2_RX1_IRQHandler
                0x08002f30                EXTI3_IRQHandler
                0x08002f30                TIM8_TRG_COM_TIM14_IRQHandler
                0x08002f30                TIM1_UP_TIM10_IRQHandler
                0x08002f30                TIM8_UP_TIM13_IRQHandler
                0x08002f30                I2C3_ER_IRQHandler
                0x08002f30                EXTI0_IRQHandler
                0x08002f30                I2C2_EV_IRQHandler
                0x08002f30                DMA1_Stream2_IRQHandler
                0x08002f30                CAN1_RX0_IRQHandler
                0x08002f30                FPU_IRQHandler
                0x08002f30                OTG_HS_WKUP_IRQHandler
                0x08002f30                LTDC_ER_IRQHandler
                0x08002f30                CAN2_SCE_IRQHandler
                0x08002f30                DMA2_Stream2_IRQHandler
                0x08002f30                SPI1_IRQHandler
                0x08002f30                TIM6_DAC_IRQHandler
                0x08002f30                TIM1_BRK_TIM9_IRQHandler
                0x08002f30                DCMI_IRQHandler
                0x08002f30                CAN2_RX0_IRQHandler
                0x08002f30                DMA2_Stream3_IRQHandler
                0x08002f30                USART6_IRQHandler
                0x08002f30                USART3_IRQHandler
                0x08002f30                CAN1_RX1_IRQHandler
                0x08002f30                UART5_IRQHandler
                0x08002f30                DMA2_Stream0_IRQHandler
                0x08002f30                TIM4_IRQHandler
                0x08002f30                I2C1_EV_IRQHandler
                0x08002f30                DMA1_Stream6_IRQHandler
                0x08002f30                DMA1_Stream1_IRQHandler
                0x08002f30                UART4_IRQHandler
                0x08002f30                TIM3_IRQHandler
                0x08002f30                RCC_IRQHandler
                0x08002f30                TIM8_BRK_TIM12_IRQHandler
                0x08002f30                Default_Handler
                0x08002f30                EXTI15_10_IRQHandler
                0x08002f30                ADC_IRQHandler
                0x08002f30                DMA1_Stream7_IRQHandler
                0x08002f30                SPI5_IRQHandler
                0x08002f30                TIM7_IRQHandler
                0x08002f30                CAN2_TX_IRQHandler
                0x08002f30                TIM5_IRQHandler
                0x08002f30                DMA2_Stream7_IRQHandler
                0x08002f30                I2C3_EV_IRQHandler
                0x08002f30                EXTI9_5_IRQHandler
                0x08002f30                RTC_WKUP_IRQHandler
                0x08002f30                LTDC_IRQHandler
                0x08002f30                ETH_WKUP_IRQHandler
                0x08002f30                SPI2_IRQHandler
                0x08002f30                OTG_HS_EP1_IN_IRQHandler
                0x08002f30                DMA1_Stream0_IRQHandler
                0x08002f30                CAN1_TX_IRQHandler
                0x08002f30                EXTI4_IRQHandler
                0x08002f30                ETH_IRQHandler
                0x08002f30                OTG_HS_EP1_OUT_IRQHandler
                0x08002f30                WWDG_IRQHandler
                0x08002f30                SPI6_IRQHandler
                0x08002f30                TIM2_IRQHandler
                0x08002f30                OTG_FS_WKUP_IRQHandler
                0x08002f30                TIM1_TRG_COM_TIM11_IRQHandler
                0x08002f30                OTG_HS_IRQHandler
                0x08002f30                DMA2D_IRQHandler
                0x08002f30                EXTI1_IRQHandler
                0x08002f30                UART7_IRQHandler
                0x08002f30                USART2_IRQHandler
                0x08002f30                I2C2_ER_IRQHandler
                0x08002f30                DMA2_Stream1_IRQHandler
                0x08002f30                CAN1_SCE_IRQHandler
                0x08002f30                FLASH_IRQHandler
                0x08002f30                DMA2_Stream4_IRQHandler
                0x08002f30                USART1_IRQHandler
                0x08002f30                OTG_FS_IRQHandler
                0x08002f30                SPI3_IRQHandler
                0x08002f30                DMA1_Stream4_IRQHandler
                0x08002f30                I2C1_ER_IRQHandler
                0x08002f30                FMC_IRQHandler
                0x08002f30                DMA2_Stream6_IRQHandler
                0x08002f30                SAI1_IRQHandler
                0x08002f30                DMA1_Stream3_IRQHandler
 *fill*         0x08002f32        0x2 
 .text.__libc_init_array
                0x08002f34       0x48 c:/progra~2/gnutoo~1/82019-~1/bin/../lib/gcc/arm-none-eabi/8.3.1/../../../../arm-none-eabi/lib/thumb/v7e-m/nofp\libg_nano.a(lib_a-init.o)
                0x08002f34                __libc_init_array
 .text.memset   0x08002f7c       0x10 c:/progra~2/gnutoo~1/82019-~1/bin/../lib/gcc/arm-none-eabi/8.3.1/../../../../arm-none-eabi/lib/thumb/v7e-m/nofp\libg_nano.a(lib_a-memset.o)
                0x08002f7c                memset
 *(.glue_7)
 .glue_7        0x08002f8c        0x0 linker stubs
 *(.glue_7t)
 .glue_7t       0x08002f8c        0x0 linker stubs
 *(.eh_frame)
 .eh_frame      0x08002f8c        0x0 c:/progra~2/gnutoo~1/82019-~1/bin/../lib/gcc/arm-none-eabi/8.3.1/thumb/v7e-m/nofp/crtbegin.o
 *(.init)
 .init          0x08002f8c        0x4 c:/progra~2/gnutoo~1/82019-~1/bin/../lib/gcc/arm-none-eabi/8.3.1/thumb/v7e-m/nofp/crti.o
                0x08002f8c                _init
 .init          0x08002f90        0x8 c:/progra~2/gnutoo~1/82019-~1/bin/../lib/gcc/arm-none-eabi/8.3.1/thumb/v7e-m/nofp/crtn.o
 *(.fini)
 .fini          0x08002f98        0x4 c:/progra~2/gnutoo~1/82019-~1/bin/../lib/gcc/arm-none-eabi/8.3.1/thumb/v7e-m/nofp/crti.o
                0x08002f98                _fini
 .fini          0x08002f9c        0x8 c:/progra~2/gnutoo~1/82019-~1/bin/../lib/gcc/arm-none-eabi/8.3.1/thumb/v7e-m/nofp/crtn.o
                0x08002fa4                . = ALIGN (0x4)
                0x08002fa4                _etext = .

.vfp11_veneer   0x08002fa4        0x0
 .vfp11_veneer  0x08002fa4        0x0 linker stubs

.v4_bx          0x08002fa4        0x0
 .v4_bx         0x08002fa4        0x0 linker stubs

.iplt           0x08002fa4        0x0
 .iplt          0x08002fa4        0x0 c:/progra~2/gnutoo~1/82019-~1/bin/../lib/gcc/arm-none-eabi/8.3.1/thumb/v7e-m/nofp/crtbegin.o

.rodata         0x08002fa4       0x18
                0x08002fa4                . = ALIGN (0x4)
 *(.rodata)
 *(.rodata*)
 .rodata.AHBPrescTable
                0x08002fa4       0x10 CMakeFiles/STMDisplay.elf.dir/Src/system_stm32f4xx.c.obj
                0x08002fa4                AHBPrescTable
 .rodata.APBPrescTable
                0x08002fb4        0x8 CMakeFiles/STMDisplay.elf.dir/Src/system_stm32f4xx.c.obj
                0x08002fb4                APBPrescTable
                0x08002fbc                . = ALIGN (0x4)

.ARM.extab
 *(.ARM.extab* .gnu.linkonce.armextab.*)

.ARM            0x08002fbc        0x8
                0x08002fbc                __exidx_start = .
 *(.ARM.exidx*)
 .ARM.exidx     0x08002fbc        0x8 c:/progra~2/gnutoo~1/82019-~1/bin/../lib/gcc/arm-none-eabi/8.3.1/thumb/v7e-m/nofp\libgcc.a(_udivmoddi4.o)
                0x08002fc4                __exidx_end = .

.rel.dyn        0x08002fc4        0x0
 .rel.iplt      0x08002fc4        0x0 c:/progra~2/gnutoo~1/82019-~1/bin/../lib/gcc/arm-none-eabi/8.3.1/thumb/v7e-m/nofp/crtbegin.o

.preinit_array  0x08002fc4        0x0
                0x08002fc4                PROVIDE (__preinit_array_start = .)
 *(.preinit_array*)
                0x08002fc4                PROVIDE (__preinit_array_end = .)

.init_array     0x08002fc4        0x4
                0x08002fc4                PROVIDE (__init_array_start = .)
 *(SORT_BY_NAME(.init_array.*))
 *(.init_array*)
 .init_array    0x08002fc4        0x4 c:/progra~2/gnutoo~1/82019-~1/bin/../lib/gcc/arm-none-eabi/8.3.1/thumb/v7e-m/nofp/crtbegin.o
                0x08002fc8                PROVIDE (__init_array_end = .)

.fini_array     0x08002fc8        0x4
                [!provide]                PROVIDE (__fini_array_start = .)
 *(SORT_BY_NAME(.fini_array.*))
 *(.fini_array*)
 .fini_array    0x08002fc8        0x4 c:/progra~2/gnutoo~1/82019-~1/bin/../lib/gcc/arm-none-eabi/8.3.1/thumb/v7e-m/nofp/crtbegin.o
                [!provide]                PROVIDE (__fini_array_end = .)
                0x08002fcc                _sidata = LOADADDR (.data)

.data           0x20000000        0xc load address 0x08002fcc
                0x20000000                . = ALIGN (0x4)
                0x20000000                _sdata = .
 *(.data)
 *(.data*)
 .data.uwTickPrio
                0x20000000        0x4 CMakeFiles/STMDisplay.elf.dir/Drivers/STM32F4xx_HAL_Driver/Src/stm32f4xx_hal.c.obj
                0x20000000                uwTickPrio
 .data.uwTickFreq
                0x20000004        0x1 CMakeFiles/STMDisplay.elf.dir/Drivers/STM32F4xx_HAL_Driver/Src/stm32f4xx_hal.c.obj
                0x20000004                uwTickFreq
 *fill*         0x20000005        0x3 
 .data.SystemCoreClock
                0x20000008        0x4 CMakeFiles/STMDisplay.elf.dir/Src/system_stm32f4xx.c.obj
                0x20000008                SystemCoreClock
                0x2000000c                . = ALIGN (0x4)
                0x2000000c                _edata = .
                0x08002fd8                _siccmram = LOADADDR (.ccmram)

.igot.plt       0x2000000c        0x0 load address 0x08002fd8
 .igot.plt      0x2000000c        0x0 c:/progra~2/gnutoo~1/82019-~1/bin/../lib/gcc/arm-none-eabi/8.3.1/thumb/v7e-m/nofp/crtbegin.o

.ccmram         0x10000000        0x0 load address 0x08002fd8
                0x10000000                . = ALIGN (0x4)
                0x10000000                _sccmram = .
 *(.ccmram)
 *(.ccmram*)
                0x10000000                . = ALIGN (0x4)
                0x10000000                _eccmram = .
                0x10000000                . = ALIGN (0x4)

.bss            0x2000000c      0x1ec
                0x2000000c                _sbss = .
                0x2000000c                __bss_start__ = _sbss
 *(.bss)
 .bss           0x2000000c       0x1c c:/progra~2/gnutoo~1/82019-~1/bin/../lib/gcc/arm-none-eabi/8.3.1/thumb/v7e-m/nofp/crtbegin.o
 *(.bss*)
 .bss.uwTick    0x20000028        0x4 CMakeFiles/STMDisplay.elf.dir/Drivers/STM32F4xx_HAL_Driver/Src/stm32f4xx_hal.c.obj
                0x20000028                uwTick
 .bss.hdma2d    0x2000002c       0x40 CMakeFiles/STMDisplay.elf.dir/Src/main.c.obj
                0x2000002c                hdma2d
 .bss.hi2c3     0x2000006c       0x54 CMakeFiles/STMDisplay.elf.dir/Src/main.c.obj
                0x2000006c                hi2c3
 .bss.hltdc     0x200000c0       0xa8 CMakeFiles/STMDisplay.elf.dir/Src/main.c.obj
                0x200000c0                hltdc
 .bss.hspi5     0x20000168       0x58 CMakeFiles/STMDisplay.elf.dir/Src/main.c.obj
                0x20000168                hspi5
 .bss.hsdram1   0x200001c0       0x34 CMakeFiles/STMDisplay.elf.dir/Src/main.c.obj
                0x200001c0                hsdram1
 .bss.FMC_Initialized
                0x200001f4        0x4 CMakeFiles/STMDisplay.elf.dir/Src/stm32f4xx_hal_msp.c.obj
 *(COMMON)
                0x200001f8                . = ALIGN (0x4)
                0x200001f8                _ebss = .
                0x200001f8                __bss_end__ = _ebss

._user_heap_stack
                0x200001f8      0x600
                0x200001f8                . = ALIGN (0x8)
                0x200001f8                PROVIDE (end = .)
                [!provide]                PROVIDE (_end = .)
                0x200003f8                . = (. + _Min_Heap_Size)
 *fill*         0x200001f8      0x200 
                0x200007f8                . = (. + _Min_Stack_Size)
 *fill*         0x200003f8      0x400 
                0x200007f8                . = ALIGN (0x8)

/DISCARD/
 libc.a(*)
 libm.a(*)
 libgcc.a(*)

.ARM.attributes
                0x00000000       0x2a
 *(.ARM.attributes)
 .ARM.attributes
                0x00000000       0x1e c:/progra~2/gnutoo~1/82019-~1/bin/../lib/gcc/arm-none-eabi/8.3.1/thumb/v7e-m/nofp/crti.o
 .ARM.attributes
                0x0000001e       0x2e c:/progra~2/gnutoo~1/82019-~1/bin/../lib/gcc/arm-none-eabi/8.3.1/thumb/v7e-m/nofp/crtbegin.o
 .ARM.attributes
                0x0000004c       0x2e CMakeFiles/STMDisplay.elf.dir/Drivers/STM32F4xx_HAL_Driver/Src/stm32f4xx_hal.c.obj
 .ARM.attributes
                0x0000007a       0x2e CMakeFiles/STMDisplay.elf.dir/Drivers/STM32F4xx_HAL_Driver/Src/stm32f4xx_hal_cortex.c.obj
 .ARM.attributes
                0x000000a8       0x2e CMakeFiles/STMDisplay.elf.dir/Drivers/STM32F4xx_HAL_Driver/Src/stm32f4xx_hal_dma2d.c.obj
 .ARM.attributes
                0x000000d6       0x2e CMakeFiles/STMDisplay.elf.dir/Drivers/STM32F4xx_HAL_Driver/Src/stm32f4xx_hal_gpio.c.obj
 .ARM.attributes
                0x00000104       0x2e CMakeFiles/STMDisplay.elf.dir/Drivers/STM32F4xx_HAL_Driver/Src/stm32f4xx_hal_i2c.c.obj
 .ARM.attributes
                0x00000132       0x2e CMakeFiles/STMDisplay.elf.dir/Drivers/STM32F4xx_HAL_Driver/Src/stm32f4xx_hal_i2c_ex.c.obj
 .ARM.attributes
                0x00000160       0x2e CMakeFiles/STMDisplay.elf.dir/Drivers/STM32F4xx_HAL_Driver/Src/stm32f4xx_hal_ltdc.c.obj
 .ARM.attributes
                0x0000018e       0x2e CMakeFiles/STMDisplay.elf.dir/Drivers/STM32F4xx_HAL_Driver/Src/stm32f4xx_hal_rcc.c.obj
 .ARM.attributes
                0x000001bc       0x2e CMakeFiles/STMDisplay.elf.dir/Drivers/STM32F4xx_HAL_Driver/Src/stm32f4xx_hal_rcc_ex.c.obj
 .ARM.attributes
                0x000001ea       0x2e CMakeFiles/STMDisplay.elf.dir/Drivers/STM32F4xx_HAL_Driver/Src/stm32f4xx_hal_sdram.c.obj
 .ARM.attributes
                0x00000218       0x2e CMakeFiles/STMDisplay.elf.dir/Drivers/STM32F4xx_HAL_Driver/Src/stm32f4xx_hal_spi.c.obj
 .ARM.attributes
                0x00000246       0x2e CMakeFiles/STMDisplay.elf.dir/Drivers/STM32F4xx_HAL_Driver/Src/stm32f4xx_ll_fmc.c.obj
 .ARM.attributes
                0x00000274       0x2e CMakeFiles/STMDisplay.elf.dir/Src/main.c.obj
 .ARM.attributes
                0x000002a2       0x2e CMakeFiles/STMDisplay.elf.dir/Src/stm32f4xx_hal_msp.c.obj
 .ARM.attributes
                0x000002d0       0x2e CMakeFiles/STMDisplay.elf.dir/Src/stm32f4xx_it.c.obj
 .ARM.attributes
                0x000002fe       0x2e CMakeFiles/STMDisplay.elf.dir/Src/system_stm32f4xx.c.obj
 .ARM.attributes
                0x0000032c       0x21 CMakeFiles/STMDisplay.elf.dir/startup/startup_stm32f429xx.s.obj
 .ARM.attributes
                0x0000034d       0x1e c:/progra~2/gnutoo~1/82019-~1/bin/../lib/gcc/arm-none-eabi/8.3.1/thumb/v7e-m/nofp\libgcc.a(_aeabi_uldivmod.o)
 .ARM.attributes
                0x0000036b       0x2e c:/progra~2/gnutoo~1/82019-~1/bin/../lib/gcc/arm-none-eabi/8.3.1/thumb/v7e-m/nofp\libgcc.a(_udivmoddi4.o)
 .ARM.attributes
                0x00000399       0x1e c:/progra~2/gnutoo~1/82019-~1/bin/../lib/gcc/arm-none-eabi/8.3.1/thumb/v7e-m/nofp\libgcc.a(_dvmd_tls.o)
 .ARM.attributes
                0x000003b7       0x2e c:/progra~2/gnutoo~1/82019-~1/bin/../lib/gcc/arm-none-eabi/8.3.1/../../../../arm-none-eabi/lib/thumb/v7e-m/nofp\libg_nano.a(lib_a-init.o)
 .ARM.attributes
                0x000003e5       0x2e c:/progra~2/gnutoo~1/82019-~1/bin/../lib/gcc/arm-none-eabi/8.3.1/../../../../arm-none-eabi/lib/thumb/v7e-m/nofp\libg_nano.a(lib_a-memset.o)
 .ARM.attributes
                0x00000413       0x1e c:/progra~2/gnutoo~1/82019-~1/bin/../lib/gcc/arm-none-eabi/8.3.1/thumb/v7e-m/nofp/crtn.o
OUTPUT(STMDisplay.elf elf32-littlearm)

.debug_info     0x00000000     0xe974
 .debug_info    0x00000000      0x9f7 CMakeFiles/STMDisplay.elf.dir/Drivers/STM32F4xx_HAL_Driver/Src/stm32f4xx_hal.c.obj
 .debug_info    0x000009f7      0xeab CMakeFiles/STMDisplay.elf.dir/Drivers/STM32F4xx_HAL_Driver/Src/stm32f4xx_hal_cortex.c.obj
 .debug_info    0x000018a2      0xf59 CMakeFiles/STMDisplay.elf.dir/Drivers/STM32F4xx_HAL_Driver/Src/stm32f4xx_hal_dma2d.c.obj
 .debug_info    0x000027fb      0x7e8 CMakeFiles/STMDisplay.elf.dir/Drivers/STM32F4xx_HAL_Driver/Src/stm32f4xx_hal_gpio.c.obj
 .debug_info    0x00002fe3     0x251f CMakeFiles/STMDisplay.elf.dir/Drivers/STM32F4xx_HAL_Driver/Src/stm32f4xx_hal_i2c.c.obj
 .debug_info    0x00005502      0x72c CMakeFiles/STMDisplay.elf.dir/Drivers/STM32F4xx_HAL_Driver/Src/stm32f4xx_hal_i2c_ex.c.obj
 .debug_info    0x00005c2e     0x11a3 CMakeFiles/STMDisplay.elf.dir/Drivers/STM32F4xx_HAL_Driver/Src/stm32f4xx_hal_ltdc.c.obj
 .debug_info    0x00006dd1      0x941 CMakeFiles/STMDisplay.elf.dir/Drivers/STM32F4xx_HAL_Driver/Src/stm32f4xx_hal_rcc.c.obj
 .debug_info    0x00007712      0x6c1 CMakeFiles/STMDisplay.elf.dir/Drivers/STM32F4xx_HAL_Driver/Src/stm32f4xx_hal_rcc_ex.c.obj
 .debug_info    0x00007dd3      0xcf6 CMakeFiles/STMDisplay.elf.dir/Drivers/STM32F4xx_HAL_Driver/Src/stm32f4xx_hal_sdram.c.obj
 .debug_info    0x00008ac9     0x171e CMakeFiles/STMDisplay.elf.dir/Drivers/STM32F4xx_HAL_Driver/Src/stm32f4xx_hal_spi.c.obj
 .debug_info    0x0000a1e7      0xf95 CMakeFiles/STMDisplay.elf.dir/Drivers/STM32F4xx_HAL_Driver/Src/stm32f4xx_ll_fmc.c.obj
 .debug_info    0x0000b17c     0x18ad CMakeFiles/STMDisplay.elf.dir/Src/main.c.obj
 .debug_info    0x0000ca29     0x1810 CMakeFiles/STMDisplay.elf.dir/Src/stm32f4xx_hal_msp.c.obj
 .debug_info    0x0000e239      0x1bb CMakeFiles/STMDisplay.elf.dir/Src/stm32f4xx_it.c.obj
 .debug_info    0x0000e3f4      0x55e CMakeFiles/STMDisplay.elf.dir/Src/system_stm32f4xx.c.obj
 .debug_info    0x0000e952       0x22 CMakeFiles/STMDisplay.elf.dir/startup/startup_stm32f429xx.s.obj

.debug_abbrev   0x00000000     0x205c
 .debug_abbrev  0x00000000      0x1ee CMakeFiles/STMDisplay.elf.dir/Drivers/STM32F4xx_HAL_Driver/Src/stm32f4xx_hal.c.obj
 .debug_abbrev  0x000001ee      0x339 CMakeFiles/STMDisplay.elf.dir/Drivers/STM32F4xx_HAL_Driver/Src/stm32f4xx_hal_cortex.c.obj
 .debug_abbrev  0x00000527      0x23c CMakeFiles/STMDisplay.elf.dir/Drivers/STM32F4xx_HAL_Driver/Src/stm32f4xx_hal_dma2d.c.obj
 .debug_abbrev  0x00000763      0x1ee CMakeFiles/STMDisplay.elf.dir/Drivers/STM32F4xx_HAL_Driver/Src/stm32f4xx_hal_gpio.c.obj
 .debug_abbrev  0x00000951      0x27f CMakeFiles/STMDisplay.elf.dir/Drivers/STM32F4xx_HAL_Driver/Src/stm32f4xx_hal_i2c.c.obj
 .debug_abbrev  0x00000bd0      0x188 CMakeFiles/STMDisplay.elf.dir/Drivers/STM32F4xx_HAL_Driver/Src/stm32f4xx_hal_i2c_ex.c.obj
 .debug_abbrev  0x00000d58      0x236 CMakeFiles/STMDisplay.elf.dir/Drivers/STM32F4xx_HAL_Driver/Src/stm32f4xx_hal_ltdc.c.obj
 .debug_abbrev  0x00000f8e      0x272 CMakeFiles/STMDisplay.elf.dir/Drivers/STM32F4xx_HAL_Driver/Src/stm32f4xx_hal_rcc.c.obj
 .debug_abbrev  0x00001200      0x18c CMakeFiles/STMDisplay.elf.dir/Drivers/STM32F4xx_HAL_Driver/Src/stm32f4xx_hal_rcc_ex.c.obj
 .debug_abbrev  0x0000138c      0x21e CMakeFiles/STMDisplay.elf.dir/Drivers/STM32F4xx_HAL_Driver/Src/stm32f4xx_hal_sdram.c.obj
 .debug_abbrev  0x000015aa      0x26b CMakeFiles/STMDisplay.elf.dir/Drivers/STM32F4xx_HAL_Driver/Src/stm32f4xx_hal_spi.c.obj
 .debug_abbrev  0x00001815      0x1ab CMakeFiles/STMDisplay.elf.dir/Drivers/STM32F4xx_HAL_Driver/Src/stm32f4xx_ll_fmc.c.obj
 .debug_abbrev  0x000019c0      0x25c CMakeFiles/STMDisplay.elf.dir/Src/main.c.obj
 .debug_abbrev  0x00001c1c      0x255 CMakeFiles/STMDisplay.elf.dir/Src/stm32f4xx_hal_msp.c.obj
 .debug_abbrev  0x00001e71       0xb3 CMakeFiles/STMDisplay.elf.dir/Src/stm32f4xx_it.c.obj
 .debug_abbrev  0x00001f24      0x126 CMakeFiles/STMDisplay.elf.dir/Src/system_stm32f4xx.c.obj
 .debug_abbrev  0x0000204a       0x12 CMakeFiles/STMDisplay.elf.dir/startup/startup_stm32f429xx.s.obj

.debug_aranges  0x00000000      0xd88
 .debug_aranges
                0x00000000      0x100 CMakeFiles/STMDisplay.elf.dir/Drivers/STM32F4xx_HAL_Driver/Src/stm32f4xx_hal.c.obj
 .debug_aranges
                0x00000100      0x118 CMakeFiles/STMDisplay.elf.dir/Drivers/STM32F4xx_HAL_Driver/Src/stm32f4xx_hal_cortex.c.obj
 .debug_aranges
                0x00000218      0x108 CMakeFiles/STMDisplay.elf.dir/Drivers/STM32F4xx_HAL_Driver/Src/stm32f4xx_hal_dma2d.c.obj
 .debug_aranges
                0x00000320       0x58 CMakeFiles/STMDisplay.elf.dir/Drivers/STM32F4xx_HAL_Driver/Src/stm32f4xx_hal_gpio.c.obj
 .debug_aranges
                0x00000378      0x290 CMakeFiles/STMDisplay.elf.dir/Drivers/STM32F4xx_HAL_Driver/Src/stm32f4xx_hal_i2c.c.obj
 .debug_aranges
                0x00000608       0x28 CMakeFiles/STMDisplay.elf.dir/Drivers/STM32F4xx_HAL_Driver/Src/stm32f4xx_hal_i2c_ex.c.obj
 .debug_aranges
                0x00000630      0x158 CMakeFiles/STMDisplay.elf.dir/Drivers/STM32F4xx_HAL_Driver/Src/stm32f4xx_hal_ltdc.c.obj
 .debug_aranges
                0x00000788       0x88 CMakeFiles/STMDisplay.elf.dir/Drivers/STM32F4xx_HAL_Driver/Src/stm32f4xx_hal_rcc.c.obj
 .debug_aranges
                0x00000810       0x58 CMakeFiles/STMDisplay.elf.dir/Drivers/STM32F4xx_HAL_Driver/Src/stm32f4xx_hal_rcc_ex.c.obj
 .debug_aranges
                0x00000868       0xd0 CMakeFiles/STMDisplay.elf.dir/Drivers/STM32F4xx_HAL_Driver/Src/stm32f4xx_hal_sdram.c.obj
 .debug_aranges
                0x00000938      0x1d0 CMakeFiles/STMDisplay.elf.dir/Drivers/STM32F4xx_HAL_Driver/Src/stm32f4xx_hal_spi.c.obj
 .debug_aranges
                0x00000b08       0xf0 CMakeFiles/STMDisplay.elf.dir/Drivers/STM32F4xx_HAL_Driver/Src/stm32f4xx_ll_fmc.c.obj
 .debug_aranges
                0x00000bf8       0x60 CMakeFiles/STMDisplay.elf.dir/Src/main.c.obj
 .debug_aranges
                0x00000c58       0x80 CMakeFiles/STMDisplay.elf.dir/Src/stm32f4xx_hal_msp.c.obj
 .debug_aranges
                0x00000cd8       0x60 CMakeFiles/STMDisplay.elf.dir/Src/stm32f4xx_it.c.obj
 .debug_aranges
                0x00000d38       0x28 CMakeFiles/STMDisplay.elf.dir/Src/system_stm32f4xx.c.obj
 .debug_aranges
                0x00000d60       0x28 CMakeFiles/STMDisplay.elf.dir/startup/startup_stm32f429xx.s.obj

.debug_ranges   0x00000000      0xca0
 .debug_ranges  0x00000000       0xf0 CMakeFiles/STMDisplay.elf.dir/Drivers/STM32F4xx_HAL_Driver/Src/stm32f4xx_hal.c.obj
 .debug_ranges  0x000000f0      0x108 CMakeFiles/STMDisplay.elf.dir/Drivers/STM32F4xx_HAL_Driver/Src/stm32f4xx_hal_cortex.c.obj
 .debug_ranges  0x000001f8       0xf8 CMakeFiles/STMDisplay.elf.dir/Drivers/STM32F4xx_HAL_Driver/Src/stm32f4xx_hal_dma2d.c.obj
 .debug_ranges  0x000002f0       0x48 CMakeFiles/STMDisplay.elf.dir/Drivers/STM32F4xx_HAL_Driver/Src/stm32f4xx_hal_gpio.c.obj
 .debug_ranges  0x00000338      0x2a0 CMakeFiles/STMDisplay.elf.dir/Drivers/STM32F4xx_HAL_Driver/Src/stm32f4xx_hal_i2c.c.obj
 .debug_ranges  0x000005d8       0x18 CMakeFiles/STMDisplay.elf.dir/Drivers/STM32F4xx_HAL_Driver/Src/stm32f4xx_hal_i2c_ex.c.obj
 .debug_ranges  0x000005f0      0x148 CMakeFiles/STMDisplay.elf.dir/Drivers/STM32F4xx_HAL_Driver/Src/stm32f4xx_hal_ltdc.c.obj
 .debug_ranges  0x00000738       0x78 CMakeFiles/STMDisplay.elf.dir/Drivers/STM32F4xx_HAL_Driver/Src/stm32f4xx_hal_rcc.c.obj
 .debug_ranges  0x000007b0       0x48 CMakeFiles/STMDisplay.elf.dir/Drivers/STM32F4xx_HAL_Driver/Src/stm32f4xx_hal_rcc_ex.c.obj
 .debug_ranges  0x000007f8       0xc0 CMakeFiles/STMDisplay.elf.dir/Drivers/STM32F4xx_HAL_Driver/Src/stm32f4xx_hal_sdram.c.obj
 .debug_ranges  0x000008b8      0x1c0 CMakeFiles/STMDisplay.elf.dir/Drivers/STM32F4xx_HAL_Driver/Src/stm32f4xx_hal_spi.c.obj
 .debug_ranges  0x00000a78       0xe0 CMakeFiles/STMDisplay.elf.dir/Drivers/STM32F4xx_HAL_Driver/Src/stm32f4xx_ll_fmc.c.obj
 .debug_ranges  0x00000b58       0x50 CMakeFiles/STMDisplay.elf.dir/Src/main.c.obj
 .debug_ranges  0x00000ba8       0x70 CMakeFiles/STMDisplay.elf.dir/Src/stm32f4xx_hal_msp.c.obj
 .debug_ranges  0x00000c18       0x50 CMakeFiles/STMDisplay.elf.dir/Src/stm32f4xx_it.c.obj
 .debug_ranges  0x00000c68       0x18 CMakeFiles/STMDisplay.elf.dir/Src/system_stm32f4xx.c.obj
 .debug_ranges  0x00000c80       0x20 CMakeFiles/STMDisplay.elf.dir/startup/startup_stm32f429xx.s.obj

.debug_line     0x00000000     0xae37
 .debug_line    0x00000000      0x540 CMakeFiles/STMDisplay.elf.dir/Drivers/STM32F4xx_HAL_Driver/Src/stm32f4xx_hal.c.obj
 .debug_line    0x00000540      0x7ac CMakeFiles/STMDisplay.elf.dir/Drivers/STM32F4xx_HAL_Driver/Src/stm32f4xx_hal_cortex.c.obj
 .debug_line    0x00000cec      0xc43 CMakeFiles/STMDisplay.elf.dir/Drivers/STM32F4xx_HAL_Driver/Src/stm32f4xx_hal_dma2d.c.obj
 .debug_line    0x0000192f      0x6c6 CMakeFiles/STMDisplay.elf.dir/Drivers/STM32F4xx_HAL_Driver/Src/stm32f4xx_hal_gpio.c.obj
 .debug_line    0x00001ff5     0x31d2 CMakeFiles/STMDisplay.elf.dir/Drivers/STM32F4xx_HAL_Driver/Src/stm32f4xx_hal_i2c.c.obj
 .debug_line    0x000051c7      0x2b2 CMakeFiles/STMDisplay.elf.dir/Drivers/STM32F4xx_HAL_Driver/Src/stm32f4xx_hal_i2c_ex.c.obj
 .debug_line    0x00005479     0x121c CMakeFiles/STMDisplay.elf.dir/Drivers/STM32F4xx_HAL_Driver/Src/stm32f4xx_hal_ltdc.c.obj
 .debug_line    0x00006695      0x862 CMakeFiles/STMDisplay.elf.dir/Drivers/STM32F4xx_HAL_Driver/Src/stm32f4xx_hal_rcc.c.obj
 .debug_line    0x00006ef7      0x6d9 CMakeFiles/STMDisplay.elf.dir/Drivers/STM32F4xx_HAL_Driver/Src/stm32f4xx_hal_rcc_ex.c.obj
 .debug_line    0x000075d0      0x79f CMakeFiles/STMDisplay.elf.dir/Drivers/STM32F4xx_HAL_Driver/Src/stm32f4xx_hal_sdram.c.obj
 .debug_line    0x00007d6f     0x175e CMakeFiles/STMDisplay.elf.dir/Drivers/STM32F4xx_HAL_Driver/Src/stm32f4xx_hal_spi.c.obj
 .debug_line    0x000094cd      0x9bb CMakeFiles/STMDisplay.elf.dir/Drivers/STM32F4xx_HAL_Driver/Src/stm32f4xx_ll_fmc.c.obj
 .debug_line    0x00009e88      0x52f CMakeFiles/STMDisplay.elf.dir/Src/main.c.obj
 .debug_line    0x0000a3b7      0x556 CMakeFiles/STMDisplay.elf.dir/Src/stm32f4xx_hal_msp.c.obj
 .debug_line    0x0000a90d      0x242 CMakeFiles/STMDisplay.elf.dir/Src/stm32f4xx_it.c.obj
 .debug_line    0x0000ab4f      0x252 CMakeFiles/STMDisplay.elf.dir/Src/system_stm32f4xx.c.obj
 .debug_line    0x0000ada1       0x96 CMakeFiles/STMDisplay.elf.dir/startup/startup_stm32f429xx.s.obj

.debug_str      0x00000000     0x4604
 .debug_str     0x00000000      0xbcc CMakeFiles/STMDisplay.elf.dir/Drivers/STM32F4xx_HAL_Driver/Src/stm32f4xx_hal.c.obj
                                0xc35 (size before relaxing)
 .debug_str     0x00000bcc      0x4fd CMakeFiles/STMDisplay.elf.dir/Drivers/STM32F4xx_HAL_Driver/Src/stm32f4xx_hal_cortex.c.obj
                                0xcf7 (size before relaxing)
 .debug_str     0x000010c9      0x590 CMakeFiles/STMDisplay.elf.dir/Drivers/STM32F4xx_HAL_Driver/Src/stm32f4xx_hal_dma2d.c.obj
                                0x964 (size before relaxing)
 .debug_str     0x00001659      0x1e6 CMakeFiles/STMDisplay.elf.dir/Drivers/STM32F4xx_HAL_Driver/Src/stm32f4xx_hal_gpio.c.obj
                                0x56c (size before relaxing)
 .debug_str     0x0000183f      0xca5 CMakeFiles/STMDisplay.elf.dir/Drivers/STM32F4xx_HAL_Driver/Src/stm32f4xx_hal_i2c.c.obj
                               0x1006 (size before relaxing)
 .debug_str     0x000024e4       0x8d CMakeFiles/STMDisplay.elf.dir/Drivers/STM32F4xx_HAL_Driver/Src/stm32f4xx_hal_i2c_ex.c.obj
                                0x7e4 (size before relaxing)
 .debug_str     0x00002571      0x722 CMakeFiles/STMDisplay.elf.dir/Drivers/STM32F4xx_HAL_Driver/Src/stm32f4xx_hal_ltdc.c.obj
                                0xa2b (size before relaxing)
 .debug_str     0x00002c93      0x2f5 CMakeFiles/STMDisplay.elf.dir/Drivers/STM32F4xx_HAL_Driver/Src/stm32f4xx_hal_rcc.c.obj
                                0x718 (size before relaxing)
 .debug_str     0x00002f88      0x232 CMakeFiles/STMDisplay.elf.dir/Drivers/STM32F4xx_HAL_Driver/Src/stm32f4xx_hal_rcc_ex.c.obj
                                0x5c8 (size before relaxing)
 .debug_str     0x000031ba      0x4f9 CMakeFiles/STMDisplay.elf.dir/Drivers/STM32F4xx_HAL_Driver/Src/stm32f4xx_hal_sdram.c.obj
                                0x9cb (size before relaxing)
 .debug_str     0x000036b3      0x6ec CMakeFiles/STMDisplay.elf.dir/Drivers/STM32F4xx_HAL_Driver/Src/stm32f4xx_hal_spi.c.obj
                                0xc06 (size before relaxing)
 .debug_str     0x00003d9f      0x5b8 CMakeFiles/STMDisplay.elf.dir/Drivers/STM32F4xx_HAL_Driver/Src/stm32f4xx_ll_fmc.c.obj
                                0xa2c (size before relaxing)
 .debug_str     0x00004357       0xd8 CMakeFiles/STMDisplay.elf.dir/Src/main.c.obj
                               0x1304 (size before relaxing)
 .debug_str     0x0000442f       0x76 CMakeFiles/STMDisplay.elf.dir/Src/stm32f4xx_hal_msp.c.obj
                               0x1135 (size before relaxing)
 .debug_str     0x000044a5       0xbd CMakeFiles/STMDisplay.elf.dir/Src/stm32f4xx_it.c.obj
                                0x2bd (size before relaxing)
 .debug_str     0x00004562       0x5c CMakeFiles/STMDisplay.elf.dir/Src/system_stm32f4xx.c.obj
                                0x3d0 (size before relaxing)
 .debug_str     0x000045be       0x46 CMakeFiles/STMDisplay.elf.dir/startup/startup_stm32f429xx.s.obj
                                 0x72 (size before relaxing)

.comment        0x00000000       0x76
 .comment       0x00000000       0x76 CMakeFiles/STMDisplay.elf.dir/Drivers/STM32F4xx_HAL_Driver/Src/stm32f4xx_hal.c.obj
                                 0x77 (size before relaxing)
 .comment       0x00000076       0x77 CMakeFiles/STMDisplay.elf.dir/Drivers/STM32F4xx_HAL_Driver/Src/stm32f4xx_hal_cortex.c.obj
 .comment       0x00000076       0x77 CMakeFiles/STMDisplay.elf.dir/Drivers/STM32F4xx_HAL_Driver/Src/stm32f4xx_hal_dma2d.c.obj
 .comment       0x00000076       0x77 CMakeFiles/STMDisplay.elf.dir/Drivers/STM32F4xx_HAL_Driver/Src/stm32f4xx_hal_gpio.c.obj
 .comment       0x00000076       0x77 CMakeFiles/STMDisplay.elf.dir/Drivers/STM32F4xx_HAL_Driver/Src/stm32f4xx_hal_i2c.c.obj
 .comment       0x00000076       0x77 CMakeFiles/STMDisplay.elf.dir/Drivers/STM32F4xx_HAL_Driver/Src/stm32f4xx_hal_i2c_ex.c.obj
 .comment       0x00000076       0x77 CMakeFiles/STMDisplay.elf.dir/Drivers/STM32F4xx_HAL_Driver/Src/stm32f4xx_hal_ltdc.c.obj
 .comment       0x00000076       0x77 CMakeFiles/STMDisplay.elf.dir/Drivers/STM32F4xx_HAL_Driver/Src/stm32f4xx_hal_rcc.c.obj
 .comment       0x00000076       0x77 CMakeFiles/STMDisplay.elf.dir/Drivers/STM32F4xx_HAL_Driver/Src/stm32f4xx_hal_rcc_ex.c.obj
 .comment       0x00000076       0x77 CMakeFiles/STMDisplay.elf.dir/Drivers/STM32F4xx_HAL_Driver/Src/stm32f4xx_hal_sdram.c.obj
 .comment       0x00000076       0x77 CMakeFiles/STMDisplay.elf.dir/Drivers/STM32F4xx_HAL_Driver/Src/stm32f4xx_hal_spi.c.obj
 .comment       0x00000076       0x77 CMakeFiles/STMDisplay.elf.dir/Drivers/STM32F4xx_HAL_Driver/Src/stm32f4xx_ll_fmc.c.obj
 .comment       0x00000076       0x77 CMakeFiles/STMDisplay.elf.dir/Src/main.c.obj
 .comment       0x00000076       0x77 CMakeFiles/STMDisplay.elf.dir/Src/stm32f4xx_hal_msp.c.obj
 .comment       0x00000076       0x77 CMakeFiles/STMDisplay.elf.dir/Src/stm32f4xx_it.c.obj
 .comment       0x00000076       0x77 CMakeFiles/STMDisplay.elf.dir/Src/system_stm32f4xx.c.obj

.debug_frame    0x00000000     0x38f0
 .debug_frame   0x00000000      0x3b4 CMakeFiles/STMDisplay.elf.dir/Drivers/STM32F4xx_HAL_Driver/Src/stm32f4xx_hal.c.obj
 .debug_frame   0x000003b4      0x498 CMakeFiles/STMDisplay.elf.dir/Drivers/STM32F4xx_HAL_Driver/Src/stm32f4xx_hal_cortex.c.obj
 .debug_frame   0x0000084c      0x490 CMakeFiles/STMDisplay.elf.dir/Drivers/STM32F4xx_HAL_Driver/Src/stm32f4xx_hal_dma2d.c.obj
 .debug_frame   0x00000cdc      0x14c CMakeFiles/STMDisplay.elf.dir/Drivers/STM32F4xx_HAL_Driver/Src/stm32f4xx_hal_gpio.c.obj
 .debug_frame   0x00000e28      0xc10 CMakeFiles/STMDisplay.elf.dir/Drivers/STM32F4xx_HAL_Driver/Src/stm32f4xx_hal_i2c.c.obj
 .debug_frame   0x00001a38       0x60 CMakeFiles/STMDisplay.elf.dir/Drivers/STM32F4xx_HAL_Driver/Src/stm32f4xx_hal_i2c_ex.c.obj
 .debug_frame   0x00001a98      0x61c CMakeFiles/STMDisplay.elf.dir/Drivers/STM32F4xx_HAL_Driver/Src/stm32f4xx_hal_ltdc.c.obj
 .debug_frame   0x000020b4      0x1f0 CMakeFiles/STMDisplay.elf.dir/Drivers/STM32F4xx_HAL_Driver/Src/stm32f4xx_hal_rcc.c.obj
 .debug_frame   0x000022a4      0x13c CMakeFiles/STMDisplay.elf.dir/Drivers/STM32F4xx_HAL_Driver/Src/stm32f4xx_hal_rcc_ex.c.obj
 .debug_frame   0x000023e0      0x37c CMakeFiles/STMDisplay.elf.dir/Drivers/STM32F4xx_HAL_Driver/Src/stm32f4xx_hal_sdram.c.obj
 .debug_frame   0x0000275c      0x824 CMakeFiles/STMDisplay.elf.dir/Drivers/STM32F4xx_HAL_Driver/Src/stm32f4xx_hal_spi.c.obj
 .debug_frame   0x00002f80      0x440 CMakeFiles/STMDisplay.elf.dir/Drivers/STM32F4xx_HAL_Driver/Src/stm32f4xx_ll_fmc.c.obj
 .debug_frame   0x000033c0      0x138 CMakeFiles/STMDisplay.elf.dir/Src/main.c.obj
 .debug_frame   0x000034f8      0x1e8 CMakeFiles/STMDisplay.elf.dir/Src/stm32f4xx_hal_msp.c.obj
 .debug_frame   0x000036e0      0x10c CMakeFiles/STMDisplay.elf.dir/Src/stm32f4xx_it.c.obj
 .debug_frame   0x000037ec       0x58 CMakeFiles/STMDisplay.elf.dir/Src/system_stm32f4xx.c.obj
 .debug_frame   0x00003844       0x2c c:/progra~2/gnutoo~1/82019-~1/bin/../lib/gcc/arm-none-eabi/8.3.1/thumb/v7e-m/nofp\libgcc.a(_aeabi_uldivmod.o)
 .debug_frame   0x00003870       0x34 c:/progra~2/gnutoo~1/82019-~1/bin/../lib/gcc/arm-none-eabi/8.3.1/thumb/v7e-m/nofp\libgcc.a(_udivmoddi4.o)
 .debug_frame   0x000038a4       0x2c c:/progra~2/gnutoo~1/82019-~1/bin/../lib/gcc/arm-none-eabi/8.3.1/../../../../arm-none-eabi/lib/thumb/v7e-m/nofp\libg_nano.a(lib_a-init.o)
 .debug_frame   0x000038d0       0x20 c:/progra~2/gnutoo~1/82019-~1/bin/../lib/gcc/arm-none-eabi/8.3.1/../../../../arm-none-eabi/lib/thumb/v7e-m/nofp\libg_nano.a(lib_a-memset.o)
